ARM GAS  C:\Users\Sam\AppData\Local\Temp\ccxtwSVX.s 			page 1


   1              		.cpu cortex-m0
   2              		.fpu softvfp
   3              		.eabi_attribute 20, 1
   4              		.eabi_attribute 21, 1
   5              		.eabi_attribute 23, 3
   6              		.eabi_attribute 24, 1
   7              		.eabi_attribute 25, 1
   8              		.eabi_attribute 26, 1
   9              		.eabi_attribute 30, 6
  10              		.eabi_attribute 34, 0
  11              		.eabi_attribute 18, 4
  12              		.code	16
  13              		.file	"EncoderInterrupt.c"
  14              		.text
  15              	.Ltext0:
  16              		.cfi_sections	.debug_frame
  17              		.section	.text.EncoderInterrupt_Start,"ax",%progbits
  18              		.align	2
  19              		.global	EncoderInterrupt_Start
  20              		.code	16
  21              		.thumb_func
  22              		.type	EncoderInterrupt_Start, %function
  23              	EncoderInterrupt_Start:
  24              	.LFB0:
  25              		.file 1 ".\\Generated_Source\\PSoC4\\EncoderInterrupt.c"
   1:.\Generated_Source\PSoC4/EncoderInterrupt.c **** /*******************************************************************************
   2:.\Generated_Source\PSoC4/EncoderInterrupt.c **** * File Name: EncoderInterrupt.c  
   3:.\Generated_Source\PSoC4/EncoderInterrupt.c **** * Version 1.70
   4:.\Generated_Source\PSoC4/EncoderInterrupt.c **** *
   5:.\Generated_Source\PSoC4/EncoderInterrupt.c **** *  Description:
   6:.\Generated_Source\PSoC4/EncoderInterrupt.c **** *   API for controlling the state of an interrupt.
   7:.\Generated_Source\PSoC4/EncoderInterrupt.c **** *
   8:.\Generated_Source\PSoC4/EncoderInterrupt.c **** *
   9:.\Generated_Source\PSoC4/EncoderInterrupt.c **** *  Note:
  10:.\Generated_Source\PSoC4/EncoderInterrupt.c **** *
  11:.\Generated_Source\PSoC4/EncoderInterrupt.c **** ********************************************************************************
  12:.\Generated_Source\PSoC4/EncoderInterrupt.c **** * Copyright 2008-2012, Cypress Semiconductor Corporation.  All rights reserved.
  13:.\Generated_Source\PSoC4/EncoderInterrupt.c **** * You may use this file only in accordance with the license, terms, conditions, 
  14:.\Generated_Source\PSoC4/EncoderInterrupt.c **** * disclaimers, and limitations in the end user license agreement accompanying 
  15:.\Generated_Source\PSoC4/EncoderInterrupt.c **** * the software package with which this file was provided.
  16:.\Generated_Source\PSoC4/EncoderInterrupt.c **** *******************************************************************************/
  17:.\Generated_Source\PSoC4/EncoderInterrupt.c **** 
  18:.\Generated_Source\PSoC4/EncoderInterrupt.c **** 
  19:.\Generated_Source\PSoC4/EncoderInterrupt.c **** #include <cydevice_trm.h>
  20:.\Generated_Source\PSoC4/EncoderInterrupt.c **** #include <CyLib.h>
  21:.\Generated_Source\PSoC4/EncoderInterrupt.c **** #include <EncoderInterrupt.h>
  22:.\Generated_Source\PSoC4/EncoderInterrupt.c **** 
  23:.\Generated_Source\PSoC4/EncoderInterrupt.c **** #if !defined(EncoderInterrupt__REMOVED) /* Check for removal by optimization */
  24:.\Generated_Source\PSoC4/EncoderInterrupt.c **** 
  25:.\Generated_Source\PSoC4/EncoderInterrupt.c **** /*******************************************************************************
  26:.\Generated_Source\PSoC4/EncoderInterrupt.c **** *  Place your includes, defines and code here 
  27:.\Generated_Source\PSoC4/EncoderInterrupt.c **** ********************************************************************************/
  28:.\Generated_Source\PSoC4/EncoderInterrupt.c **** /* `#START EncoderInterrupt_intc` */
  29:.\Generated_Source\PSoC4/EncoderInterrupt.c **** 
  30:.\Generated_Source\PSoC4/EncoderInterrupt.c **** /* `#END` */
  31:.\Generated_Source\PSoC4/EncoderInterrupt.c **** 
  32:.\Generated_Source\PSoC4/EncoderInterrupt.c **** extern cyisraddress CyRamVectors[CYINT_IRQ_BASE + CY_NUM_INTERRUPTS];
ARM GAS  C:\Users\Sam\AppData\Local\Temp\ccxtwSVX.s 			page 2


  33:.\Generated_Source\PSoC4/EncoderInterrupt.c **** 
  34:.\Generated_Source\PSoC4/EncoderInterrupt.c **** /* Declared in startup, used to set unused interrupts to. */
  35:.\Generated_Source\PSoC4/EncoderInterrupt.c **** CY_ISR_PROTO(IntDefaultHandler);
  36:.\Generated_Source\PSoC4/EncoderInterrupt.c **** 
  37:.\Generated_Source\PSoC4/EncoderInterrupt.c **** 
  38:.\Generated_Source\PSoC4/EncoderInterrupt.c **** /*******************************************************************************
  39:.\Generated_Source\PSoC4/EncoderInterrupt.c **** * Function Name: EncoderInterrupt_Start
  40:.\Generated_Source\PSoC4/EncoderInterrupt.c **** ********************************************************************************
  41:.\Generated_Source\PSoC4/EncoderInterrupt.c **** *
  42:.\Generated_Source\PSoC4/EncoderInterrupt.c **** * Summary:
  43:.\Generated_Source\PSoC4/EncoderInterrupt.c **** *  Set up the interrupt and enable it.
  44:.\Generated_Source\PSoC4/EncoderInterrupt.c **** *
  45:.\Generated_Source\PSoC4/EncoderInterrupt.c **** * Parameters:  
  46:.\Generated_Source\PSoC4/EncoderInterrupt.c **** *   None
  47:.\Generated_Source\PSoC4/EncoderInterrupt.c **** *
  48:.\Generated_Source\PSoC4/EncoderInterrupt.c **** * Return:
  49:.\Generated_Source\PSoC4/EncoderInterrupt.c **** *   None
  50:.\Generated_Source\PSoC4/EncoderInterrupt.c **** *
  51:.\Generated_Source\PSoC4/EncoderInterrupt.c **** *******************************************************************************/
  52:.\Generated_Source\PSoC4/EncoderInterrupt.c **** void EncoderInterrupt_Start(void)
  53:.\Generated_Source\PSoC4/EncoderInterrupt.c **** {
  26              		.loc 1 53 0
  27              		.cfi_startproc
  28 0000 80B5     		push	{r7, lr}
  29              		.cfi_def_cfa_offset 8
  30              		.cfi_offset 7, -8
  31              		.cfi_offset 14, -4
  32 0002 00AF     		add	r7, sp, #0
  33              		.cfi_def_cfa_register 7
  54:.\Generated_Source\PSoC4/EncoderInterrupt.c ****     /* For all we know the interrupt is active. */
  55:.\Generated_Source\PSoC4/EncoderInterrupt.c ****     EncoderInterrupt_Disable();
  34              		.loc 1 55 0
  35 0004 FFF7FEFF 		bl	EncoderInterrupt_Disable
  56:.\Generated_Source\PSoC4/EncoderInterrupt.c **** 
  57:.\Generated_Source\PSoC4/EncoderInterrupt.c ****     /* Set the ISR to point to the EncoderInterrupt Interrupt. */
  58:.\Generated_Source\PSoC4/EncoderInterrupt.c ****     EncoderInterrupt_SetVector(&EncoderInterrupt_Interrupt);
  36              		.loc 1 58 0
  37 0008 054B     		ldr	r3, .L2
  38 000a 181C     		mov	r0, r3
  39 000c FFF7FEFF 		bl	EncoderInterrupt_SetVector
  59:.\Generated_Source\PSoC4/EncoderInterrupt.c **** 
  60:.\Generated_Source\PSoC4/EncoderInterrupt.c ****     /* Set the priority. */
  61:.\Generated_Source\PSoC4/EncoderInterrupt.c ****     EncoderInterrupt_SetPriority((uint8)EncoderInterrupt_INTC_PRIOR_NUMBER);
  40              		.loc 1 61 0
  41 0010 0320     		mov	r0, #3
  42 0012 FFF7FEFF 		bl	EncoderInterrupt_SetPriority
  62:.\Generated_Source\PSoC4/EncoderInterrupt.c **** 
  63:.\Generated_Source\PSoC4/EncoderInterrupt.c ****     /* Enable it. */
  64:.\Generated_Source\PSoC4/EncoderInterrupt.c ****     EncoderInterrupt_Enable();
  43              		.loc 1 64 0
  44 0016 FFF7FEFF 		bl	EncoderInterrupt_Enable
  65:.\Generated_Source\PSoC4/EncoderInterrupt.c **** }
  45              		.loc 1 65 0
  46 001a BD46     		mov	sp, r7
  47              		@ sp needed
  48 001c 80BD     		pop	{r7, pc}
  49              	.L3:
ARM GAS  C:\Users\Sam\AppData\Local\Temp\ccxtwSVX.s 			page 3


  50 001e C046     		.align	2
  51              	.L2:
  52 0020 00000000 		.word	EncoderInterrupt_Interrupt
  53              		.cfi_endproc
  54              	.LFE0:
  55              		.size	EncoderInterrupt_Start, .-EncoderInterrupt_Start
  56              		.section	.text.EncoderInterrupt_StartEx,"ax",%progbits
  57              		.align	2
  58              		.global	EncoderInterrupt_StartEx
  59              		.code	16
  60              		.thumb_func
  61              		.type	EncoderInterrupt_StartEx, %function
  62              	EncoderInterrupt_StartEx:
  63              	.LFB1:
  66:.\Generated_Source\PSoC4/EncoderInterrupt.c **** 
  67:.\Generated_Source\PSoC4/EncoderInterrupt.c **** 
  68:.\Generated_Source\PSoC4/EncoderInterrupt.c **** /*******************************************************************************
  69:.\Generated_Source\PSoC4/EncoderInterrupt.c **** * Function Name: EncoderInterrupt_StartEx
  70:.\Generated_Source\PSoC4/EncoderInterrupt.c **** ********************************************************************************
  71:.\Generated_Source\PSoC4/EncoderInterrupt.c **** *
  72:.\Generated_Source\PSoC4/EncoderInterrupt.c **** * Summary:
  73:.\Generated_Source\PSoC4/EncoderInterrupt.c **** *  Set up the interrupt and enable it.
  74:.\Generated_Source\PSoC4/EncoderInterrupt.c **** *
  75:.\Generated_Source\PSoC4/EncoderInterrupt.c **** * Parameters:  
  76:.\Generated_Source\PSoC4/EncoderInterrupt.c **** *   address: Address of the ISR to set in the interrupt vector table.
  77:.\Generated_Source\PSoC4/EncoderInterrupt.c **** *
  78:.\Generated_Source\PSoC4/EncoderInterrupt.c **** * Return:
  79:.\Generated_Source\PSoC4/EncoderInterrupt.c **** *   None
  80:.\Generated_Source\PSoC4/EncoderInterrupt.c **** *
  81:.\Generated_Source\PSoC4/EncoderInterrupt.c **** *******************************************************************************/
  82:.\Generated_Source\PSoC4/EncoderInterrupt.c **** void EncoderInterrupt_StartEx(cyisraddress address)
  83:.\Generated_Source\PSoC4/EncoderInterrupt.c **** {
  64              		.loc 1 83 0
  65              		.cfi_startproc
  66 0000 80B5     		push	{r7, lr}
  67              		.cfi_def_cfa_offset 8
  68              		.cfi_offset 7, -8
  69              		.cfi_offset 14, -4
  70 0002 82B0     		sub	sp, sp, #8
  71              		.cfi_def_cfa_offset 16
  72 0004 00AF     		add	r7, sp, #0
  73              		.cfi_def_cfa_register 7
  74 0006 7860     		str	r0, [r7, #4]
  84:.\Generated_Source\PSoC4/EncoderInterrupt.c ****     /* For all we know the interrupt is active. */
  85:.\Generated_Source\PSoC4/EncoderInterrupt.c ****     EncoderInterrupt_Disable();
  75              		.loc 1 85 0
  76 0008 FFF7FEFF 		bl	EncoderInterrupt_Disable
  86:.\Generated_Source\PSoC4/EncoderInterrupt.c **** 
  87:.\Generated_Source\PSoC4/EncoderInterrupt.c ****     /* Set the ISR to point to the EncoderInterrupt Interrupt. */
  88:.\Generated_Source\PSoC4/EncoderInterrupt.c ****     EncoderInterrupt_SetVector(address);
  77              		.loc 1 88 0
  78 000c 7B68     		ldr	r3, [r7, #4]
  79 000e 181C     		mov	r0, r3
  80 0010 FFF7FEFF 		bl	EncoderInterrupt_SetVector
  89:.\Generated_Source\PSoC4/EncoderInterrupt.c **** 
  90:.\Generated_Source\PSoC4/EncoderInterrupt.c ****     /* Set the priority. */
  91:.\Generated_Source\PSoC4/EncoderInterrupt.c ****     EncoderInterrupt_SetPriority((uint8)EncoderInterrupt_INTC_PRIOR_NUMBER);
ARM GAS  C:\Users\Sam\AppData\Local\Temp\ccxtwSVX.s 			page 4


  81              		.loc 1 91 0
  82 0014 0320     		mov	r0, #3
  83 0016 FFF7FEFF 		bl	EncoderInterrupt_SetPriority
  92:.\Generated_Source\PSoC4/EncoderInterrupt.c **** 
  93:.\Generated_Source\PSoC4/EncoderInterrupt.c ****     /* Enable it. */
  94:.\Generated_Source\PSoC4/EncoderInterrupt.c ****     EncoderInterrupt_Enable();
  84              		.loc 1 94 0
  85 001a FFF7FEFF 		bl	EncoderInterrupt_Enable
  95:.\Generated_Source\PSoC4/EncoderInterrupt.c **** }
  86              		.loc 1 95 0
  87 001e BD46     		mov	sp, r7
  88 0020 02B0     		add	sp, sp, #8
  89              		@ sp needed
  90 0022 80BD     		pop	{r7, pc}
  91              		.cfi_endproc
  92              	.LFE1:
  93              		.size	EncoderInterrupt_StartEx, .-EncoderInterrupt_StartEx
  94              		.section	.text.EncoderInterrupt_Stop,"ax",%progbits
  95              		.align	2
  96              		.global	EncoderInterrupt_Stop
  97              		.code	16
  98              		.thumb_func
  99              		.type	EncoderInterrupt_Stop, %function
 100              	EncoderInterrupt_Stop:
 101              	.LFB2:
  96:.\Generated_Source\PSoC4/EncoderInterrupt.c **** 
  97:.\Generated_Source\PSoC4/EncoderInterrupt.c **** 
  98:.\Generated_Source\PSoC4/EncoderInterrupt.c **** /*******************************************************************************
  99:.\Generated_Source\PSoC4/EncoderInterrupt.c **** * Function Name: EncoderInterrupt_Stop
 100:.\Generated_Source\PSoC4/EncoderInterrupt.c **** ********************************************************************************
 101:.\Generated_Source\PSoC4/EncoderInterrupt.c **** *
 102:.\Generated_Source\PSoC4/EncoderInterrupt.c **** * Summary:
 103:.\Generated_Source\PSoC4/EncoderInterrupt.c **** *   Disables and removes the interrupt.
 104:.\Generated_Source\PSoC4/EncoderInterrupt.c **** *
 105:.\Generated_Source\PSoC4/EncoderInterrupt.c **** * Parameters:  
 106:.\Generated_Source\PSoC4/EncoderInterrupt.c **** *
 107:.\Generated_Source\PSoC4/EncoderInterrupt.c **** * Return:
 108:.\Generated_Source\PSoC4/EncoderInterrupt.c **** *   None
 109:.\Generated_Source\PSoC4/EncoderInterrupt.c **** *
 110:.\Generated_Source\PSoC4/EncoderInterrupt.c **** *******************************************************************************/
 111:.\Generated_Source\PSoC4/EncoderInterrupt.c **** void EncoderInterrupt_Stop(void)
 112:.\Generated_Source\PSoC4/EncoderInterrupt.c **** {
 102              		.loc 1 112 0
 103              		.cfi_startproc
 104 0000 80B5     		push	{r7, lr}
 105              		.cfi_def_cfa_offset 8
 106              		.cfi_offset 7, -8
 107              		.cfi_offset 14, -4
 108 0002 00AF     		add	r7, sp, #0
 109              		.cfi_def_cfa_register 7
 113:.\Generated_Source\PSoC4/EncoderInterrupt.c ****     /* Disable this interrupt. */
 114:.\Generated_Source\PSoC4/EncoderInterrupt.c ****     EncoderInterrupt_Disable();
 110              		.loc 1 114 0
 111 0004 FFF7FEFF 		bl	EncoderInterrupt_Disable
 115:.\Generated_Source\PSoC4/EncoderInterrupt.c **** 
 116:.\Generated_Source\PSoC4/EncoderInterrupt.c ****     /* Set the ISR to point to the passive one. */
 117:.\Generated_Source\PSoC4/EncoderInterrupt.c ****     EncoderInterrupt_SetVector(&IntDefaultHandler);
ARM GAS  C:\Users\Sam\AppData\Local\Temp\ccxtwSVX.s 			page 5


 112              		.loc 1 117 0
 113 0008 024B     		ldr	r3, .L6
 114 000a 181C     		mov	r0, r3
 115 000c FFF7FEFF 		bl	EncoderInterrupt_SetVector
 118:.\Generated_Source\PSoC4/EncoderInterrupt.c **** }
 116              		.loc 1 118 0
 117 0010 BD46     		mov	sp, r7
 118              		@ sp needed
 119 0012 80BD     		pop	{r7, pc}
 120              	.L7:
 121              		.align	2
 122              	.L6:
 123 0014 00000000 		.word	IntDefaultHandler
 124              		.cfi_endproc
 125              	.LFE2:
 126              		.size	EncoderInterrupt_Stop, .-EncoderInterrupt_Stop
 127              		.section	.text.EncoderInterrupt_Interrupt,"ax",%progbits
 128              		.align	2
 129              		.global	EncoderInterrupt_Interrupt
 130              		.code	16
 131              		.thumb_func
 132              		.type	EncoderInterrupt_Interrupt, %function
 133              	EncoderInterrupt_Interrupt:
 134              	.LFB3:
 119:.\Generated_Source\PSoC4/EncoderInterrupt.c **** 
 120:.\Generated_Source\PSoC4/EncoderInterrupt.c **** 
 121:.\Generated_Source\PSoC4/EncoderInterrupt.c **** /*******************************************************************************
 122:.\Generated_Source\PSoC4/EncoderInterrupt.c **** * Function Name: EncoderInterrupt_Interrupt
 123:.\Generated_Source\PSoC4/EncoderInterrupt.c **** ********************************************************************************
 124:.\Generated_Source\PSoC4/EncoderInterrupt.c **** *
 125:.\Generated_Source\PSoC4/EncoderInterrupt.c **** * Summary:
 126:.\Generated_Source\PSoC4/EncoderInterrupt.c **** *   The default Interrupt Service Routine for EncoderInterrupt.
 127:.\Generated_Source\PSoC4/EncoderInterrupt.c **** *
 128:.\Generated_Source\PSoC4/EncoderInterrupt.c **** *   Add custom code between the coments to keep the next version of this file
 129:.\Generated_Source\PSoC4/EncoderInterrupt.c **** *   from over writting your code.
 130:.\Generated_Source\PSoC4/EncoderInterrupt.c **** *
 131:.\Generated_Source\PSoC4/EncoderInterrupt.c **** * Parameters:  
 132:.\Generated_Source\PSoC4/EncoderInterrupt.c **** *   None
 133:.\Generated_Source\PSoC4/EncoderInterrupt.c **** *
 134:.\Generated_Source\PSoC4/EncoderInterrupt.c **** * Return:
 135:.\Generated_Source\PSoC4/EncoderInterrupt.c **** *   None
 136:.\Generated_Source\PSoC4/EncoderInterrupt.c **** *
 137:.\Generated_Source\PSoC4/EncoderInterrupt.c **** *******************************************************************************/
 138:.\Generated_Source\PSoC4/EncoderInterrupt.c **** CY_ISR(EncoderInterrupt_Interrupt)
 139:.\Generated_Source\PSoC4/EncoderInterrupt.c **** {
 135              		.loc 1 139 0
 136              		.cfi_startproc
 137 0000 80B5     		push	{r7, lr}
 138              		.cfi_def_cfa_offset 8
 139              		.cfi_offset 7, -8
 140              		.cfi_offset 14, -4
 141 0002 00AF     		add	r7, sp, #0
 142              		.cfi_def_cfa_register 7
 140:.\Generated_Source\PSoC4/EncoderInterrupt.c ****     /*  Place your Interrupt code here. */
 141:.\Generated_Source\PSoC4/EncoderInterrupt.c ****     /* `#START EncoderInterrupt_Interrupt` */
 142:.\Generated_Source\PSoC4/EncoderInterrupt.c **** 
 143:.\Generated_Source\PSoC4/EncoderInterrupt.c ****     /* `#END` */
ARM GAS  C:\Users\Sam\AppData\Local\Temp\ccxtwSVX.s 			page 6


 144:.\Generated_Source\PSoC4/EncoderInterrupt.c **** }
 143              		.loc 1 144 0
 144 0004 BD46     		mov	sp, r7
 145              		@ sp needed
 146 0006 80BD     		pop	{r7, pc}
 147              		.cfi_endproc
 148              	.LFE3:
 149              		.size	EncoderInterrupt_Interrupt, .-EncoderInterrupt_Interrupt
 150              		.section	.text.EncoderInterrupt_SetVector,"ax",%progbits
 151              		.align	2
 152              		.global	EncoderInterrupt_SetVector
 153              		.code	16
 154              		.thumb_func
 155              		.type	EncoderInterrupt_SetVector, %function
 156              	EncoderInterrupt_SetVector:
 157              	.LFB4:
 145:.\Generated_Source\PSoC4/EncoderInterrupt.c **** 
 146:.\Generated_Source\PSoC4/EncoderInterrupt.c **** 
 147:.\Generated_Source\PSoC4/EncoderInterrupt.c **** /*******************************************************************************
 148:.\Generated_Source\PSoC4/EncoderInterrupt.c **** * Function Name: EncoderInterrupt_SetVector
 149:.\Generated_Source\PSoC4/EncoderInterrupt.c **** ********************************************************************************
 150:.\Generated_Source\PSoC4/EncoderInterrupt.c **** *
 151:.\Generated_Source\PSoC4/EncoderInterrupt.c **** * Summary:
 152:.\Generated_Source\PSoC4/EncoderInterrupt.c **** *   Change the ISR vector for the Interrupt. Note calling EncoderInterrupt_Start
 153:.\Generated_Source\PSoC4/EncoderInterrupt.c **** *   will override any effect this method would have had. To set the vector 
 154:.\Generated_Source\PSoC4/EncoderInterrupt.c **** *   before the component has been started use EncoderInterrupt_StartEx instead.
 155:.\Generated_Source\PSoC4/EncoderInterrupt.c **** *
 156:.\Generated_Source\PSoC4/EncoderInterrupt.c **** * Parameters:
 157:.\Generated_Source\PSoC4/EncoderInterrupt.c **** *   address: Address of the ISR to set in the interrupt vector table.
 158:.\Generated_Source\PSoC4/EncoderInterrupt.c **** *
 159:.\Generated_Source\PSoC4/EncoderInterrupt.c **** * Return:
 160:.\Generated_Source\PSoC4/EncoderInterrupt.c **** *   None
 161:.\Generated_Source\PSoC4/EncoderInterrupt.c **** *
 162:.\Generated_Source\PSoC4/EncoderInterrupt.c **** *******************************************************************************/
 163:.\Generated_Source\PSoC4/EncoderInterrupt.c **** void EncoderInterrupt_SetVector(cyisraddress address)
 164:.\Generated_Source\PSoC4/EncoderInterrupt.c **** {
 158              		.loc 1 164 0
 159              		.cfi_startproc
 160 0000 80B5     		push	{r7, lr}
 161              		.cfi_def_cfa_offset 8
 162              		.cfi_offset 7, -8
 163              		.cfi_offset 14, -4
 164 0002 82B0     		sub	sp, sp, #8
 165              		.cfi_def_cfa_offset 16
 166 0004 00AF     		add	r7, sp, #0
 167              		.cfi_def_cfa_register 7
 168 0006 7860     		str	r0, [r7, #4]
 165:.\Generated_Source\PSoC4/EncoderInterrupt.c ****     CyRamVectors[CYINT_IRQ_BASE + EncoderInterrupt__INTC_NUMBER] = address;
 169              		.loc 1 165 0
 170 0008 024B     		ldr	r3, .L10
 171 000a 7A68     		ldr	r2, [r7, #4]
 172 000c 9A64     		str	r2, [r3, #72]
 166:.\Generated_Source\PSoC4/EncoderInterrupt.c **** }
 173              		.loc 1 166 0
 174 000e BD46     		mov	sp, r7
 175 0010 02B0     		add	sp, sp, #8
 176              		@ sp needed
ARM GAS  C:\Users\Sam\AppData\Local\Temp\ccxtwSVX.s 			page 7


 177 0012 80BD     		pop	{r7, pc}
 178              	.L11:
 179              		.align	2
 180              	.L10:
 181 0014 00000000 		.word	CyRamVectors
 182              		.cfi_endproc
 183              	.LFE4:
 184              		.size	EncoderInterrupt_SetVector, .-EncoderInterrupt_SetVector
 185              		.section	.text.EncoderInterrupt_GetVector,"ax",%progbits
 186              		.align	2
 187              		.global	EncoderInterrupt_GetVector
 188              		.code	16
 189              		.thumb_func
 190              		.type	EncoderInterrupt_GetVector, %function
 191              	EncoderInterrupt_GetVector:
 192              	.LFB5:
 167:.\Generated_Source\PSoC4/EncoderInterrupt.c **** 
 168:.\Generated_Source\PSoC4/EncoderInterrupt.c **** 
 169:.\Generated_Source\PSoC4/EncoderInterrupt.c **** /*******************************************************************************
 170:.\Generated_Source\PSoC4/EncoderInterrupt.c **** * Function Name: EncoderInterrupt_GetVector
 171:.\Generated_Source\PSoC4/EncoderInterrupt.c **** ********************************************************************************
 172:.\Generated_Source\PSoC4/EncoderInterrupt.c **** *
 173:.\Generated_Source\PSoC4/EncoderInterrupt.c **** * Summary:
 174:.\Generated_Source\PSoC4/EncoderInterrupt.c **** *   Gets the "address" of the current ISR vector for the Interrupt.
 175:.\Generated_Source\PSoC4/EncoderInterrupt.c **** *
 176:.\Generated_Source\PSoC4/EncoderInterrupt.c **** * Parameters:
 177:.\Generated_Source\PSoC4/EncoderInterrupt.c **** *   None
 178:.\Generated_Source\PSoC4/EncoderInterrupt.c **** *
 179:.\Generated_Source\PSoC4/EncoderInterrupt.c **** * Return:
 180:.\Generated_Source\PSoC4/EncoderInterrupt.c **** *   Address of the ISR in the interrupt vector table.
 181:.\Generated_Source\PSoC4/EncoderInterrupt.c **** *
 182:.\Generated_Source\PSoC4/EncoderInterrupt.c **** *******************************************************************************/
 183:.\Generated_Source\PSoC4/EncoderInterrupt.c **** cyisraddress EncoderInterrupt_GetVector(void)
 184:.\Generated_Source\PSoC4/EncoderInterrupt.c **** {
 193              		.loc 1 184 0
 194              		.cfi_startproc
 195 0000 80B5     		push	{r7, lr}
 196              		.cfi_def_cfa_offset 8
 197              		.cfi_offset 7, -8
 198              		.cfi_offset 14, -4
 199 0002 00AF     		add	r7, sp, #0
 200              		.cfi_def_cfa_register 7
 185:.\Generated_Source\PSoC4/EncoderInterrupt.c ****     return CyRamVectors[CYINT_IRQ_BASE + EncoderInterrupt__INTC_NUMBER];
 201              		.loc 1 185 0
 202 0004 024B     		ldr	r3, .L14
 203 0006 9B6C     		ldr	r3, [r3, #72]
 186:.\Generated_Source\PSoC4/EncoderInterrupt.c **** }
 204              		.loc 1 186 0
 205 0008 181C     		mov	r0, r3
 206 000a BD46     		mov	sp, r7
 207              		@ sp needed
 208 000c 80BD     		pop	{r7, pc}
 209              	.L15:
 210 000e C046     		.align	2
 211              	.L14:
 212 0010 00000000 		.word	CyRamVectors
 213              		.cfi_endproc
ARM GAS  C:\Users\Sam\AppData\Local\Temp\ccxtwSVX.s 			page 8


 214              	.LFE5:
 215              		.size	EncoderInterrupt_GetVector, .-EncoderInterrupt_GetVector
 216              		.section	.text.EncoderInterrupt_SetPriority,"ax",%progbits
 217              		.align	2
 218              		.global	EncoderInterrupt_SetPriority
 219              		.code	16
 220              		.thumb_func
 221              		.type	EncoderInterrupt_SetPriority, %function
 222              	EncoderInterrupt_SetPriority:
 223              	.LFB6:
 187:.\Generated_Source\PSoC4/EncoderInterrupt.c **** 
 188:.\Generated_Source\PSoC4/EncoderInterrupt.c **** 
 189:.\Generated_Source\PSoC4/EncoderInterrupt.c **** /*******************************************************************************
 190:.\Generated_Source\PSoC4/EncoderInterrupt.c **** * Function Name: EncoderInterrupt_SetPriority
 191:.\Generated_Source\PSoC4/EncoderInterrupt.c **** ********************************************************************************
 192:.\Generated_Source\PSoC4/EncoderInterrupt.c **** *
 193:.\Generated_Source\PSoC4/EncoderInterrupt.c **** * Summary:
 194:.\Generated_Source\PSoC4/EncoderInterrupt.c **** *   Sets the Priority of the Interrupt. Note calling EncoderInterrupt_Start
 195:.\Generated_Source\PSoC4/EncoderInterrupt.c **** *   or EncoderInterrupt_StartEx will override any effect this method would 
 196:.\Generated_Source\PSoC4/EncoderInterrupt.c **** *   have had. This method should only be called after EncoderInterrupt_Start or 
 197:.\Generated_Source\PSoC4/EncoderInterrupt.c **** *   EncoderInterrupt_StartEx has been called. To set the initial
 198:.\Generated_Source\PSoC4/EncoderInterrupt.c **** *   priority for the component use the cydwr file in the tool.
 199:.\Generated_Source\PSoC4/EncoderInterrupt.c **** *
 200:.\Generated_Source\PSoC4/EncoderInterrupt.c **** * Parameters:
 201:.\Generated_Source\PSoC4/EncoderInterrupt.c **** *   priority: Priority of the interrupt. 0 - 3, 0 being the highest.
 202:.\Generated_Source\PSoC4/EncoderInterrupt.c **** *
 203:.\Generated_Source\PSoC4/EncoderInterrupt.c **** * Return:
 204:.\Generated_Source\PSoC4/EncoderInterrupt.c **** *   None
 205:.\Generated_Source\PSoC4/EncoderInterrupt.c **** *
 206:.\Generated_Source\PSoC4/EncoderInterrupt.c **** *******************************************************************************/
 207:.\Generated_Source\PSoC4/EncoderInterrupt.c **** void EncoderInterrupt_SetPriority(uint8 priority)
 208:.\Generated_Source\PSoC4/EncoderInterrupt.c **** {
 224              		.loc 1 208 0
 225              		.cfi_startproc
 226 0000 90B5     		push	{r4, r7, lr}
 227              		.cfi_def_cfa_offset 12
 228              		.cfi_offset 4, -12
 229              		.cfi_offset 7, -8
 230              		.cfi_offset 14, -4
 231 0002 85B0     		sub	sp, sp, #20
 232              		.cfi_def_cfa_offset 32
 233 0004 00AF     		add	r7, sp, #0
 234              		.cfi_def_cfa_register 7
 235 0006 021C     		mov	r2, r0
 236 0008 FB1D     		add	r3, r7, #7
 237 000a 1A70     		strb	r2, [r3]
 209:.\Generated_Source\PSoC4/EncoderInterrupt.c **** 	uint8 interruptState;
 210:.\Generated_Source\PSoC4/EncoderInterrupt.c ****     uint32 priorityOffset = ((EncoderInterrupt__INTC_NUMBER % 4u) * 8u) + 6u;
 238              		.loc 1 210 0
 239 000c 1623     		mov	r3, #22
 240 000e FB60     		str	r3, [r7, #12]
 211:.\Generated_Source\PSoC4/EncoderInterrupt.c ****     
 212:.\Generated_Source\PSoC4/EncoderInterrupt.c **** 	interruptState = CyEnterCriticalSection();
 241              		.loc 1 212 0
 242 0010 3C1C     		mov	r4, r7
 243 0012 0B34     		add	r4, r4, #11
 244 0014 FFF7FEFF 		bl	CyEnterCriticalSection
ARM GAS  C:\Users\Sam\AppData\Local\Temp\ccxtwSVX.s 			page 9


 245 0018 031C     		mov	r3, r0
 246 001a 2370     		strb	r3, [r4]
 213:.\Generated_Source\PSoC4/EncoderInterrupt.c ****     *EncoderInterrupt_INTC_PRIOR = (*EncoderInterrupt_INTC_PRIOR & (uint32)(~EncoderInterrupt__INTC
 247              		.loc 1 213 0
 248 001c 0A4B     		ldr	r3, .L17
 249 001e 0A4A     		ldr	r2, .L17
 250 0020 1168     		ldr	r1, [r2]
 251 0022 0A4A     		ldr	r2, .L17+4
 252 0024 1140     		and	r1, r2
 214:.\Generated_Source\PSoC4/EncoderInterrupt.c ****                                     ((uint32)priority << priorityOffset);
 253              		.loc 1 214 0
 254 0026 FA1D     		add	r2, r7, #7
 255 0028 1078     		ldrb	r0, [r2]
 256 002a FA68     		ldr	r2, [r7, #12]
 257 002c 041C     		mov	r4, r0
 258 002e 9440     		lsl	r4, r4, r2
 259 0030 221C     		mov	r2, r4
 213:.\Generated_Source\PSoC4/EncoderInterrupt.c ****     *EncoderInterrupt_INTC_PRIOR = (*EncoderInterrupt_INTC_PRIOR & (uint32)(~EncoderInterrupt__INTC
 260              		.loc 1 213 0
 261 0032 0A43     		orr	r2, r1
 262 0034 1A60     		str	r2, [r3]
 215:.\Generated_Source\PSoC4/EncoderInterrupt.c **** 	CyExitCriticalSection(interruptState);
 263              		.loc 1 215 0
 264 0036 3B1C     		mov	r3, r7
 265 0038 0B33     		add	r3, r3, #11
 266 003a 1B78     		ldrb	r3, [r3]
 267 003c 181C     		mov	r0, r3
 268 003e FFF7FEFF 		bl	CyExitCriticalSection
 216:.\Generated_Source\PSoC4/EncoderInterrupt.c **** }
 269              		.loc 1 216 0
 270 0042 BD46     		mov	sp, r7
 271 0044 05B0     		add	sp, sp, #20
 272              		@ sp needed
 273 0046 90BD     		pop	{r4, r7, pc}
 274              	.L18:
 275              		.align	2
 276              	.L17:
 277 0048 00E400E0 		.word	-536812544
 278 004c FFFF3FFF 		.word	-12582913
 279              		.cfi_endproc
 280              	.LFE6:
 281              		.size	EncoderInterrupt_SetPriority, .-EncoderInterrupt_SetPriority
 282              		.section	.text.EncoderInterrupt_GetPriority,"ax",%progbits
 283              		.align	2
 284              		.global	EncoderInterrupt_GetPriority
 285              		.code	16
 286              		.thumb_func
 287              		.type	EncoderInterrupt_GetPriority, %function
 288              	EncoderInterrupt_GetPriority:
 289              	.LFB7:
 217:.\Generated_Source\PSoC4/EncoderInterrupt.c **** 
 218:.\Generated_Source\PSoC4/EncoderInterrupt.c **** 
 219:.\Generated_Source\PSoC4/EncoderInterrupt.c **** /*******************************************************************************
 220:.\Generated_Source\PSoC4/EncoderInterrupt.c **** * Function Name: EncoderInterrupt_GetPriority
 221:.\Generated_Source\PSoC4/EncoderInterrupt.c **** ********************************************************************************
 222:.\Generated_Source\PSoC4/EncoderInterrupt.c **** *
 223:.\Generated_Source\PSoC4/EncoderInterrupt.c **** * Summary:
ARM GAS  C:\Users\Sam\AppData\Local\Temp\ccxtwSVX.s 			page 10


 224:.\Generated_Source\PSoC4/EncoderInterrupt.c **** *   Gets the Priority of the Interrupt.
 225:.\Generated_Source\PSoC4/EncoderInterrupt.c **** *
 226:.\Generated_Source\PSoC4/EncoderInterrupt.c **** * Parameters:
 227:.\Generated_Source\PSoC4/EncoderInterrupt.c **** *   None
 228:.\Generated_Source\PSoC4/EncoderInterrupt.c **** *
 229:.\Generated_Source\PSoC4/EncoderInterrupt.c **** * Return:
 230:.\Generated_Source\PSoC4/EncoderInterrupt.c **** *   Priority of the interrupt. 0 - 3, 0 being the highest.
 231:.\Generated_Source\PSoC4/EncoderInterrupt.c **** *
 232:.\Generated_Source\PSoC4/EncoderInterrupt.c **** *******************************************************************************/
 233:.\Generated_Source\PSoC4/EncoderInterrupt.c **** uint8 EncoderInterrupt_GetPriority(void)
 234:.\Generated_Source\PSoC4/EncoderInterrupt.c **** {
 290              		.loc 1 234 0
 291              		.cfi_startproc
 292 0000 80B5     		push	{r7, lr}
 293              		.cfi_def_cfa_offset 8
 294              		.cfi_offset 7, -8
 295              		.cfi_offset 14, -4
 296 0002 82B0     		sub	sp, sp, #8
 297              		.cfi_def_cfa_offset 16
 298 0004 00AF     		add	r7, sp, #0
 299              		.cfi_def_cfa_register 7
 235:.\Generated_Source\PSoC4/EncoderInterrupt.c ****     uint32 priority;
 236:.\Generated_Source\PSoC4/EncoderInterrupt.c **** 	uint32 priorityOffset = ((EncoderInterrupt__INTC_NUMBER % 4u) * 8u) + 6u;
 300              		.loc 1 236 0
 301 0006 1623     		mov	r3, #22
 302 0008 7B60     		str	r3, [r7, #4]
 237:.\Generated_Source\PSoC4/EncoderInterrupt.c **** 
 238:.\Generated_Source\PSoC4/EncoderInterrupt.c ****     priority = (*EncoderInterrupt_INTC_PRIOR & EncoderInterrupt__INTC_PRIOR_MASK) >> priorityOffset
 303              		.loc 1 238 0
 304 000a 084B     		ldr	r3, .L21
 305 000c 1A68     		ldr	r2, [r3]
 306 000e C023     		mov	r3, #192
 307 0010 1B04     		lsl	r3, r3, #16
 308 0012 1A40     		and	r2, r3
 309 0014 7B68     		ldr	r3, [r7, #4]
 310 0016 111C     		mov	r1, r2
 311 0018 D940     		lsr	r1, r1, r3
 312 001a 0B1C     		mov	r3, r1
 313 001c 3B60     		str	r3, [r7]
 239:.\Generated_Source\PSoC4/EncoderInterrupt.c **** 
 240:.\Generated_Source\PSoC4/EncoderInterrupt.c ****     return (uint8)priority;
 314              		.loc 1 240 0
 315 001e 3B68     		ldr	r3, [r7]
 316 0020 DBB2     		uxtb	r3, r3
 241:.\Generated_Source\PSoC4/EncoderInterrupt.c **** }
 317              		.loc 1 241 0
 318 0022 181C     		mov	r0, r3
 319 0024 BD46     		mov	sp, r7
 320 0026 02B0     		add	sp, sp, #8
 321              		@ sp needed
 322 0028 80BD     		pop	{r7, pc}
 323              	.L22:
 324 002a C046     		.align	2
 325              	.L21:
 326 002c 00E400E0 		.word	-536812544
 327              		.cfi_endproc
 328              	.LFE7:
ARM GAS  C:\Users\Sam\AppData\Local\Temp\ccxtwSVX.s 			page 11


 329              		.size	EncoderInterrupt_GetPriority, .-EncoderInterrupt_GetPriority
 330              		.section	.text.EncoderInterrupt_Enable,"ax",%progbits
 331              		.align	2
 332              		.global	EncoderInterrupt_Enable
 333              		.code	16
 334              		.thumb_func
 335              		.type	EncoderInterrupt_Enable, %function
 336              	EncoderInterrupt_Enable:
 337              	.LFB8:
 242:.\Generated_Source\PSoC4/EncoderInterrupt.c **** 
 243:.\Generated_Source\PSoC4/EncoderInterrupt.c **** 
 244:.\Generated_Source\PSoC4/EncoderInterrupt.c **** /*******************************************************************************
 245:.\Generated_Source\PSoC4/EncoderInterrupt.c **** * Function Name: EncoderInterrupt_Enable
 246:.\Generated_Source\PSoC4/EncoderInterrupt.c **** ********************************************************************************
 247:.\Generated_Source\PSoC4/EncoderInterrupt.c **** *
 248:.\Generated_Source\PSoC4/EncoderInterrupt.c **** * Summary:
 249:.\Generated_Source\PSoC4/EncoderInterrupt.c **** *   Enables the interrupt.
 250:.\Generated_Source\PSoC4/EncoderInterrupt.c **** *
 251:.\Generated_Source\PSoC4/EncoderInterrupt.c **** * Parameters:
 252:.\Generated_Source\PSoC4/EncoderInterrupt.c **** *   None
 253:.\Generated_Source\PSoC4/EncoderInterrupt.c **** *
 254:.\Generated_Source\PSoC4/EncoderInterrupt.c **** * Return:
 255:.\Generated_Source\PSoC4/EncoderInterrupt.c **** *   None
 256:.\Generated_Source\PSoC4/EncoderInterrupt.c **** *
 257:.\Generated_Source\PSoC4/EncoderInterrupt.c **** *******************************************************************************/
 258:.\Generated_Source\PSoC4/EncoderInterrupt.c **** void EncoderInterrupt_Enable(void)
 259:.\Generated_Source\PSoC4/EncoderInterrupt.c **** {
 338              		.loc 1 259 0
 339              		.cfi_startproc
 340 0000 80B5     		push	{r7, lr}
 341              		.cfi_def_cfa_offset 8
 342              		.cfi_offset 7, -8
 343              		.cfi_offset 14, -4
 344 0002 00AF     		add	r7, sp, #0
 345              		.cfi_def_cfa_register 7
 260:.\Generated_Source\PSoC4/EncoderInterrupt.c ****     /* Enable the general interrupt. */
 261:.\Generated_Source\PSoC4/EncoderInterrupt.c ****     *EncoderInterrupt_INTC_SET_EN = EncoderInterrupt__INTC_MASK;
 346              		.loc 1 261 0
 347 0004 024B     		ldr	r3, .L24
 348 0006 0422     		mov	r2, #4
 349 0008 1A60     		str	r2, [r3]
 262:.\Generated_Source\PSoC4/EncoderInterrupt.c **** }
 350              		.loc 1 262 0
 351 000a BD46     		mov	sp, r7
 352              		@ sp needed
 353 000c 80BD     		pop	{r7, pc}
 354              	.L25:
 355 000e C046     		.align	2
 356              	.L24:
 357 0010 00E100E0 		.word	-536813312
 358              		.cfi_endproc
 359              	.LFE8:
 360              		.size	EncoderInterrupt_Enable, .-EncoderInterrupt_Enable
 361              		.section	.text.EncoderInterrupt_GetState,"ax",%progbits
 362              		.align	2
 363              		.global	EncoderInterrupt_GetState
 364              		.code	16
ARM GAS  C:\Users\Sam\AppData\Local\Temp\ccxtwSVX.s 			page 12


 365              		.thumb_func
 366              		.type	EncoderInterrupt_GetState, %function
 367              	EncoderInterrupt_GetState:
 368              	.LFB9:
 263:.\Generated_Source\PSoC4/EncoderInterrupt.c **** 
 264:.\Generated_Source\PSoC4/EncoderInterrupt.c **** 
 265:.\Generated_Source\PSoC4/EncoderInterrupt.c **** /*******************************************************************************
 266:.\Generated_Source\PSoC4/EncoderInterrupt.c **** * Function Name: EncoderInterrupt_GetState
 267:.\Generated_Source\PSoC4/EncoderInterrupt.c **** ********************************************************************************
 268:.\Generated_Source\PSoC4/EncoderInterrupt.c **** *
 269:.\Generated_Source\PSoC4/EncoderInterrupt.c **** * Summary:
 270:.\Generated_Source\PSoC4/EncoderInterrupt.c **** *   Gets the state (enabled, disabled) of the Interrupt.
 271:.\Generated_Source\PSoC4/EncoderInterrupt.c **** *
 272:.\Generated_Source\PSoC4/EncoderInterrupt.c **** * Parameters:
 273:.\Generated_Source\PSoC4/EncoderInterrupt.c **** *   None
 274:.\Generated_Source\PSoC4/EncoderInterrupt.c **** *
 275:.\Generated_Source\PSoC4/EncoderInterrupt.c **** * Return:
 276:.\Generated_Source\PSoC4/EncoderInterrupt.c **** *   1 if enabled, 0 if disabled.
 277:.\Generated_Source\PSoC4/EncoderInterrupt.c **** *
 278:.\Generated_Source\PSoC4/EncoderInterrupt.c **** *******************************************************************************/
 279:.\Generated_Source\PSoC4/EncoderInterrupt.c **** uint8 EncoderInterrupt_GetState(void)
 280:.\Generated_Source\PSoC4/EncoderInterrupt.c **** {
 369              		.loc 1 280 0
 370              		.cfi_startproc
 371 0000 80B5     		push	{r7, lr}
 372              		.cfi_def_cfa_offset 8
 373              		.cfi_offset 7, -8
 374              		.cfi_offset 14, -4
 375 0002 00AF     		add	r7, sp, #0
 376              		.cfi_def_cfa_register 7
 281:.\Generated_Source\PSoC4/EncoderInterrupt.c ****     /* Get the state of the general interrupt. */
 282:.\Generated_Source\PSoC4/EncoderInterrupt.c ****     return ((*EncoderInterrupt_INTC_SET_EN & (uint32)EncoderInterrupt__INTC_MASK) != 0u) ? 1u:0u;
 377              		.loc 1 282 0
 378 0004 054B     		ldr	r3, .L30
 379 0006 1A68     		ldr	r2, [r3]
 380 0008 0423     		mov	r3, #4
 381 000a 1340     		and	r3, r2
 382 000c 01D0     		beq	.L27
 383              		.loc 1 282 0 is_stmt 0 discriminator 1
 384 000e 0123     		mov	r3, #1
 385 0010 00E0     		b	.L28
 386              	.L27:
 387              		.loc 1 282 0 discriminator 2
 388 0012 0023     		mov	r3, #0
 389              	.L28:
 283:.\Generated_Source\PSoC4/EncoderInterrupt.c **** }
 390              		.loc 1 283 0 is_stmt 1 discriminator 3
 391 0014 181C     		mov	r0, r3
 392 0016 BD46     		mov	sp, r7
 393              		@ sp needed
 394 0018 80BD     		pop	{r7, pc}
 395              	.L31:
 396 001a C046     		.align	2
 397              	.L30:
 398 001c 00E100E0 		.word	-536813312
 399              		.cfi_endproc
 400              	.LFE9:
ARM GAS  C:\Users\Sam\AppData\Local\Temp\ccxtwSVX.s 			page 13


 401              		.size	EncoderInterrupt_GetState, .-EncoderInterrupt_GetState
 402              		.section	.text.EncoderInterrupt_Disable,"ax",%progbits
 403              		.align	2
 404              		.global	EncoderInterrupt_Disable
 405              		.code	16
 406              		.thumb_func
 407              		.type	EncoderInterrupt_Disable, %function
 408              	EncoderInterrupt_Disable:
 409              	.LFB10:
 284:.\Generated_Source\PSoC4/EncoderInterrupt.c **** 
 285:.\Generated_Source\PSoC4/EncoderInterrupt.c **** 
 286:.\Generated_Source\PSoC4/EncoderInterrupt.c **** /*******************************************************************************
 287:.\Generated_Source\PSoC4/EncoderInterrupt.c **** * Function Name: EncoderInterrupt_Disable
 288:.\Generated_Source\PSoC4/EncoderInterrupt.c **** ********************************************************************************
 289:.\Generated_Source\PSoC4/EncoderInterrupt.c **** *
 290:.\Generated_Source\PSoC4/EncoderInterrupt.c **** * Summary:
 291:.\Generated_Source\PSoC4/EncoderInterrupt.c **** *   Disables the Interrupt.
 292:.\Generated_Source\PSoC4/EncoderInterrupt.c **** *
 293:.\Generated_Source\PSoC4/EncoderInterrupt.c **** * Parameters:
 294:.\Generated_Source\PSoC4/EncoderInterrupt.c **** *   None
 295:.\Generated_Source\PSoC4/EncoderInterrupt.c **** *
 296:.\Generated_Source\PSoC4/EncoderInterrupt.c **** * Return:
 297:.\Generated_Source\PSoC4/EncoderInterrupt.c **** *   None
 298:.\Generated_Source\PSoC4/EncoderInterrupt.c **** *
 299:.\Generated_Source\PSoC4/EncoderInterrupt.c **** *******************************************************************************/
 300:.\Generated_Source\PSoC4/EncoderInterrupt.c **** void EncoderInterrupt_Disable(void)
 301:.\Generated_Source\PSoC4/EncoderInterrupt.c **** {
 410              		.loc 1 301 0
 411              		.cfi_startproc
 412 0000 80B5     		push	{r7, lr}
 413              		.cfi_def_cfa_offset 8
 414              		.cfi_offset 7, -8
 415              		.cfi_offset 14, -4
 416 0002 00AF     		add	r7, sp, #0
 417              		.cfi_def_cfa_register 7
 302:.\Generated_Source\PSoC4/EncoderInterrupt.c ****     /* Disable the general interrupt. */
 303:.\Generated_Source\PSoC4/EncoderInterrupt.c ****     *EncoderInterrupt_INTC_CLR_EN = EncoderInterrupt__INTC_MASK;
 418              		.loc 1 303 0
 419 0004 024B     		ldr	r3, .L33
 420 0006 0422     		mov	r2, #4
 421 0008 1A60     		str	r2, [r3]
 304:.\Generated_Source\PSoC4/EncoderInterrupt.c **** }
 422              		.loc 1 304 0
 423 000a BD46     		mov	sp, r7
 424              		@ sp needed
 425 000c 80BD     		pop	{r7, pc}
 426              	.L34:
 427 000e C046     		.align	2
 428              	.L33:
 429 0010 80E100E0 		.word	-536813184
 430              		.cfi_endproc
 431              	.LFE10:
 432              		.size	EncoderInterrupt_Disable, .-EncoderInterrupt_Disable
 433              		.section	.text.EncoderInterrupt_SetPending,"ax",%progbits
 434              		.align	2
 435              		.global	EncoderInterrupt_SetPending
 436              		.code	16
ARM GAS  C:\Users\Sam\AppData\Local\Temp\ccxtwSVX.s 			page 14


 437              		.thumb_func
 438              		.type	EncoderInterrupt_SetPending, %function
 439              	EncoderInterrupt_SetPending:
 440              	.LFB11:
 305:.\Generated_Source\PSoC4/EncoderInterrupt.c **** 
 306:.\Generated_Source\PSoC4/EncoderInterrupt.c **** 
 307:.\Generated_Source\PSoC4/EncoderInterrupt.c **** /*******************************************************************************
 308:.\Generated_Source\PSoC4/EncoderInterrupt.c **** * Function Name: EncoderInterrupt_SetPending
 309:.\Generated_Source\PSoC4/EncoderInterrupt.c **** ********************************************************************************
 310:.\Generated_Source\PSoC4/EncoderInterrupt.c **** *
 311:.\Generated_Source\PSoC4/EncoderInterrupt.c **** * Summary:
 312:.\Generated_Source\PSoC4/EncoderInterrupt.c **** *   Causes the Interrupt to enter the pending state, a software method of
 313:.\Generated_Source\PSoC4/EncoderInterrupt.c **** *   generating the interrupt.
 314:.\Generated_Source\PSoC4/EncoderInterrupt.c **** *
 315:.\Generated_Source\PSoC4/EncoderInterrupt.c **** * Parameters:
 316:.\Generated_Source\PSoC4/EncoderInterrupt.c **** *   None
 317:.\Generated_Source\PSoC4/EncoderInterrupt.c **** *
 318:.\Generated_Source\PSoC4/EncoderInterrupt.c **** * Return:
 319:.\Generated_Source\PSoC4/EncoderInterrupt.c **** *   None
 320:.\Generated_Source\PSoC4/EncoderInterrupt.c **** *
 321:.\Generated_Source\PSoC4/EncoderInterrupt.c **** *******************************************************************************/
 322:.\Generated_Source\PSoC4/EncoderInterrupt.c **** void EncoderInterrupt_SetPending(void)
 323:.\Generated_Source\PSoC4/EncoderInterrupt.c **** {
 441              		.loc 1 323 0
 442              		.cfi_startproc
 443 0000 80B5     		push	{r7, lr}
 444              		.cfi_def_cfa_offset 8
 445              		.cfi_offset 7, -8
 446              		.cfi_offset 14, -4
 447 0002 00AF     		add	r7, sp, #0
 448              		.cfi_def_cfa_register 7
 324:.\Generated_Source\PSoC4/EncoderInterrupt.c ****     *EncoderInterrupt_INTC_SET_PD = EncoderInterrupt__INTC_MASK;
 449              		.loc 1 324 0
 450 0004 024B     		ldr	r3, .L36
 451 0006 0422     		mov	r2, #4
 452 0008 1A60     		str	r2, [r3]
 325:.\Generated_Source\PSoC4/EncoderInterrupt.c **** }
 453              		.loc 1 325 0
 454 000a BD46     		mov	sp, r7
 455              		@ sp needed
 456 000c 80BD     		pop	{r7, pc}
 457              	.L37:
 458 000e C046     		.align	2
 459              	.L36:
 460 0010 00E200E0 		.word	-536813056
 461              		.cfi_endproc
 462              	.LFE11:
 463              		.size	EncoderInterrupt_SetPending, .-EncoderInterrupt_SetPending
 464              		.section	.text.EncoderInterrupt_ClearPending,"ax",%progbits
 465              		.align	2
 466              		.global	EncoderInterrupt_ClearPending
 467              		.code	16
 468              		.thumb_func
 469              		.type	EncoderInterrupt_ClearPending, %function
 470              	EncoderInterrupt_ClearPending:
 471              	.LFB12:
 326:.\Generated_Source\PSoC4/EncoderInterrupt.c **** 
ARM GAS  C:\Users\Sam\AppData\Local\Temp\ccxtwSVX.s 			page 15


 327:.\Generated_Source\PSoC4/EncoderInterrupt.c **** 
 328:.\Generated_Source\PSoC4/EncoderInterrupt.c **** /*******************************************************************************
 329:.\Generated_Source\PSoC4/EncoderInterrupt.c **** * Function Name: EncoderInterrupt_ClearPending
 330:.\Generated_Source\PSoC4/EncoderInterrupt.c **** ********************************************************************************
 331:.\Generated_Source\PSoC4/EncoderInterrupt.c **** *
 332:.\Generated_Source\PSoC4/EncoderInterrupt.c **** * Summary:
 333:.\Generated_Source\PSoC4/EncoderInterrupt.c **** *   Clears a pending interrupt.
 334:.\Generated_Source\PSoC4/EncoderInterrupt.c **** *
 335:.\Generated_Source\PSoC4/EncoderInterrupt.c **** * Parameters:
 336:.\Generated_Source\PSoC4/EncoderInterrupt.c **** *   None
 337:.\Generated_Source\PSoC4/EncoderInterrupt.c **** *
 338:.\Generated_Source\PSoC4/EncoderInterrupt.c **** * Return:
 339:.\Generated_Source\PSoC4/EncoderInterrupt.c **** *   None
 340:.\Generated_Source\PSoC4/EncoderInterrupt.c **** *
 341:.\Generated_Source\PSoC4/EncoderInterrupt.c **** *******************************************************************************/
 342:.\Generated_Source\PSoC4/EncoderInterrupt.c **** void EncoderInterrupt_ClearPending(void)
 343:.\Generated_Source\PSoC4/EncoderInterrupt.c **** {
 472              		.loc 1 343 0
 473              		.cfi_startproc
 474 0000 80B5     		push	{r7, lr}
 475              		.cfi_def_cfa_offset 8
 476              		.cfi_offset 7, -8
 477              		.cfi_offset 14, -4
 478 0002 00AF     		add	r7, sp, #0
 479              		.cfi_def_cfa_register 7
 344:.\Generated_Source\PSoC4/EncoderInterrupt.c ****     *EncoderInterrupt_INTC_CLR_PD = EncoderInterrupt__INTC_MASK;
 480              		.loc 1 344 0
 481 0004 024B     		ldr	r3, .L39
 482 0006 0422     		mov	r2, #4
 483 0008 1A60     		str	r2, [r3]
 345:.\Generated_Source\PSoC4/EncoderInterrupt.c **** }
 484              		.loc 1 345 0
 485 000a BD46     		mov	sp, r7
 486              		@ sp needed
 487 000c 80BD     		pop	{r7, pc}
 488              	.L40:
 489 000e C046     		.align	2
 490              	.L39:
 491 0010 80E200E0 		.word	-536812928
 492              		.cfi_endproc
 493              	.LFE12:
 494              		.size	EncoderInterrupt_ClearPending, .-EncoderInterrupt_ClearPending
 495              		.text
 496              	.Letext0:
 497              		.file 2 ".\\Generated_Source\\PSoC4/cytypes.h"
 498              		.section	.debug_info,"",%progbits
 499              	.Ldebug_info0:
 500 0000 3D020000 		.4byte	0x23d
 501 0004 0400     		.2byte	0x4
 502 0006 00000000 		.4byte	.Ldebug_abbrev0
 503 000a 04       		.byte	0x4
 504 000b 01       		.uleb128 0x1
 505 000c 92000000 		.4byte	.LASF33
 506 0010 01       		.byte	0x1
 507 0011 1C010000 		.4byte	.LASF34
 508 0015 98020000 		.4byte	.LASF35
 509 0019 00000000 		.4byte	.Ldebug_ranges0+0
ARM GAS  C:\Users\Sam\AppData\Local\Temp\ccxtwSVX.s 			page 16


 510 001d 00000000 		.4byte	0
 511 0021 00000000 		.4byte	.Ldebug_line0
 512 0025 02       		.uleb128 0x2
 513 0026 01       		.byte	0x1
 514 0027 06       		.byte	0x6
 515 0028 44030000 		.4byte	.LASF0
 516 002c 02       		.uleb128 0x2
 517 002d 01       		.byte	0x1
 518 002e 08       		.byte	0x8
 519 002f 0E010000 		.4byte	.LASF1
 520 0033 02       		.uleb128 0x2
 521 0034 02       		.byte	0x2
 522 0035 05       		.byte	0x5
 523 0036 EF020000 		.4byte	.LASF2
 524 003a 02       		.uleb128 0x2
 525 003b 02       		.byte	0x2
 526 003c 07       		.byte	0x7
 527 003d 46000000 		.4byte	.LASF3
 528 0041 02       		.uleb128 0x2
 529 0042 04       		.byte	0x4
 530 0043 05       		.byte	0x5
 531 0044 3B030000 		.4byte	.LASF4
 532 0048 02       		.uleb128 0x2
 533 0049 04       		.byte	0x4
 534 004a 07       		.byte	0x7
 535 004b 57010000 		.4byte	.LASF5
 536 004f 02       		.uleb128 0x2
 537 0050 08       		.byte	0x8
 538 0051 05       		.byte	0x5
 539 0052 85020000 		.4byte	.LASF6
 540 0056 02       		.uleb128 0x2
 541 0057 08       		.byte	0x8
 542 0058 07       		.byte	0x7
 543 0059 09020000 		.4byte	.LASF7
 544 005d 03       		.uleb128 0x3
 545 005e 04       		.byte	0x4
 546 005f 05       		.byte	0x5
 547 0060 696E7400 		.ascii	"int\000"
 548 0064 02       		.uleb128 0x2
 549 0065 04       		.byte	0x4
 550 0066 07       		.byte	0x7
 551 0067 F4010000 		.4byte	.LASF8
 552 006b 04       		.uleb128 0x4
 553 006c 69010000 		.4byte	.LASF9
 554 0070 02       		.byte	0x2
 555 0071 A1       		.byte	0xa1
 556 0072 2C000000 		.4byte	0x2c
 557 0076 04       		.uleb128 0x4
 558 0077 ED010000 		.4byte	.LASF10
 559 007b 02       		.byte	0x2
 560 007c A3       		.byte	0xa3
 561 007d 48000000 		.4byte	0x48
 562 0081 02       		.uleb128 0x2
 563 0082 04       		.byte	0x4
 564 0083 04       		.byte	0x4
 565 0084 8C000000 		.4byte	.LASF11
 566 0088 02       		.uleb128 0x2
ARM GAS  C:\Users\Sam\AppData\Local\Temp\ccxtwSVX.s 			page 17


 567 0089 08       		.byte	0x8
 568 008a 04       		.byte	0x4
 569 008b 78010000 		.4byte	.LASF12
 570 008f 02       		.uleb128 0x2
 571 0090 01       		.byte	0x1
 572 0091 08       		.byte	0x8
 573 0092 93020000 		.4byte	.LASF13
 574 0096 05       		.uleb128 0x5
 575 0097 00000000 		.4byte	.LASF14
 576 009b 02       		.byte	0x2
 577 009c 4D01     		.2byte	0x14d
 578 009e A2000000 		.4byte	0xa2
 579 00a2 06       		.uleb128 0x6
 580 00a3 76000000 		.4byte	0x76
 581 00a7 05       		.uleb128 0x5
 582 00a8 56020000 		.4byte	.LASF15
 583 00ac 02       		.byte	0x2
 584 00ad 5D01     		.2byte	0x15d
 585 00af B3000000 		.4byte	0xb3
 586 00b3 07       		.uleb128 0x7
 587 00b4 04       		.byte	0x4
 588 00b5 B9000000 		.4byte	0xb9
 589 00b9 08       		.uleb128 0x8
 590 00ba 02       		.uleb128 0x2
 591 00bb 04       		.byte	0x4
 592 00bc 07       		.byte	0x7
 593 00bd 7C020000 		.4byte	.LASF16
 594 00c1 09       		.uleb128 0x9
 595 00c2 D6010000 		.4byte	.LASF17
 596 00c6 01       		.byte	0x1
 597 00c7 34       		.byte	0x34
 598 00c8 00000000 		.4byte	.LFB0
 599 00cc 24000000 		.4byte	.LFE0-.LFB0
 600 00d0 01       		.uleb128 0x1
 601 00d1 9C       		.byte	0x9c
 602 00d2 0A       		.uleb128 0xa
 603 00d3 63020000 		.4byte	.LASF20
 604 00d7 01       		.byte	0x1
 605 00d8 52       		.byte	0x52
 606 00d9 00000000 		.4byte	.LFB1
 607 00dd 24000000 		.4byte	.LFE1-.LFB1
 608 00e1 01       		.uleb128 0x1
 609 00e2 9C       		.byte	0x9c
 610 00e3 F6000000 		.4byte	0xf6
 611 00e7 0B       		.uleb128 0xb
 612 00e8 01020000 		.4byte	.LASF22
 613 00ec 01       		.byte	0x1
 614 00ed 52       		.byte	0x52
 615 00ee A7000000 		.4byte	0xa7
 616 00f2 02       		.uleb128 0x2
 617 00f3 91       		.byte	0x91
 618 00f4 74       		.sleb128 -12
 619 00f5 00       		.byte	0
 620 00f6 09       		.uleb128 0x9
 621 00f7 30000000 		.4byte	.LASF18
 622 00fb 01       		.byte	0x1
 623 00fc 6F       		.byte	0x6f
ARM GAS  C:\Users\Sam\AppData\Local\Temp\ccxtwSVX.s 			page 18


 624 00fd 00000000 		.4byte	.LFB2
 625 0101 18000000 		.4byte	.LFE2-.LFB2
 626 0105 01       		.uleb128 0x1
 627 0106 9C       		.byte	0x9c
 628 0107 0C       		.uleb128 0xc
 629 0108 3B020000 		.4byte	.LASF19
 630 010c 01       		.byte	0x1
 631 010d 8A       		.byte	0x8a
 632 010e 00000000 		.4byte	.LFB3
 633 0112 08000000 		.4byte	.LFE3-.LFB3
 634 0116 01       		.uleb128 0x1
 635 0117 9C       		.byte	0x9c
 636 0118 0D       		.uleb128 0xd
 637 0119 71000000 		.4byte	.LASF21
 638 011d 01       		.byte	0x1
 639 011e A3       		.byte	0xa3
 640 011f 00000000 		.4byte	.LFB4
 641 0123 18000000 		.4byte	.LFE4-.LFB4
 642 0127 01       		.uleb128 0x1
 643 0128 9C       		.byte	0x9c
 644 0129 3C010000 		.4byte	0x13c
 645 012d 0B       		.uleb128 0xb
 646 012e 01020000 		.4byte	.LASF22
 647 0132 01       		.byte	0x1
 648 0133 A3       		.byte	0xa3
 649 0134 A7000000 		.4byte	0xa7
 650 0138 02       		.uleb128 0x2
 651 0139 91       		.byte	0x91
 652 013a 74       		.sleb128 -12
 653 013b 00       		.byte	0
 654 013c 0E       		.uleb128 0xe
 655 013d 20020000 		.4byte	.LASF28
 656 0141 01       		.byte	0x1
 657 0142 B7       		.byte	0xb7
 658 0143 A7000000 		.4byte	0xa7
 659 0147 00000000 		.4byte	.LFB5
 660 014b 14000000 		.4byte	.LFE5-.LFB5
 661 014f 01       		.uleb128 0x1
 662 0150 9C       		.byte	0x9c
 663 0151 0A       		.uleb128 0xa
 664 0152 7F010000 		.4byte	.LASF23
 665 0156 01       		.byte	0x1
 666 0157 CF       		.byte	0xcf
 667 0158 00000000 		.4byte	.LFB6
 668 015c 50000000 		.4byte	.LFE6-.LFB6
 669 0160 01       		.uleb128 0x1
 670 0161 9C       		.byte	0x9c
 671 0162 91010000 		.4byte	0x191
 672 0166 0B       		.uleb128 0xb
 673 0167 6F010000 		.4byte	.LASF24
 674 016b 01       		.byte	0x1
 675 016c CF       		.byte	0xcf
 676 016d 6B000000 		.4byte	0x6b
 677 0171 02       		.uleb128 0x2
 678 0172 91       		.byte	0x91
 679 0173 67       		.sleb128 -25
 680 0174 0F       		.uleb128 0xf
ARM GAS  C:\Users\Sam\AppData\Local\Temp\ccxtwSVX.s 			page 19


 681 0175 48010000 		.4byte	.LASF25
 682 0179 01       		.byte	0x1
 683 017a D1       		.byte	0xd1
 684 017b 6B000000 		.4byte	0x6b
 685 017f 02       		.uleb128 0x2
 686 0180 91       		.byte	0x91
 687 0181 6B       		.sleb128 -21
 688 0182 0F       		.uleb128 0xf
 689 0183 12030000 		.4byte	.LASF26
 690 0187 01       		.byte	0x1
 691 0188 D2       		.byte	0xd2
 692 0189 76000000 		.4byte	0x76
 693 018d 02       		.uleb128 0x2
 694 018e 91       		.byte	0x91
 695 018f 6C       		.sleb128 -20
 696 0190 00       		.byte	0
 697 0191 10       		.uleb128 0x10
 698 0192 06000000 		.4byte	.LASF36
 699 0196 01       		.byte	0x1
 700 0197 E9       		.byte	0xe9
 701 0198 6B000000 		.4byte	0x6b
 702 019c 00000000 		.4byte	.LFB7
 703 01a0 30000000 		.4byte	.LFE7-.LFB7
 704 01a4 01       		.uleb128 0x1
 705 01a5 9C       		.byte	0x9c
 706 01a6 C7010000 		.4byte	0x1c7
 707 01aa 0F       		.uleb128 0xf
 708 01ab 6F010000 		.4byte	.LASF24
 709 01af 01       		.byte	0x1
 710 01b0 EB       		.byte	0xeb
 711 01b1 76000000 		.4byte	0x76
 712 01b5 02       		.uleb128 0x2
 713 01b6 91       		.byte	0x91
 714 01b7 70       		.sleb128 -16
 715 01b8 0F       		.uleb128 0xf
 716 01b9 12030000 		.4byte	.LASF26
 717 01bd 01       		.byte	0x1
 718 01be EC       		.byte	0xec
 719 01bf 76000000 		.4byte	0x76
 720 01c3 02       		.uleb128 0x2
 721 01c4 91       		.byte	0x91
 722 01c5 74       		.sleb128 -12
 723 01c6 00       		.byte	0
 724 01c7 11       		.uleb128 0x11
 725 01c8 59000000 		.4byte	.LASF27
 726 01cc 01       		.byte	0x1
 727 01cd 0201     		.2byte	0x102
 728 01cf 00000000 		.4byte	.LFB8
 729 01d3 14000000 		.4byte	.LFE8-.LFB8
 730 01d7 01       		.uleb128 0x1
 731 01d8 9C       		.byte	0x9c
 732 01d9 12       		.uleb128 0x12
 733 01da 21030000 		.4byte	.LASF29
 734 01de 01       		.byte	0x1
 735 01df 1701     		.2byte	0x117
 736 01e1 6B000000 		.4byte	0x6b
 737 01e5 00000000 		.4byte	.LFB9
ARM GAS  C:\Users\Sam\AppData\Local\Temp\ccxtwSVX.s 			page 20


 738 01e9 20000000 		.4byte	.LFE9-.LFB9
 739 01ed 01       		.uleb128 0x1
 740 01ee 9C       		.byte	0x9c
 741 01ef 11       		.uleb128 0x11
 742 01f0 F9020000 		.4byte	.LASF30
 743 01f4 01       		.byte	0x1
 744 01f5 2C01     		.2byte	0x12c
 745 01f7 00000000 		.4byte	.LFB10
 746 01fb 14000000 		.4byte	.LFE10-.LFB10
 747 01ff 01       		.uleb128 0x1
 748 0200 9C       		.byte	0x9c
 749 0201 11       		.uleb128 0x11
 750 0202 BA010000 		.4byte	.LASF31
 751 0206 01       		.byte	0x1
 752 0207 4201     		.2byte	0x142
 753 0209 00000000 		.4byte	.LFB11
 754 020d 14000000 		.4byte	.LFE11-.LFB11
 755 0211 01       		.uleb128 0x1
 756 0212 9C       		.byte	0x9c
 757 0213 11       		.uleb128 0x11
 758 0214 9C010000 		.4byte	.LASF32
 759 0218 01       		.byte	0x1
 760 0219 5601     		.2byte	0x156
 761 021b 00000000 		.4byte	.LFB12
 762 021f 14000000 		.4byte	.LFE12-.LFB12
 763 0223 01       		.uleb128 0x1
 764 0224 9C       		.byte	0x9c
 765 0225 13       		.uleb128 0x13
 766 0226 A7000000 		.4byte	0xa7
 767 022a 35020000 		.4byte	0x235
 768 022e 14       		.uleb128 0x14
 769 022f BA000000 		.4byte	0xba
 770 0233 2F       		.byte	0x2f
 771 0234 00       		.byte	0
 772 0235 15       		.uleb128 0x15
 773 0236 23000000 		.4byte	.LASF37
 774 023a 01       		.byte	0x1
 775 023b 20       		.byte	0x20
 776 023c 25020000 		.4byte	0x225
 777 0240 00       		.byte	0
 778              		.section	.debug_abbrev,"",%progbits
 779              	.Ldebug_abbrev0:
 780 0000 01       		.uleb128 0x1
 781 0001 11       		.uleb128 0x11
 782 0002 01       		.byte	0x1
 783 0003 25       		.uleb128 0x25
 784 0004 0E       		.uleb128 0xe
 785 0005 13       		.uleb128 0x13
 786 0006 0B       		.uleb128 0xb
 787 0007 03       		.uleb128 0x3
 788 0008 0E       		.uleb128 0xe
 789 0009 1B       		.uleb128 0x1b
 790 000a 0E       		.uleb128 0xe
 791 000b 55       		.uleb128 0x55
 792 000c 17       		.uleb128 0x17
 793 000d 11       		.uleb128 0x11
 794 000e 01       		.uleb128 0x1
ARM GAS  C:\Users\Sam\AppData\Local\Temp\ccxtwSVX.s 			page 21


 795 000f 10       		.uleb128 0x10
 796 0010 17       		.uleb128 0x17
 797 0011 00       		.byte	0
 798 0012 00       		.byte	0
 799 0013 02       		.uleb128 0x2
 800 0014 24       		.uleb128 0x24
 801 0015 00       		.byte	0
 802 0016 0B       		.uleb128 0xb
 803 0017 0B       		.uleb128 0xb
 804 0018 3E       		.uleb128 0x3e
 805 0019 0B       		.uleb128 0xb
 806 001a 03       		.uleb128 0x3
 807 001b 0E       		.uleb128 0xe
 808 001c 00       		.byte	0
 809 001d 00       		.byte	0
 810 001e 03       		.uleb128 0x3
 811 001f 24       		.uleb128 0x24
 812 0020 00       		.byte	0
 813 0021 0B       		.uleb128 0xb
 814 0022 0B       		.uleb128 0xb
 815 0023 3E       		.uleb128 0x3e
 816 0024 0B       		.uleb128 0xb
 817 0025 03       		.uleb128 0x3
 818 0026 08       		.uleb128 0x8
 819 0027 00       		.byte	0
 820 0028 00       		.byte	0
 821 0029 04       		.uleb128 0x4
 822 002a 16       		.uleb128 0x16
 823 002b 00       		.byte	0
 824 002c 03       		.uleb128 0x3
 825 002d 0E       		.uleb128 0xe
 826 002e 3A       		.uleb128 0x3a
 827 002f 0B       		.uleb128 0xb
 828 0030 3B       		.uleb128 0x3b
 829 0031 0B       		.uleb128 0xb
 830 0032 49       		.uleb128 0x49
 831 0033 13       		.uleb128 0x13
 832 0034 00       		.byte	0
 833 0035 00       		.byte	0
 834 0036 05       		.uleb128 0x5
 835 0037 16       		.uleb128 0x16
 836 0038 00       		.byte	0
 837 0039 03       		.uleb128 0x3
 838 003a 0E       		.uleb128 0xe
 839 003b 3A       		.uleb128 0x3a
 840 003c 0B       		.uleb128 0xb
 841 003d 3B       		.uleb128 0x3b
 842 003e 05       		.uleb128 0x5
 843 003f 49       		.uleb128 0x49
 844 0040 13       		.uleb128 0x13
 845 0041 00       		.byte	0
 846 0042 00       		.byte	0
 847 0043 06       		.uleb128 0x6
 848 0044 35       		.uleb128 0x35
 849 0045 00       		.byte	0
 850 0046 49       		.uleb128 0x49
 851 0047 13       		.uleb128 0x13
ARM GAS  C:\Users\Sam\AppData\Local\Temp\ccxtwSVX.s 			page 22


 852 0048 00       		.byte	0
 853 0049 00       		.byte	0
 854 004a 07       		.uleb128 0x7
 855 004b 0F       		.uleb128 0xf
 856 004c 00       		.byte	0
 857 004d 0B       		.uleb128 0xb
 858 004e 0B       		.uleb128 0xb
 859 004f 49       		.uleb128 0x49
 860 0050 13       		.uleb128 0x13
 861 0051 00       		.byte	0
 862 0052 00       		.byte	0
 863 0053 08       		.uleb128 0x8
 864 0054 15       		.uleb128 0x15
 865 0055 00       		.byte	0
 866 0056 27       		.uleb128 0x27
 867 0057 19       		.uleb128 0x19
 868 0058 00       		.byte	0
 869 0059 00       		.byte	0
 870 005a 09       		.uleb128 0x9
 871 005b 2E       		.uleb128 0x2e
 872 005c 00       		.byte	0
 873 005d 3F       		.uleb128 0x3f
 874 005e 19       		.uleb128 0x19
 875 005f 03       		.uleb128 0x3
 876 0060 0E       		.uleb128 0xe
 877 0061 3A       		.uleb128 0x3a
 878 0062 0B       		.uleb128 0xb
 879 0063 3B       		.uleb128 0x3b
 880 0064 0B       		.uleb128 0xb
 881 0065 27       		.uleb128 0x27
 882 0066 19       		.uleb128 0x19
 883 0067 11       		.uleb128 0x11
 884 0068 01       		.uleb128 0x1
 885 0069 12       		.uleb128 0x12
 886 006a 06       		.uleb128 0x6
 887 006b 40       		.uleb128 0x40
 888 006c 18       		.uleb128 0x18
 889 006d 9642     		.uleb128 0x2116
 890 006f 19       		.uleb128 0x19
 891 0070 00       		.byte	0
 892 0071 00       		.byte	0
 893 0072 0A       		.uleb128 0xa
 894 0073 2E       		.uleb128 0x2e
 895 0074 01       		.byte	0x1
 896 0075 3F       		.uleb128 0x3f
 897 0076 19       		.uleb128 0x19
 898 0077 03       		.uleb128 0x3
 899 0078 0E       		.uleb128 0xe
 900 0079 3A       		.uleb128 0x3a
 901 007a 0B       		.uleb128 0xb
 902 007b 3B       		.uleb128 0x3b
 903 007c 0B       		.uleb128 0xb
 904 007d 27       		.uleb128 0x27
 905 007e 19       		.uleb128 0x19
 906 007f 11       		.uleb128 0x11
 907 0080 01       		.uleb128 0x1
 908 0081 12       		.uleb128 0x12
ARM GAS  C:\Users\Sam\AppData\Local\Temp\ccxtwSVX.s 			page 23


 909 0082 06       		.uleb128 0x6
 910 0083 40       		.uleb128 0x40
 911 0084 18       		.uleb128 0x18
 912 0085 9642     		.uleb128 0x2116
 913 0087 19       		.uleb128 0x19
 914 0088 01       		.uleb128 0x1
 915 0089 13       		.uleb128 0x13
 916 008a 00       		.byte	0
 917 008b 00       		.byte	0
 918 008c 0B       		.uleb128 0xb
 919 008d 05       		.uleb128 0x5
 920 008e 00       		.byte	0
 921 008f 03       		.uleb128 0x3
 922 0090 0E       		.uleb128 0xe
 923 0091 3A       		.uleb128 0x3a
 924 0092 0B       		.uleb128 0xb
 925 0093 3B       		.uleb128 0x3b
 926 0094 0B       		.uleb128 0xb
 927 0095 49       		.uleb128 0x49
 928 0096 13       		.uleb128 0x13
 929 0097 02       		.uleb128 0x2
 930 0098 18       		.uleb128 0x18
 931 0099 00       		.byte	0
 932 009a 00       		.byte	0
 933 009b 0C       		.uleb128 0xc
 934 009c 2E       		.uleb128 0x2e
 935 009d 00       		.byte	0
 936 009e 3F       		.uleb128 0x3f
 937 009f 19       		.uleb128 0x19
 938 00a0 03       		.uleb128 0x3
 939 00a1 0E       		.uleb128 0xe
 940 00a2 3A       		.uleb128 0x3a
 941 00a3 0B       		.uleb128 0xb
 942 00a4 3B       		.uleb128 0x3b
 943 00a5 0B       		.uleb128 0xb
 944 00a6 27       		.uleb128 0x27
 945 00a7 19       		.uleb128 0x19
 946 00a8 11       		.uleb128 0x11
 947 00a9 01       		.uleb128 0x1
 948 00aa 12       		.uleb128 0x12
 949 00ab 06       		.uleb128 0x6
 950 00ac 40       		.uleb128 0x40
 951 00ad 18       		.uleb128 0x18
 952 00ae 9742     		.uleb128 0x2117
 953 00b0 19       		.uleb128 0x19
 954 00b1 00       		.byte	0
 955 00b2 00       		.byte	0
 956 00b3 0D       		.uleb128 0xd
 957 00b4 2E       		.uleb128 0x2e
 958 00b5 01       		.byte	0x1
 959 00b6 3F       		.uleb128 0x3f
 960 00b7 19       		.uleb128 0x19
 961 00b8 03       		.uleb128 0x3
 962 00b9 0E       		.uleb128 0xe
 963 00ba 3A       		.uleb128 0x3a
 964 00bb 0B       		.uleb128 0xb
 965 00bc 3B       		.uleb128 0x3b
ARM GAS  C:\Users\Sam\AppData\Local\Temp\ccxtwSVX.s 			page 24


 966 00bd 0B       		.uleb128 0xb
 967 00be 27       		.uleb128 0x27
 968 00bf 19       		.uleb128 0x19
 969 00c0 11       		.uleb128 0x11
 970 00c1 01       		.uleb128 0x1
 971 00c2 12       		.uleb128 0x12
 972 00c3 06       		.uleb128 0x6
 973 00c4 40       		.uleb128 0x40
 974 00c5 18       		.uleb128 0x18
 975 00c6 9742     		.uleb128 0x2117
 976 00c8 19       		.uleb128 0x19
 977 00c9 01       		.uleb128 0x1
 978 00ca 13       		.uleb128 0x13
 979 00cb 00       		.byte	0
 980 00cc 00       		.byte	0
 981 00cd 0E       		.uleb128 0xe
 982 00ce 2E       		.uleb128 0x2e
 983 00cf 00       		.byte	0
 984 00d0 3F       		.uleb128 0x3f
 985 00d1 19       		.uleb128 0x19
 986 00d2 03       		.uleb128 0x3
 987 00d3 0E       		.uleb128 0xe
 988 00d4 3A       		.uleb128 0x3a
 989 00d5 0B       		.uleb128 0xb
 990 00d6 3B       		.uleb128 0x3b
 991 00d7 0B       		.uleb128 0xb
 992 00d8 27       		.uleb128 0x27
 993 00d9 19       		.uleb128 0x19
 994 00da 49       		.uleb128 0x49
 995 00db 13       		.uleb128 0x13
 996 00dc 11       		.uleb128 0x11
 997 00dd 01       		.uleb128 0x1
 998 00de 12       		.uleb128 0x12
 999 00df 06       		.uleb128 0x6
 1000 00e0 40       		.uleb128 0x40
 1001 00e1 18       		.uleb128 0x18
 1002 00e2 9742     		.uleb128 0x2117
 1003 00e4 19       		.uleb128 0x19
 1004 00e5 00       		.byte	0
 1005 00e6 00       		.byte	0
 1006 00e7 0F       		.uleb128 0xf
 1007 00e8 34       		.uleb128 0x34
 1008 00e9 00       		.byte	0
 1009 00ea 03       		.uleb128 0x3
 1010 00eb 0E       		.uleb128 0xe
 1011 00ec 3A       		.uleb128 0x3a
 1012 00ed 0B       		.uleb128 0xb
 1013 00ee 3B       		.uleb128 0x3b
 1014 00ef 0B       		.uleb128 0xb
 1015 00f0 49       		.uleb128 0x49
 1016 00f1 13       		.uleb128 0x13
 1017 00f2 02       		.uleb128 0x2
 1018 00f3 18       		.uleb128 0x18
 1019 00f4 00       		.byte	0
 1020 00f5 00       		.byte	0
 1021 00f6 10       		.uleb128 0x10
 1022 00f7 2E       		.uleb128 0x2e
ARM GAS  C:\Users\Sam\AppData\Local\Temp\ccxtwSVX.s 			page 25


 1023 00f8 01       		.byte	0x1
 1024 00f9 3F       		.uleb128 0x3f
 1025 00fa 19       		.uleb128 0x19
 1026 00fb 03       		.uleb128 0x3
 1027 00fc 0E       		.uleb128 0xe
 1028 00fd 3A       		.uleb128 0x3a
 1029 00fe 0B       		.uleb128 0xb
 1030 00ff 3B       		.uleb128 0x3b
 1031 0100 0B       		.uleb128 0xb
 1032 0101 27       		.uleb128 0x27
 1033 0102 19       		.uleb128 0x19
 1034 0103 49       		.uleb128 0x49
 1035 0104 13       		.uleb128 0x13
 1036 0105 11       		.uleb128 0x11
 1037 0106 01       		.uleb128 0x1
 1038 0107 12       		.uleb128 0x12
 1039 0108 06       		.uleb128 0x6
 1040 0109 40       		.uleb128 0x40
 1041 010a 18       		.uleb128 0x18
 1042 010b 9742     		.uleb128 0x2117
 1043 010d 19       		.uleb128 0x19
 1044 010e 01       		.uleb128 0x1
 1045 010f 13       		.uleb128 0x13
 1046 0110 00       		.byte	0
 1047 0111 00       		.byte	0
 1048 0112 11       		.uleb128 0x11
 1049 0113 2E       		.uleb128 0x2e
 1050 0114 00       		.byte	0
 1051 0115 3F       		.uleb128 0x3f
 1052 0116 19       		.uleb128 0x19
 1053 0117 03       		.uleb128 0x3
 1054 0118 0E       		.uleb128 0xe
 1055 0119 3A       		.uleb128 0x3a
 1056 011a 0B       		.uleb128 0xb
 1057 011b 3B       		.uleb128 0x3b
 1058 011c 05       		.uleb128 0x5
 1059 011d 27       		.uleb128 0x27
 1060 011e 19       		.uleb128 0x19
 1061 011f 11       		.uleb128 0x11
 1062 0120 01       		.uleb128 0x1
 1063 0121 12       		.uleb128 0x12
 1064 0122 06       		.uleb128 0x6
 1065 0123 40       		.uleb128 0x40
 1066 0124 18       		.uleb128 0x18
 1067 0125 9742     		.uleb128 0x2117
 1068 0127 19       		.uleb128 0x19
 1069 0128 00       		.byte	0
 1070 0129 00       		.byte	0
 1071 012a 12       		.uleb128 0x12
 1072 012b 2E       		.uleb128 0x2e
 1073 012c 00       		.byte	0
 1074 012d 3F       		.uleb128 0x3f
 1075 012e 19       		.uleb128 0x19
 1076 012f 03       		.uleb128 0x3
 1077 0130 0E       		.uleb128 0xe
 1078 0131 3A       		.uleb128 0x3a
 1079 0132 0B       		.uleb128 0xb
ARM GAS  C:\Users\Sam\AppData\Local\Temp\ccxtwSVX.s 			page 26


 1080 0133 3B       		.uleb128 0x3b
 1081 0134 05       		.uleb128 0x5
 1082 0135 27       		.uleb128 0x27
 1083 0136 19       		.uleb128 0x19
 1084 0137 49       		.uleb128 0x49
 1085 0138 13       		.uleb128 0x13
 1086 0139 11       		.uleb128 0x11
 1087 013a 01       		.uleb128 0x1
 1088 013b 12       		.uleb128 0x12
 1089 013c 06       		.uleb128 0x6
 1090 013d 40       		.uleb128 0x40
 1091 013e 18       		.uleb128 0x18
 1092 013f 9742     		.uleb128 0x2117
 1093 0141 19       		.uleb128 0x19
 1094 0142 00       		.byte	0
 1095 0143 00       		.byte	0
 1096 0144 13       		.uleb128 0x13
 1097 0145 01       		.uleb128 0x1
 1098 0146 01       		.byte	0x1
 1099 0147 49       		.uleb128 0x49
 1100 0148 13       		.uleb128 0x13
 1101 0149 01       		.uleb128 0x1
 1102 014a 13       		.uleb128 0x13
 1103 014b 00       		.byte	0
 1104 014c 00       		.byte	0
 1105 014d 14       		.uleb128 0x14
 1106 014e 21       		.uleb128 0x21
 1107 014f 00       		.byte	0
 1108 0150 49       		.uleb128 0x49
 1109 0151 13       		.uleb128 0x13
 1110 0152 2F       		.uleb128 0x2f
 1111 0153 0B       		.uleb128 0xb
 1112 0154 00       		.byte	0
 1113 0155 00       		.byte	0
 1114 0156 15       		.uleb128 0x15
 1115 0157 34       		.uleb128 0x34
 1116 0158 00       		.byte	0
 1117 0159 03       		.uleb128 0x3
 1118 015a 0E       		.uleb128 0xe
 1119 015b 3A       		.uleb128 0x3a
 1120 015c 0B       		.uleb128 0xb
 1121 015d 3B       		.uleb128 0x3b
 1122 015e 0B       		.uleb128 0xb
 1123 015f 49       		.uleb128 0x49
 1124 0160 13       		.uleb128 0x13
 1125 0161 3F       		.uleb128 0x3f
 1126 0162 19       		.uleb128 0x19
 1127 0163 3C       		.uleb128 0x3c
 1128 0164 19       		.uleb128 0x19
 1129 0165 00       		.byte	0
 1130 0166 00       		.byte	0
 1131 0167 00       		.byte	0
 1132              		.section	.debug_aranges,"",%progbits
 1133 0000 7C000000 		.4byte	0x7c
 1134 0004 0200     		.2byte	0x2
 1135 0006 00000000 		.4byte	.Ldebug_info0
 1136 000a 04       		.byte	0x4
ARM GAS  C:\Users\Sam\AppData\Local\Temp\ccxtwSVX.s 			page 27


 1137 000b 00       		.byte	0
 1138 000c 0000     		.2byte	0
 1139 000e 0000     		.2byte	0
 1140 0010 00000000 		.4byte	.LFB0
 1141 0014 24000000 		.4byte	.LFE0-.LFB0
 1142 0018 00000000 		.4byte	.LFB1
 1143 001c 24000000 		.4byte	.LFE1-.LFB1
 1144 0020 00000000 		.4byte	.LFB2
 1145 0024 18000000 		.4byte	.LFE2-.LFB2
 1146 0028 00000000 		.4byte	.LFB3
 1147 002c 08000000 		.4byte	.LFE3-.LFB3
 1148 0030 00000000 		.4byte	.LFB4
 1149 0034 18000000 		.4byte	.LFE4-.LFB4
 1150 0038 00000000 		.4byte	.LFB5
 1151 003c 14000000 		.4byte	.LFE5-.LFB5
 1152 0040 00000000 		.4byte	.LFB6
 1153 0044 50000000 		.4byte	.LFE6-.LFB6
 1154 0048 00000000 		.4byte	.LFB7
 1155 004c 30000000 		.4byte	.LFE7-.LFB7
 1156 0050 00000000 		.4byte	.LFB8
 1157 0054 14000000 		.4byte	.LFE8-.LFB8
 1158 0058 00000000 		.4byte	.LFB9
 1159 005c 20000000 		.4byte	.LFE9-.LFB9
 1160 0060 00000000 		.4byte	.LFB10
 1161 0064 14000000 		.4byte	.LFE10-.LFB10
 1162 0068 00000000 		.4byte	.LFB11
 1163 006c 14000000 		.4byte	.LFE11-.LFB11
 1164 0070 00000000 		.4byte	.LFB12
 1165 0074 14000000 		.4byte	.LFE12-.LFB12
 1166 0078 00000000 		.4byte	0
 1167 007c 00000000 		.4byte	0
 1168              		.section	.debug_ranges,"",%progbits
 1169              	.Ldebug_ranges0:
 1170 0000 00000000 		.4byte	.LFB0
 1171 0004 24000000 		.4byte	.LFE0
 1172 0008 00000000 		.4byte	.LFB1
 1173 000c 24000000 		.4byte	.LFE1
 1174 0010 00000000 		.4byte	.LFB2
 1175 0014 18000000 		.4byte	.LFE2
 1176 0018 00000000 		.4byte	.LFB3
 1177 001c 08000000 		.4byte	.LFE3
 1178 0020 00000000 		.4byte	.LFB4
 1179 0024 18000000 		.4byte	.LFE4
 1180 0028 00000000 		.4byte	.LFB5
 1181 002c 14000000 		.4byte	.LFE5
 1182 0030 00000000 		.4byte	.LFB6
 1183 0034 50000000 		.4byte	.LFE6
 1184 0038 00000000 		.4byte	.LFB7
 1185 003c 30000000 		.4byte	.LFE7
 1186 0040 00000000 		.4byte	.LFB8
 1187 0044 14000000 		.4byte	.LFE8
 1188 0048 00000000 		.4byte	.LFB9
 1189 004c 20000000 		.4byte	.LFE9
 1190 0050 00000000 		.4byte	.LFB10
 1191 0054 14000000 		.4byte	.LFE10
 1192 0058 00000000 		.4byte	.LFB11
 1193 005c 14000000 		.4byte	.LFE11
ARM GAS  C:\Users\Sam\AppData\Local\Temp\ccxtwSVX.s 			page 28


 1194 0060 00000000 		.4byte	.LFB12
 1195 0064 14000000 		.4byte	.LFE12
 1196 0068 00000000 		.4byte	0
 1197 006c 00000000 		.4byte	0
 1198              		.section	.debug_line,"",%progbits
 1199              	.Ldebug_line0:
 1200 0000 5B010000 		.section	.debug_str,"MS",%progbits,1
 1200      02004F00 
 1200      00000201 
 1200      FB0E0D00 
 1200      01010101 
 1201              	.LASF14:
 1202 0000 72656733 		.ascii	"reg32\000"
 1202      3200
 1203              	.LASF36:
 1204 0006 456E636F 		.ascii	"EncoderInterrupt_GetPriority\000"
 1204      64657249 
 1204      6E746572 
 1204      72757074 
 1204      5F476574 
 1205              	.LASF37:
 1206 0023 43795261 		.ascii	"CyRamVectors\000"
 1206      6D566563 
 1206      746F7273 
 1206      00
 1207              	.LASF18:
 1208 0030 456E636F 		.ascii	"EncoderInterrupt_Stop\000"
 1208      64657249 
 1208      6E746572 
 1208      72757074 
 1208      5F53746F 
 1209              	.LASF3:
 1210 0046 73686F72 		.ascii	"short unsigned int\000"
 1210      7420756E 
 1210      7369676E 
 1210      65642069 
 1210      6E7400
 1211              	.LASF27:
 1212 0059 456E636F 		.ascii	"EncoderInterrupt_Enable\000"
 1212      64657249 
 1212      6E746572 
 1212      72757074 
 1212      5F456E61 
 1213              	.LASF21:
 1214 0071 456E636F 		.ascii	"EncoderInterrupt_SetVector\000"
 1214      64657249 
 1214      6E746572 
 1214      72757074 
 1214      5F536574 
 1215              	.LASF11:
 1216 008c 666C6F61 		.ascii	"float\000"
 1216      7400
 1217              	.LASF33:
 1218 0092 474E5520 		.ascii	"GNU C 4.8.4 20140526 (release) [ARM/embedded-4_8-br"
 1218      4320342E 
 1218      382E3420 
 1218      32303134 
ARM GAS  C:\Users\Sam\AppData\Local\Temp\ccxtwSVX.s 			page 29


 1218      30353236 
 1219 00c5 616E6368 		.ascii	"anch revision 211358] -mcpu=cortex-m0 -mthumb -g -O"
 1219      20726576 
 1219      6973696F 
 1219      6E203231 
 1219      31333538 
 1220 00f8 30202D66 		.ascii	"0 -ffunction-sections\000"
 1220      66756E63 
 1220      74696F6E 
 1220      2D736563 
 1220      74696F6E 
 1221              	.LASF1:
 1222 010e 756E7369 		.ascii	"unsigned char\000"
 1222      676E6564 
 1222      20636861 
 1222      7200
 1223              	.LASF34:
 1224 011c 2E5C4765 		.ascii	".\\Generated_Source\\PSoC4\\EncoderInterrupt.c\000"
 1224      6E657261 
 1224      7465645F 
 1224      536F7572 
 1224      63655C50 
 1225              	.LASF25:
 1226 0148 696E7465 		.ascii	"interruptState\000"
 1226      72727570 
 1226      74537461 
 1226      746500
 1227              	.LASF5:
 1228 0157 6C6F6E67 		.ascii	"long unsigned int\000"
 1228      20756E73 
 1228      69676E65 
 1228      6420696E 
 1228      7400
 1229              	.LASF9:
 1230 0169 75696E74 		.ascii	"uint8\000"
 1230      3800
 1231              	.LASF24:
 1232 016f 7072696F 		.ascii	"priority\000"
 1232      72697479 
 1232      00
 1233              	.LASF12:
 1234 0178 646F7562 		.ascii	"double\000"
 1234      6C6500
 1235              	.LASF23:
 1236 017f 456E636F 		.ascii	"EncoderInterrupt_SetPriority\000"
 1236      64657249 
 1236      6E746572 
 1236      72757074 
 1236      5F536574 
 1237              	.LASF32:
 1238 019c 456E636F 		.ascii	"EncoderInterrupt_ClearPending\000"
 1238      64657249 
 1238      6E746572 
 1238      72757074 
 1238      5F436C65 
 1239              	.LASF31:
 1240 01ba 456E636F 		.ascii	"EncoderInterrupt_SetPending\000"
ARM GAS  C:\Users\Sam\AppData\Local\Temp\ccxtwSVX.s 			page 30


 1240      64657249 
 1240      6E746572 
 1240      72757074 
 1240      5F536574 
 1241              	.LASF17:
 1242 01d6 456E636F 		.ascii	"EncoderInterrupt_Start\000"
 1242      64657249 
 1242      6E746572 
 1242      72757074 
 1242      5F537461 
 1243              	.LASF10:
 1244 01ed 75696E74 		.ascii	"uint32\000"
 1244      333200
 1245              	.LASF8:
 1246 01f4 756E7369 		.ascii	"unsigned int\000"
 1246      676E6564 
 1246      20696E74 
 1246      00
 1247              	.LASF22:
 1248 0201 61646472 		.ascii	"address\000"
 1248      65737300 
 1249              	.LASF7:
 1250 0209 6C6F6E67 		.ascii	"long long unsigned int\000"
 1250      206C6F6E 
 1250      6720756E 
 1250      7369676E 
 1250      65642069 
 1251              	.LASF28:
 1252 0220 456E636F 		.ascii	"EncoderInterrupt_GetVector\000"
 1252      64657249 
 1252      6E746572 
 1252      72757074 
 1252      5F476574 
 1253              	.LASF19:
 1254 023b 456E636F 		.ascii	"EncoderInterrupt_Interrupt\000"
 1254      64657249 
 1254      6E746572 
 1254      72757074 
 1254      5F496E74 
 1255              	.LASF15:
 1256 0256 63796973 		.ascii	"cyisraddress\000"
 1256      72616464 
 1256      72657373 
 1256      00
 1257              	.LASF20:
 1258 0263 456E636F 		.ascii	"EncoderInterrupt_StartEx\000"
 1258      64657249 
 1258      6E746572 
 1258      72757074 
 1258      5F537461 
 1259              	.LASF16:
 1260 027c 73697A65 		.ascii	"sizetype\000"
 1260      74797065 
 1260      00
 1261              	.LASF6:
 1262 0285 6C6F6E67 		.ascii	"long long int\000"
 1262      206C6F6E 
ARM GAS  C:\Users\Sam\AppData\Local\Temp\ccxtwSVX.s 			page 31


 1262      6720696E 
 1262      7400
 1263              	.LASF13:
 1264 0293 63686172 		.ascii	"char\000"
 1264      00
 1265              	.LASF35:
 1266 0298 433A5C55 		.ascii	"C:\\Users\\Sam\\OneDrive\\Github\\PSoC-4-Motor-Cont"
 1266      73657273 
 1266      5C53616D 
 1266      5C4F6E65 
 1266      44726976 
 1267 02c6 726F6C6C 		.ascii	"roller\\PSoC 4 Encoder Modbus Slave.cydsn\000"
 1267      65725C50 
 1267      536F4320 
 1267      3420456E 
 1267      636F6465 
 1268              	.LASF2:
 1269 02ef 73686F72 		.ascii	"short int\000"
 1269      7420696E 
 1269      7400
 1270              	.LASF30:
 1271 02f9 456E636F 		.ascii	"EncoderInterrupt_Disable\000"
 1271      64657249 
 1271      6E746572 
 1271      72757074 
 1271      5F446973 
 1272              	.LASF26:
 1273 0312 7072696F 		.ascii	"priorityOffset\000"
 1273      72697479 
 1273      4F666673 
 1273      657400
 1274              	.LASF29:
 1275 0321 456E636F 		.ascii	"EncoderInterrupt_GetState\000"
 1275      64657249 
 1275      6E746572 
 1275      72757074 
 1275      5F476574 
 1276              	.LASF4:
 1277 033b 6C6F6E67 		.ascii	"long int\000"
 1277      20696E74 
 1277      00
 1278              	.LASF0:
 1279 0344 7369676E 		.ascii	"signed char\000"
 1279      65642063 
 1279      68617200 
 1280              		.ident	"GCC: (GNU Tools for ARM Embedded Processors) 4.8.4 20140526 (release) [ARM/embedded-4_8-br
