Archive member included because of file (symbol)

.\CortexM0\ARM_GCC_484\Debug\PSoC 4 Encoder Modbus Slave.a(cyfitter_cfg.o)
                              .\CortexM0\ARM_GCC_484\Debug\Cm0Start.o (cyfitter_cfg)
.\CortexM0\ARM_GCC_484\Debug\PSoC 4 Encoder Modbus Slave.a(CyBootAsmGnu.o)
                              .\CortexM0\ARM_GCC_484\Debug\PSoC 4 Encoder Modbus Slave.a(cyfitter_cfg.o) (CyDelayCycles)
.\CortexM0\ARM_GCC_484\Debug\PSoC 4 Encoder Modbus Slave.a(CyLib.o)
                              .\CortexM0\ARM_GCC_484\Debug\PSoC 4 Encoder Modbus Slave.a(cyfitter_cfg.o) (CyDelayUs)
.\CortexM0\ARM_GCC_484\Debug\PSoC 4 Encoder Modbus Slave.a(MessageTimer.o)
                              .\CortexM0\ARM_GCC_484\Debug\Modbus.o (MessageTimer_Start)
.\CortexM0\ARM_GCC_484\Debug\PSoC 4 Encoder Modbus Slave.a(ModbusUART.o)
                              .\CortexM0\ARM_GCC_484\Debug\main.o (ModbusUART_Start)
.\CortexM0\ARM_GCC_484\Debug\PSoC 4 Encoder Modbus Slave.a(ModbusUART_SPI_UART.o)
                              .\CortexM0\ARM_GCC_484\Debug\Modbus.o (ModbusUART_SpiUartWriteTxData)
.\CortexM0\ARM_GCC_484\Debug\PSoC 4 Encoder Modbus Slave.a(ModbusUART_UART.o)
                              .\CortexM0\ARM_GCC_484\Debug\PSoC 4 Encoder Modbus Slave.a(ModbusUART.o) (ModbusUART_UartInit)
.\CortexM0\ARM_GCC_484\Debug\PSoC 4 Encoder Modbus Slave.a(MessageReceived.o)
                              .\CortexM0\ARM_GCC_484\Debug\main.o (MessageReceived_StartEx)
.\CortexM0\ARM_GCC_484\Debug\PSoC 4 Encoder Modbus Slave.a(EndOfMessage.o)
                              .\CortexM0\ARM_GCC_484\Debug\Modbus.o (EndOfMessage_StartEx)
.\CortexM0\ARM_GCC_484\Debug\PSoC 4 Encoder Modbus Slave.a(writeEnable.o)
                              .\CortexM0\ARM_GCC_484\Debug\main.o (writeEnable_Write)
.\CortexM0\ARM_GCC_484\Debug\PSoC 4 Encoder Modbus Slave.a(ChannelA.o)
                              .\CortexM0\ARM_GCC_484\Debug\main.o (ChannelA_Read)
.\CortexM0\ARM_GCC_484\Debug\PSoC 4 Encoder Modbus Slave.a(ChannelB.o)
                              .\CortexM0\ARM_GCC_484\Debug\main.o (ChannelB_Read)
.\CortexM0\ARM_GCC_484\Debug\PSoC 4 Encoder Modbus Slave.a(EncoderInterrupt.o)
                              .\CortexM0\ARM_GCC_484\Debug\main.o (EncoderInterrupt_StartEx)
.\CortexM0\ARM_GCC_484\Debug\PSoC 4 Encoder Modbus Slave.a(EncoderInterruptPin.o)
                              .\CortexM0\ARM_GCC_484\Debug\interrupts.o (EncoderInterruptPin_ClearInterrupt)
.\CortexM0\ARM_GCC_484\Debug\PSoC 4 Encoder Modbus Slave.a(SpeedTimer.o)
                              .\CortexM0\ARM_GCC_484\Debug\main.o (SpeedTimer_Start)
.\CortexM0\ARM_GCC_484\Debug\PSoC 4 Encoder Modbus Slave.a(SpeedInterrupt.o)
                              .\CortexM0\ARM_GCC_484\Debug\main.o (SpeedInterrupt_StartEx)
.\CortexM0\ARM_GCC_484\Debug\PSoC 4 Encoder Modbus Slave.a(MotorPWM.o)
                              .\CortexM0\ARM_GCC_484\Debug\main.o (MotorPWM_Start)
.\CortexM0\ARM_GCC_484\Debug\PSoC 4 Encoder Modbus Slave.a(Direction.o)
                              .\CortexM0\ARM_GCC_484\Debug\main.o (Direction_Write)
.\CortexM0\ARM_GCC_484\Debug\PSoC 4 Encoder Modbus Slave.a(MotorCurrentADC.o)
                              .\CortexM0\ARM_GCC_484\Debug\main.o (MotorCurrentADC_Start)
.\CortexM0\ARM_GCC_484\Debug\PSoC 4 Encoder Modbus Slave.a(MotorCurrentADC_INT.o)
                              .\CortexM0\ARM_GCC_484\Debug\PSoC 4 Encoder Modbus Slave.a(MotorCurrentADC.o) (MotorCurrentADC_ISR)
c:/program files (x86)/cypress/psoc creator/3.1/psoc creator/import/gnu_cs/arm/4.8.4/bin/../lib/gcc/arm-none-eabi/4.8.4/armv6-m\libgcc.a(_udivsi3.o)
                              .\CortexM0\ARM_GCC_484\Debug\PSoC 4 Encoder Modbus Slave.a(CyLib.o) (__aeabi_uidiv)
c:/program files (x86)/cypress/psoc creator/3.1/psoc creator/import/gnu_cs/arm/4.8.4/bin/../lib/gcc/arm-none-eabi/4.8.4/armv6-m\libgcc.a(_divsi3.o)
                              .\CortexM0\ARM_GCC_484\Debug\Cm0Start.o (__aeabi_idiv)
c:/program files (x86)/cypress/psoc creator/3.1/psoc creator/import/gnu_cs/arm/4.8.4/bin/../lib/gcc/arm-none-eabi/4.8.4/armv6-m\libgcc.a(_dvmd_tls.o)
                              c:/program files (x86)/cypress/psoc creator/3.1/psoc creator/import/gnu_cs/arm/4.8.4/bin/../lib/gcc/arm-none-eabi/4.8.4/armv6-m\libgcc.a(_udivsi3.o) (__aeabi_idiv0)
c:/program files (x86)/cypress/psoc creator/3.1/psoc creator/import/gnu_cs/arm/4.8.4/bin/../lib/gcc/arm-none-eabi/4.8.4/armv6-m\libgcc.a(_aeabi_ldivmod.o)
                              .\CortexM0\ARM_GCC_484\Debug\PSoC 4 Encoder Modbus Slave.a(MotorCurrentADC.o) (__aeabi_ldivmod)
c:/program files (x86)/cypress/psoc creator/3.1/psoc creator/import/gnu_cs/arm/4.8.4/bin/../lib/gcc/arm-none-eabi/4.8.4/armv6-m\libgcc.a(_muldi3.o)
                              .\CortexM0\ARM_GCC_484\Debug\PSoC 4 Encoder Modbus Slave.a(MotorCurrentADC.o) (__aeabi_lmul)
[...]
Memory Configuration

Name             Origin             Length             Attributes
rom              0x00000000         0x00008000         xr
ram              0x20000000         0x00001000         xrw
*default*        0x00000000         0xffffffff

Linker script and memory map

LOAD c:/program files (x86)/cypress/psoc creator/3.1/psoc creator/import/gnu_cs/arm/4.8.4/bin/../lib/gcc/arm-none-eabi/4.8.4/armv6-m/crti.o
LOAD c:/program files (x86)/cypress/psoc creator/3.1/psoc creator/import/gnu_cs/arm/4.8.4/bin/../lib/gcc/arm-none-eabi/4.8.4/armv6-m/crtbegin.o
LOAD c:/program files (x86)/cypress/psoc creator/3.1/psoc creator/import/gnu_cs/arm/4.8.4/bin/../lib/gcc/arm-none-eabi/4.8.4/../../../../arm-none-eabi/lib/armv6-m/crt0.o
START GROUP
LOAD .\CortexM0\ARM_GCC_484\Debug\main.o
LOAD .\CortexM0\ARM_GCC_484\Debug\interrupts.o
LOAD .\CortexM0\ARM_GCC_484\Debug\Modbus.o
LOAD .\CortexM0\ARM_GCC_484\Debug\cymetadata.o
LOAD .\CortexM0\ARM_GCC_484\Debug\Cm0Start.o
LOAD .\CortexM0\ARM_GCC_484\Debug\PSoC 4 Encoder Modbus Slave.a
LOAD C:\Program Files (x86)\Cypress\PSoC Creator\3.1\PSoC Creator\psoc\content\cycomponentlibrary\CyComponentLibrary.cylib\CortexM0\ARM_GCC_484\Debug\CyComponentLibrary.a
END GROUP
START GROUP
LOAD c:/program files (x86)/cypress/psoc creator/3.1/psoc creator/import/gnu_cs/arm/4.8.4/bin/../lib/gcc/arm-none-eabi/4.8.4/armv6-m\libgcc.a
LOAD c:/program files (x86)/cypress/psoc creator/3.1/psoc creator/import/gnu_cs/arm/4.8.4/bin/../lib/gcc/arm-none-eabi/4.8.4/../../../../arm-none-eabi/lib/armv6-m\libg_s.a
LOAD c:/program files (x86)/cypress/psoc creator/3.1/psoc creator/import/gnu_cs/arm/4.8.4/bin/../lib/gcc/arm-none-eabi/4.8.4/../../../../arm-none-eabi/lib/armv6-m\libc_s.a
END GROUP
START GROUP
LOAD c:/program files (x86)/cypress/psoc creator/3.1/psoc creator/import/gnu_cs/arm/4.8.4/bin/../lib/gcc/arm-none-eabi/4.8.4/armv6-m\libgcc.a
LOAD c:/program files (x86)/cypress/psoc creator/3.1/psoc creator/import/gnu_cs/arm/4.8.4/bin/../lib/gcc/arm-none-eabi/4.8.4/../../../../arm-none-eabi/lib/armv6-m\libc_s.a
END GROUP
LOAD c:/program files (x86)/cypress/psoc creator/3.1/psoc creator/import/gnu_cs/arm/4.8.4/bin/../lib/gcc/arm-none-eabi/4.8.4/armv6-m/crtend.o
LOAD c:/program files (x86)/cypress/psoc creator/3.1/psoc creator/import/gnu_cs/arm/4.8.4/bin/../lib/gcc/arm-none-eabi/4.8.4/armv6-m/crtn.o
START GROUP
LOAD c:/program files (x86)/cypress/psoc creator/3.1/psoc creator/import/gnu_cs/arm/4.8.4/bin/../lib/gcc/arm-none-eabi/4.8.4/armv6-m\libgcc.a
LOAD c:/program files (x86)/cypress/psoc creator/3.1/psoc creator/import/gnu_cs/arm/4.8.4/bin/../lib/gcc/arm-none-eabi/4.8.4/../../../../arm-none-eabi/lib/armv6-m\libc.a
LOAD c:/program files (x86)/cypress/psoc creator/3.1/psoc creator/import/gnu_cs/arm/4.8.4/bin/../lib/gcc/arm-none-eabi/4.8.4/../../../../arm-none-eabi/lib/armv6-m\libnosys.a
END GROUP
                0x00000000                CY_APPL_ORIGIN = 0x0
                0x00000080                CY_FLASH_ROW_SIZE = 0x80
                0x00000001                CY_APPL_NUM = 0x1
                0x00000040                CY_METADATA_SIZE = 0x40
                0x20000390                PROVIDE (__cy_heap_start, _end)
                0x00000001                PROVIDE (__cy_region_num, ((__cy_regions_end - __cy_regions) / 0x10))
                0x20001000                PROVIDE (__cy_stack, (ORIGIN (ram) + 0x1000))
                0x20000c00                PROVIDE (__cy_heap_end, (__cy_stack - 0x400))

.cybootloader   0x00000000        0x0
 *(.cybootloader)
                0x00000000                appl1_start = CY_APPL_ORIGIN?CY_APPL_ORIGIN:ALIGN (CY_FLASH_ROW_SIZE)
                0x00003f80                appl2_start = (appl1_start + ALIGN ((((0x8000 - appl1_start) - (0x2 * CY_FLASH_ROW_SIZE)) / 0x2), CY_FLASH_ROW_SIZE))
                0x00000000                appl_start = (CY_APPL_NUM == 0x1)?appl1_start:appl2_start

.text           0x00000000     0x4798
 CREATE_OBJECT_SYMBOLS
                0x00000000                PROVIDE (__cy_interrupt_vector, RomVectors)
 *(.romvectors)
 .romvectors    0x00000000       0x10 .\CortexM0\ARM_GCC_484\Debug\Cm0Start.o
                0x00000000                RomVectors
                0x00000001                ASSERT ((. != __cy_interrupt_vector), No interrupt vector)
                0x00000001                ASSERT (CY_APPL_ORIGIN?(SIZEOF (.cybootloader) <= CY_APPL_ORIGIN):0x1, Wrong image location)
                0x00000010                PROVIDE (__cy_reset, Reset)
 *(.text.Reset)
 .text.Reset    0x00000010        0x8 .\CortexM0\ARM_GCC_484\Debug\Cm0Start.o
                0x00000010                Reset
                0x00000001                ASSERT ((. != __cy_reset), No reset code)
 *(.psocinit)
 .psocinit      0x00000018      0x35c .\CortexM0\ARM_GCC_484\Debug\PSoC 4 Encoder Modbus Slave.a(cyfitter_cfg.o)
                0x000001a8                cyfitter_cfg
                0x00000374                . = MAX (., 0x100)
 *(.text .text.* .gnu.linkonce.t.*)
 .text          0x00000374       0x60 c:/program files (x86)/cypress/psoc creator/3.1/psoc creator/import/gnu_cs/arm/4.8.4/bin/../lib/gcc/arm-none-eabi/4.8.4/armv6-m/crtbegin.o
 .text.main     0x000003d4      0x1e4 .\CortexM0\ARM_GCC_484\Debug\main.o
                0x000003d4                main
 .text.updateEncoder
                0x000005b8       0xe4 .\CortexM0\ARM_GCC_484\Debug\main.o
                0x000005b8                updateEncoder
 *fill*         0x0000069c        0x4 
 .text.calculateSpeed
                0x000006a0       0xa0 .\CortexM0\ARM_GCC_484\Debug\main.o
                0x000006a0                calculateSpeed
 .text.scaleModbusPIDConstants
                0x00000740       0x20 .\CortexM0\ARM_GCC_484\Debug\main.o
                0x00000740                scaleModbusPIDConstants
 .text.calculatePID
                0x00000760      0x100 .\CortexM0\ARM_GCC_484\Debug\main.o
                0x00000760                calculatePID
 .text.updateModbusPackets
                0x00000860       0x5c .\CortexM0\ARM_GCC_484\Debug\main.o
                0x00000860                updateModbusPackets
 .text.messageReceived_isr
                0x000008bc       0x30 .\CortexM0\ARM_GCC_484\Debug\interrupts.o
                0x000008bc                messageReceived_isr
 .text.endOfMessage_isr
                0x000008ec       0x30 .\CortexM0\ARM_GCC_484\Debug\interrupts.o
                0x000008ec                endOfMessage_isr
 .text.encoder_isr
                0x0000091c       0x18 .\CortexM0\ARM_GCC_484\Debug\interrupts.o
                0x0000091c                encoder_isr
 .text.speed_isr
                0x00000934       0x18 .\CortexM0\ARM_GCC_484\Debug\interrupts.o
                0x00000934                speed_isr
 .text.decodeMessage
                0x0000094c       0xd8 .\CortexM0\ARM_GCC_484\Debug\Modbus.o
                0x0000094c                decodeMessage
 .text.checkIfEndOfMessage
                0x00000a24       0xfc .\CortexM0\ARM_GCC_484\Debug\Modbus.o
                0x00000a24                checkIfEndOfMessage
 .text.processMessage
                0x00000b20       0x98 .\CortexM0\ARM_GCC_484\Debug\Modbus.o
                0x00000b20                processMessage
 .text.readCoil
                0x00000bb8      0x298 .\CortexM0\ARM_GCC_484\Debug\Modbus.o
                0x00000bb8                readCoil
 .text.readInputCoil
                0x00000e50      0x298 .\CortexM0\ARM_GCC_484\Debug\Modbus.o
                0x00000e50                readInputCoil
 .text.readInputReg
                0x000010e8      0x1a8 .\CortexM0\ARM_GCC_484\Debug\Modbus.o
                0x000010e8                readInputReg
 .text.readReg  0x00001290      0x1ac .\CortexM0\ARM_GCC_484\Debug\Modbus.o
                0x00001290                readReg
 .text.writeReg
                0x0000143c      0x100 .\CortexM0\ARM_GCC_484\Debug\Modbus.o
                0x0000143c                writeReg
 .text.writeMultipleRegs
                0x0000153c      0x184 .\CortexM0\ARM_GCC_484\Debug\Modbus.o
                0x0000153c                writeMultipleRegs
 .text.writeCoil
                0x000016c0      0x110 .\CortexM0\ARM_GCC_484\Debug\Modbus.o
                0x000016c0                writeCoil
 .text.writeMultipleCoils
                0x000017d0      0x264 .\CortexM0\ARM_GCC_484\Debug\Modbus.o
                0x000017d0                writeMultipleCoils
 .text.generateCRC
                0x00001a34       0xac .\CortexM0\ARM_GCC_484\Debug\Modbus.o
                0x00001a34                generateCRC
 .text.checkCRC
                0x00001ae0       0xc0 .\CortexM0\ARM_GCC_484\Debug\Modbus.o
                0x00001ae0                checkCRC
 .text.responseFinished
                0x00001ba0       0x40 .\CortexM0\ARM_GCC_484\Debug\Modbus.o
                0x00001ba0                responseFinished
 .text.IntDefaultHandler
                0x00001be0        0x8 .\CortexM0\ARM_GCC_484\Debug\Cm0Start.o
                0x00001be0                IntDefaultHandler
 .text.Start_c  0x00001be8       0x98 .\CortexM0\ARM_GCC_484\Debug\Cm0Start.o
                0x00001be8                Start_c
 .text.initialize_psoc
                0x00001c80       0x64 .\CortexM0\ARM_GCC_484\Debug\Cm0Start.o
                0x00001c80                initialize_psoc
 .text.CYMEMZERO
                0x00001ce4       0x20 .\CortexM0\ARM_GCC_484\Debug\PSoC 4 Encoder Modbus Slave.a(cyfitter_cfg.o)
 .text.cfg_write_bytes32
                0x00001d04       0x80 .\CortexM0\ARM_GCC_484\Debug\PSoC 4 Encoder Modbus Slave.a(cyfitter_cfg.o)
 .text.AnalogSetDefault
                0x00001d84       0x14 .\CortexM0\ARM_GCC_484\Debug\PSoC 4 Encoder Modbus Slave.a(cyfitter_cfg.o)
 .text          0x00001d98       0x28 .\CortexM0\ARM_GCC_484\Debug\PSoC 4 Encoder Modbus Slave.a(CyBootAsmGnu.o)
                0x00001d98                CyDelayCycles
                0x00001dac                CyEnterCriticalSection
                0x00001db4                CyExitCriticalSection
 .text.CyIntSetVector
                0x00001dc0       0x4c .\CortexM0\ARM_GCC_484\Debug\PSoC 4 Encoder Modbus Slave.a(CyLib.o)
                0x00001dc0                CyIntSetVector
 .text.CyIntSetPriority
                0x00001e0c       0xa8 .\CortexM0\ARM_GCC_484\Debug\PSoC 4 Encoder Modbus Slave.a(CyLib.o)
                0x00001e0c                CyIntSetPriority
 .text.CyHalt   0x00001eb4       0x14 .\CortexM0\ARM_GCC_484\Debug\PSoC 4 Encoder Modbus Slave.a(CyLib.o)
                0x00001eb4                CyHalt
 .text.CyDelayUs
                0x00001ec8       0x28 .\CortexM0\ARM_GCC_484\Debug\PSoC 4 Encoder Modbus Slave.a(CyLib.o)
                0x00001ec8                CyDelayUs
 .text.MessageTimer_Init
                0x00001ef0       0x30 .\CortexM0\ARM_GCC_484\Debug\PSoC 4 Encoder Modbus Slave.a(MessageTimer.o)
                0x00001ef0                MessageTimer_Init
 .text.MessageTimer_Enable
                0x00001f20       0x38 .\CortexM0\ARM_GCC_484\Debug\PSoC 4 Encoder Modbus Slave.a(MessageTimer.o)
                0x00001f20                MessageTimer_Enable
 .text.MessageTimer_Start
                0x00001f58       0x24 .\CortexM0\ARM_GCC_484\Debug\PSoC 4 Encoder Modbus Slave.a(MessageTimer.o)
                0x00001f58                MessageTimer_Start
 .text.MessageTimer_Stop
                0x00001f7c       0x30 .\CortexM0\ARM_GCC_484\Debug\PSoC 4 Encoder Modbus Slave.a(MessageTimer.o)
                0x00001f7c                MessageTimer_Stop
 .text.MessageTimer_WriteCounter
                0x00001fac       0x1c .\CortexM0\ARM_GCC_484\Debug\PSoC 4 Encoder Modbus Slave.a(MessageTimer.o)
                0x00001fac                MessageTimer_WriteCounter
 .text.MessageTimer_WritePeriod
                0x00001fc8       0x1c .\CortexM0\ARM_GCC_484\Debug\PSoC 4 Encoder Modbus Slave.a(MessageTimer.o)
                0x00001fc8                MessageTimer_WritePeriod
 .text.MessageTimer_TriggerCommand
                0x00001fe4       0x3c .\CortexM0\ARM_GCC_484\Debug\PSoC 4 Encoder Modbus Slave.a(MessageTimer.o)
                0x00001fe4                MessageTimer_TriggerCommand
 .text.MessageTimer_SetInterruptMode
                0x00002020       0x18 .\CortexM0\ARM_GCC_484\Debug\PSoC 4 Encoder Modbus Slave.a(MessageTimer.o)
                0x00002020                MessageTimer_SetInterruptMode
 .text.MessageTimer_GetInterruptSource
                0x00002038       0x14 .\CortexM0\ARM_GCC_484\Debug\PSoC 4 Encoder Modbus Slave.a(MessageTimer.o)
                0x00002038                MessageTimer_GetInterruptSource
 .text.MessageTimer_ClearInterrupt
                0x0000204c       0x18 .\CortexM0\ARM_GCC_484\Debug\PSoC 4 Encoder Modbus Slave.a(MessageTimer.o)
                0x0000204c                MessageTimer_ClearInterrupt
 .text.ModbusUART_Init
                0x00002064        0xc .\CortexM0\ARM_GCC_484\Debug\PSoC 4 Encoder Modbus Slave.a(ModbusUART.o)
                0x00002064                ModbusUART_Init
 .text.ModbusUART_Enable
                0x00002070       0x20 .\CortexM0\ARM_GCC_484\Debug\PSoC 4 Encoder Modbus Slave.a(ModbusUART.o)
                0x00002070                ModbusUART_Enable
 .text.ModbusUART_Start
                0x00002090       0x24 .\CortexM0\ARM_GCC_484\Debug\PSoC 4 Encoder Modbus Slave.a(ModbusUART.o)
                0x00002090                ModbusUART_Start
 .text.ModbusUART_ScbEnableIntr
                0x000020b4        0x8 .\CortexM0\ARM_GCC_484\Debug\PSoC 4 Encoder Modbus Slave.a(ModbusUART.o)
 .text.ModbusUART_SpiUartReadRxData
                0x000020bc       0x20 .\CortexM0\ARM_GCC_484\Debug\PSoC 4 Encoder Modbus Slave.a(ModbusUART_SPI_UART.o)
                0x000020bc                ModbusUART_SpiUartReadRxData
 .text.ModbusUART_SpiUartGetRxBufferSize
                0x000020dc       0x20 .\CortexM0\ARM_GCC_484\Debug\PSoC 4 Encoder Modbus Slave.a(ModbusUART_SPI_UART.o)
                0x000020dc                ModbusUART_SpiUartGetRxBufferSize
 .text.ModbusUART_SpiUartWriteTxData
                0x000020fc       0x2c .\CortexM0\ARM_GCC_484\Debug\PSoC 4 Encoder Modbus Slave.a(ModbusUART_SPI_UART.o)
                0x000020fc                ModbusUART_SpiUartWriteTxData
 .text.ModbusUART_UartInit
                0x00002128       0xac .\CortexM0\ARM_GCC_484\Debug\PSoC 4 Encoder Modbus Slave.a(ModbusUART_UART.o)
                0x00002128                ModbusUART_UartInit
 .text.ModbusUART_UartGetChar
                0x000021d4       0x44 .\CortexM0\ARM_GCC_484\Debug\PSoC 4 Encoder Modbus Slave.a(ModbusUART_UART.o)
                0x000021d4                ModbusUART_UartGetChar
 .text.MessageReceived_StartEx
                0x00002218       0x24 .\CortexM0\ARM_GCC_484\Debug\PSoC 4 Encoder Modbus Slave.a(MessageReceived.o)
                0x00002218                MessageReceived_StartEx
 .text.MessageReceived_SetVector
                0x0000223c       0x18 .\CortexM0\ARM_GCC_484\Debug\PSoC 4 Encoder Modbus Slave.a(MessageReceived.o)
                0x0000223c                MessageReceived_SetVector
 .text.MessageReceived_SetPriority
                0x00002254       0x4c .\CortexM0\ARM_GCC_484\Debug\PSoC 4 Encoder Modbus Slave.a(MessageReceived.o)
                0x00002254                MessageReceived_SetPriority
 .text.MessageReceived_Enable
                0x000022a0       0x14 .\CortexM0\ARM_GCC_484\Debug\PSoC 4 Encoder Modbus Slave.a(MessageReceived.o)
                0x000022a0                MessageReceived_Enable
 .text.MessageReceived_Disable
                0x000022b4       0x14 .\CortexM0\ARM_GCC_484\Debug\PSoC 4 Encoder Modbus Slave.a(MessageReceived.o)
                0x000022b4                MessageReceived_Disable
 .text.EndOfMessage_StartEx
                0x000022c8       0x24 .\CortexM0\ARM_GCC_484\Debug\PSoC 4 Encoder Modbus Slave.a(EndOfMessage.o)
                0x000022c8                EndOfMessage_StartEx
 .text.EndOfMessage_Stop
                0x000022ec       0x18 .\CortexM0\ARM_GCC_484\Debug\PSoC 4 Encoder Modbus Slave.a(EndOfMessage.o)
                0x000022ec                EndOfMessage_Stop
 .text.EndOfMessage_SetVector
                0x00002304       0x1c .\CortexM0\ARM_GCC_484\Debug\PSoC 4 Encoder Modbus Slave.a(EndOfMessage.o)
                0x00002304                EndOfMessage_SetVector
 .text.EndOfMessage_SetPriority
                0x00002320       0x50 .\CortexM0\ARM_GCC_484\Debug\PSoC 4 Encoder Modbus Slave.a(EndOfMessage.o)
                0x00002320                EndOfMessage_SetPriority
 .text.EndOfMessage_Enable
                0x00002370       0x14 .\CortexM0\ARM_GCC_484\Debug\PSoC 4 Encoder Modbus Slave.a(EndOfMessage.o)
                0x00002370                EndOfMessage_Enable
 .text.EndOfMessage_Disable
                0x00002384       0x14 .\CortexM0\ARM_GCC_484\Debug\PSoC 4 Encoder Modbus Slave.a(EndOfMessage.o)
                0x00002384                EndOfMessage_Disable
 .text.writeEnable_Write
                0x00002398       0x48 .\CortexM0\ARM_GCC_484\Debug\PSoC 4 Encoder Modbus Slave.a(writeEnable.o)
                0x00002398                writeEnable_Write
 .text.ChannelA_Read
                0x000023e0       0x1c .\CortexM0\ARM_GCC_484\Debug\PSoC 4 Encoder Modbus Slave.a(ChannelA.o)
                0x000023e0                ChannelA_Read
 .text.ChannelB_Read
                0x000023fc       0x1c .\CortexM0\ARM_GCC_484\Debug\PSoC 4 Encoder Modbus Slave.a(ChannelB.o)
                0x000023fc                ChannelB_Read
 .text.EncoderInterrupt_StartEx
                0x00002418       0x24 .\CortexM0\ARM_GCC_484\Debug\PSoC 4 Encoder Modbus Slave.a(EncoderInterrupt.o)
                0x00002418                EncoderInterrupt_StartEx
 .text.EncoderInterrupt_SetVector
                0x0000243c       0x18 .\CortexM0\ARM_GCC_484\Debug\PSoC 4 Encoder Modbus Slave.a(EncoderInterrupt.o)
                0x0000243c                EncoderInterrupt_SetVector
 .text.EncoderInterrupt_SetPriority
                0x00002454       0x50 .\CortexM0\ARM_GCC_484\Debug\PSoC 4 Encoder Modbus Slave.a(EncoderInterrupt.o)
                0x00002454                EncoderInterrupt_SetPriority
 .text.EncoderInterrupt_Enable
                0x000024a4       0x14 .\CortexM0\ARM_GCC_484\Debug\PSoC 4 Encoder Modbus Slave.a(EncoderInterrupt.o)
                0x000024a4                EncoderInterrupt_Enable
 .text.EncoderInterrupt_Disable
                0x000024b8       0x14 .\CortexM0\ARM_GCC_484\Debug\PSoC 4 Encoder Modbus Slave.a(EncoderInterrupt.o)
                0x000024b8                EncoderInterrupt_Disable
 .text.EncoderInterruptPin_ClearInterrupt
                0x000024cc       0x30 .\CortexM0\ARM_GCC_484\Debug\PSoC 4 Encoder Modbus Slave.a(EncoderInterruptPin.o)
                0x000024cc                EncoderInterruptPin_ClearInterrupt
 .text.SpeedTimer_Init
                0x000024fc       0x4c .\CortexM0\ARM_GCC_484\Debug\PSoC 4 Encoder Modbus Slave.a(SpeedTimer.o)
                0x000024fc                SpeedTimer_Init
 .text.SpeedTimer_Enable
                0x00002548       0x20 .\CortexM0\ARM_GCC_484\Debug\PSoC 4 Encoder Modbus Slave.a(SpeedTimer.o)
                0x00002548                SpeedTimer_Enable
 .text.SpeedTimer_Start
                0x00002568       0x24 .\CortexM0\ARM_GCC_484\Debug\PSoC 4 Encoder Modbus Slave.a(SpeedTimer.o)
                0x00002568                SpeedTimer_Start
 .text.SpeedTimer_SetInterruptMode
                0x0000258c       0x20 .\CortexM0\ARM_GCC_484\Debug\PSoC 4 Encoder Modbus Slave.a(SpeedTimer.o)
                0x0000258c                SpeedTimer_SetInterruptMode
 .text.SpeedTimer_ReadStatusRegister
                0x000025ac       0x14 .\CortexM0\ARM_GCC_484\Debug\PSoC 4 Encoder Modbus Slave.a(SpeedTimer.o)
                0x000025ac                SpeedTimer_ReadStatusRegister
 .text.SpeedTimer_ReadPeriod
                0x000025c0       0x14 .\CortexM0\ARM_GCC_484\Debug\PSoC 4 Encoder Modbus Slave.a(SpeedTimer.o)
                0x000025c0                SpeedTimer_ReadPeriod
 .text.SpeedTimer_WritePeriod
                0x000025d4       0x20 .\CortexM0\ARM_GCC_484\Debug\PSoC 4 Encoder Modbus Slave.a(SpeedTimer.o)
                0x000025d4                SpeedTimer_WritePeriod
 .text.SpeedTimer_ReadCapture
                0x000025f4       0x14 .\CortexM0\ARM_GCC_484\Debug\PSoC 4 Encoder Modbus Slave.a(SpeedTimer.o)
                0x000025f4                SpeedTimer_ReadCapture
 .text.SpeedTimer_WriteCounter
                0x00002608       0x20 .\CortexM0\ARM_GCC_484\Debug\PSoC 4 Encoder Modbus Slave.a(SpeedTimer.o)
                0x00002608                SpeedTimer_WriteCounter
 .text.SpeedTimer_ClearFIFO
                0x00002628       0x1c .\CortexM0\ARM_GCC_484\Debug\PSoC 4 Encoder Modbus Slave.a(SpeedTimer.o)
                0x00002628                SpeedTimer_ClearFIFO
 .text.SpeedInterrupt_StartEx
                0x00002644       0x24 .\CortexM0\ARM_GCC_484\Debug\PSoC 4 Encoder Modbus Slave.a(SpeedInterrupt.o)
                0x00002644                SpeedInterrupt_StartEx
 .text.SpeedInterrupt_SetVector
                0x00002668       0x18 .\CortexM0\ARM_GCC_484\Debug\PSoC 4 Encoder Modbus Slave.a(SpeedInterrupt.o)
                0x00002668                SpeedInterrupt_SetVector
 .text.SpeedInterrupt_SetPriority
                0x00002680       0x50 .\CortexM0\ARM_GCC_484\Debug\PSoC 4 Encoder Modbus Slave.a(SpeedInterrupt.o)
                0x00002680                SpeedInterrupt_SetPriority
 .text.SpeedInterrupt_Enable
                0x000026d0       0x14 .\CortexM0\ARM_GCC_484\Debug\PSoC 4 Encoder Modbus Slave.a(SpeedInterrupt.o)
                0x000026d0                SpeedInterrupt_Enable
 .text.SpeedInterrupt_Disable
                0x000026e4       0x14 .\CortexM0\ARM_GCC_484\Debug\PSoC 4 Encoder Modbus Slave.a(SpeedInterrupt.o)
                0x000026e4                SpeedInterrupt_Disable
 .text.MotorPWM_Start
                0x000026f8       0x24 .\CortexM0\ARM_GCC_484\Debug\PSoC 4 Encoder Modbus Slave.a(MotorPWM.o)
                0x000026f8                MotorPWM_Start
 .text.MotorPWM_Init
                0x0000271c       0x80 .\CortexM0\ARM_GCC_484\Debug\PSoC 4 Encoder Modbus Slave.a(MotorPWM.o)
                0x0000271c                MotorPWM_Init
 .text.MotorPWM_Enable
                0x0000279c       0x20 .\CortexM0\ARM_GCC_484\Debug\PSoC 4 Encoder Modbus Slave.a(MotorPWM.o)
                0x0000279c                MotorPWM_Enable
 .text.MotorPWM_WriteCounter
                0x000027bc       0x20 .\CortexM0\ARM_GCC_484\Debug\PSoC 4 Encoder Modbus Slave.a(MotorPWM.o)
                0x000027bc                MotorPWM_WriteCounter
 .text.MotorPWM_ClearFIFO
                0x000027dc       0x1c .\CortexM0\ARM_GCC_484\Debug\PSoC 4 Encoder Modbus Slave.a(MotorPWM.o)
                0x000027dc                MotorPWM_ClearFIFO
 .text.MotorPWM_WritePeriod
                0x000027f8       0x20 .\CortexM0\ARM_GCC_484\Debug\PSoC 4 Encoder Modbus Slave.a(MotorPWM.o)
                0x000027f8                MotorPWM_WritePeriod
 .text.MotorPWM_WriteCompare
                0x00002818       0x20 .\CortexM0\ARM_GCC_484\Debug\PSoC 4 Encoder Modbus Slave.a(MotorPWM.o)
                0x00002818                MotorPWM_WriteCompare
 .text.MotorPWM_SetInterruptMode
                0x00002838       0x20 .\CortexM0\ARM_GCC_484\Debug\PSoC 4 Encoder Modbus Slave.a(MotorPWM.o)
                0x00002838                MotorPWM_SetInterruptMode
 .text.MotorPWM_ReadStatusRegister
                0x00002858       0x14 .\CortexM0\ARM_GCC_484\Debug\PSoC 4 Encoder Modbus Slave.a(MotorPWM.o)
                0x00002858                MotorPWM_ReadStatusRegister
 .text.MotorPWM_ReadCapture
                0x0000286c       0x14 .\CortexM0\ARM_GCC_484\Debug\PSoC 4 Encoder Modbus Slave.a(MotorPWM.o)
                0x0000286c                MotorPWM_ReadCapture
 .text.Direction_Write
                0x00002880       0x4c .\CortexM0\ARM_GCC_484\Debug\PSoC 4 Encoder Modbus Slave.a(Direction.o)
                0x00002880                Direction_Write
 .text.MotorCurrentADC_Start
                0x000028cc       0x24 .\CortexM0\ARM_GCC_484\Debug\PSoC 4 Encoder Modbus Slave.a(MotorCurrentADC.o)
                0x000028cc                MotorCurrentADC_Start
 .text.MotorCurrentADC_Init
                0x000028f0      0x1a8 .\CortexM0\ARM_GCC_484\Debug\PSoC 4 Encoder Modbus Slave.a(MotorCurrentADC.o)
                0x000028f0                MotorCurrentADC_Init
 .text.MotorCurrentADC_Enable
                0x00002a98       0x28 .\CortexM0\ARM_GCC_484\Debug\PSoC 4 Encoder Modbus Slave.a(MotorCurrentADC.o)
                0x00002a98                MotorCurrentADC_Enable
 .text.MotorCurrentADC_StartConvert
                0x00002ac0       0x1c .\CortexM0\ARM_GCC_484\Debug\PSoC 4 Encoder Modbus Slave.a(MotorCurrentADC.o)
                0x00002ac0                MotorCurrentADC_StartConvert
 .text.MotorCurrentADC_IsEndConversion
                0x00002adc       0x48 .\CortexM0\ARM_GCC_484\Debug\PSoC 4 Encoder Modbus Slave.a(MotorCurrentADC.o)
                0x00002adc                MotorCurrentADC_IsEndConversion
 .text.MotorCurrentADC_GetResult16
                0x00002b24       0x44 .\CortexM0\ARM_GCC_484\Debug\PSoC 4 Encoder Modbus Slave.a(MotorCurrentADC.o)
                0x00002b24                MotorCurrentADC_GetResult16
 .text.MotorCurrentADC_CountsTo_Volts
                0x00002b68       0x80 .\CortexM0\ARM_GCC_484\Debug\PSoC 4 Encoder Modbus Slave.a(MotorCurrentADC.o)
                0x00002b68                MotorCurrentADC_CountsTo_Volts
 .text.MotorCurrentADC_ISR
                0x00002be8       0x1c .\CortexM0\ARM_GCC_484\Debug\PSoC 4 Encoder Modbus Slave.a(MotorCurrentADC_INT.o)
                0x00002be8                MotorCurrentADC_ISR
 .text          0x00002c04       0x9c c:/program files (x86)/cypress/psoc creator/3.1/psoc creator/import/gnu_cs/arm/4.8.4/bin/../lib/gcc/arm-none-eabi/4.8.4/armv6-m\libgcc.a(_udivsi3.o)
                0x00002c04                __aeabi_uidiv
                0x00002c04                __udivsi3
                0x00002c8c                __aeabi_uidivmod
 .text          0x00002ca0       0xc0 c:/program files (x86)/cypress/psoc creator/3.1/psoc creator/import/gnu_cs/arm/4.8.4/bin/../lib/gcc/arm-none-eabi/4.8.4/armv6-m\libgcc.a(_divsi3.o)
                0x00002ca0                __divsi3
                0x00002ca0                __aeabi_idiv
                0x00002d4c                __aeabi_idivmod
 .text          0x00002d60        0x4 c:/program files (x86)/cypress/psoc creator/3.1/psoc creator/import/gnu_cs/arm/4.8.4/bin/../lib/gcc/arm-none-eabi/4.8.4/armv6-m\libgcc.a(_dvmd_tls.o)
                0x00002d60                __aeabi_idiv0
                0x00002d60                __aeabi_ldiv0
 .text          0x00002d64      0x2d8 c:/program files (x86)/cypress/psoc creator/3.1/psoc creator/import/gnu_cs/arm/4.8.4/bin/../lib/gcc/arm-none-eabi/4.8.4/armv6-m\libgcc.a(addsf3.o)
                0x00002d64                __aeabi_fadd
 .text          0x0000303c      0x24c c:/program files (x86)/cypress/psoc creator/3.1/psoc creator/import/gnu_cs/arm/4.8.4/bin/../lib/gcc/arm-none-eabi/4.8.4/armv6-m\libgcc.a(divsf3.o)
                0x0000303c                __aeabi_fdiv
 .text          0x00003288      0x254 c:/program files (x86)/cypress/psoc creator/3.1/psoc creator/import/gnu_cs/arm/4.8.4/bin/../lib/gcc/arm-none-eabi/4.8.4/armv6-m\libgcc.a(mulsf3.o)
                0x00003288                __aeabi_fmul
 .text          0x000034dc      0x2ec c:/program files (x86)/cypress/psoc creator/3.1/psoc creator/import/gnu_cs/arm/4.8.4/bin/../lib/gcc/arm-none-eabi/4.8.4/armv6-m\libgcc.a(subsf3.o)
                0x000034dc                __aeabi_fsub
 .text          0x000037c8       0x40 c:/program files (x86)/cypress/psoc creator/3.1/psoc creator/import/gnu_cs/arm/4.8.4/bin/../lib/gcc/arm-none-eabi/4.8.4/armv6-m\libgcc.a(fixsfsi.o)
                0x000037c8                __aeabi_f2iz
 .text          0x00003808       0xb8 c:/program files (x86)/cypress/psoc creator/3.1/psoc creator/import/gnu_cs/arm/4.8.4/bin/../lib/gcc/arm-none-eabi/4.8.4/armv6-m\libgcc.a(floatsisf.o)
                0x00003808                __aeabi_i2f
 .text          0x000038c0       0xa0 c:/program files (x86)/cypress/psoc creator/3.1/psoc creator/import/gnu_cs/arm/4.8.4/bin/../lib/gcc/arm-none-eabi/4.8.4/armv6-m\libgcc.a(floatunsisf.o)
                0x000038c0                __aeabi_ui2f
 .text          0x00003960      0x648 c:/program files (x86)/cypress/psoc creator/3.1/psoc creator/import/gnu_cs/arm/4.8.4/bin/../lib/gcc/arm-none-eabi/4.8.4/armv6-m\libgcc.a(divdf3.o)
                0x00003960                __aeabi_ddiv
 .text          0x00003fa8      0x520 c:/program files (x86)/cypress/psoc creator/3.1/psoc creator/import/gnu_cs/arm/4.8.4/bin/../lib/gcc/arm-none-eabi/4.8.4/armv6-m\libgcc.a(muldf3.o)
                0x00003fa8                __aeabi_dmul
 .text          0x000044c8       0x7c c:/program files (x86)/cypress/psoc creator/3.1/psoc creator/import/gnu_cs/arm/4.8.4/bin/../lib/gcc/arm-none-eabi/4.8.4/armv6-m\libgcc.a(floatsidf.o)
                0x000044c8                __aeabi_i2d
 .text          0x00004544       0xa4 c:/program files (x86)/cypress/psoc creator/3.1/psoc creator/import/gnu_cs/arm/4.8.4/bin/../lib/gcc/arm-none-eabi/4.8.4/armv6-m\libgcc.a(extendsfdf2.o)
                0x00004544                __aeabi_f2d
 .text          0x000045e8      0x118 c:/program files (x86)/cypress/psoc creator/3.1/psoc creator/import/gnu_cs/arm/4.8.4/bin/../lib/gcc/arm-none-eabi/4.8.4/armv6-m\libgcc.a(truncdfsf2.o)
                0x000045e8                __aeabi_d2f
 .text          0x00004700       0x3c c:/program files (x86)/cypress/psoc creator/3.1/psoc creator/import/gnu_cs/arm/4.8.4/bin/../lib/gcc/arm-none-eabi/4.8.4/armv6-m\libgcc.a(_clzsi2.o)
                0x00004700                __clzsi2
 .text.__libc_init_array
                0x0000473c       0x4c c:/program files (x86)/cypress/psoc creator/3.1/psoc creator/import/gnu_cs/arm/4.8.4/bin/../lib/gcc/arm-none-eabi/4.8.4/../../../../arm-none-eabi/lib/armv6-m\libg_s.a(lib_a-init.o)
                0x0000473c                __libc_init_array
 .text.memset   0x00004788       0x10 c:/program files (x86)/cypress/psoc creator/3.1/psoc creator/import/gnu_cs/arm/4.8.4/bin/../lib/gcc/arm-none-eabi/4.8.4/../../../../arm-none-eabi/lib/armv6-m\libg_s.a(lib_a-memset.o)
                0x00004788                memset
 *(.plt)
 *(.gnu.warning)
 *(.glue_7t)
 .glue_7t       0x00000000        0x0 linker stubs
 *(.glue_7)
 .glue_7        0x00000000        0x0 linker stubs
 *(.vfp11_veneer)
 .vfp11_veneer  0x00000000        0x0 linker stubs
 *(.bootloader)
 *(.ARM.extab* .gnu.linkonce.armextab.*)
 *(.gcc_except_table)

.v4_bx          0x00004798        0x0
 .v4_bx         0x00000000        0x0 linker stubs

.iplt           0x00004798        0x0
 .iplt          0x00000000        0x0 c:/program files (x86)/cypress/psoc creator/3.1/psoc creator/import/gnu_cs/arm/4.8.4/bin/../lib/gcc/arm-none-eabi/4.8.4/armv6-m/crtbegin.o

.eh_frame_hdr
 *(.eh_frame_hdr)

.eh_frame       0x00004798        0x4
 *(.eh_frame)
 .eh_frame      0x00004798        0x0 c:/program files (x86)/cypress/psoc creator/3.1/psoc creator/import/gnu_cs/arm/4.8.4/bin/../lib/gcc/arm-none-eabi/4.8.4/armv6-m/crtbegin.o
 .eh_frame      0x00004798        0x4 c:/program files (x86)/cypress/psoc creator/3.1/psoc creator/import/gnu_cs/arm/4.8.4/bin/../lib/gcc/arm-none-eabi/4.8.4/armv6-m/crtend.o
                0x0000479c                PROVIDE (__exidx_start, .)

.ARM.exidx
 *(.ARM.exidx* .gnu.linkonce.armexidx.*)
                0x0000479c                __exidx_end = .

.rodata         0x0000479c      0x25c
 *(.rodata .rodata.* .gnu.linkonce.r.*)
 .rodata        0x0000479c      0x128 .\CortexM0\ARM_GCC_484\Debug\PSoC 4 Encoder Modbus Slave.a(cyfitter_cfg.o)
 .rodata        0x000048c4       0x40 c:/program files (x86)/cypress/psoc creator/3.1/psoc creator/import/gnu_cs/arm/4.8.4/bin/../lib/gcc/arm-none-eabi/4.8.4/armv6-m\libgcc.a(divsf3.o)
 .rodata        0x00004904       0x40 c:/program files (x86)/cypress/psoc creator/3.1/psoc creator/import/gnu_cs/arm/4.8.4/bin/../lib/gcc/arm-none-eabi/4.8.4/armv6-m\libgcc.a(mulsf3.o)
 .rodata        0x00004944       0x40 c:/program files (x86)/cypress/psoc creator/3.1/psoc creator/import/gnu_cs/arm/4.8.4/bin/../lib/gcc/arm-none-eabi/4.8.4/armv6-m\libgcc.a(divdf3.o)
 .rodata        0x00004984       0x40 c:/program files (x86)/cypress/psoc creator/3.1/psoc creator/import/gnu_cs/arm/4.8.4/bin/../lib/gcc/arm-none-eabi/4.8.4/armv6-m\libgcc.a(muldf3.o)
                0x000049c4                . = ALIGN (0x4)
 *(.init)
 .init          0x000049c4        0x4 c:/program files (x86)/cypress/psoc creator/3.1/psoc creator/import/gnu_cs/arm/4.8.4/bin/../lib/gcc/arm-none-eabi/4.8.4/armv6-m/crti.o
                0x000049c4                _init
 .init          0x000049c8        0x8 c:/program files (x86)/cypress/psoc creator/3.1/psoc creator/import/gnu_cs/arm/4.8.4/bin/../lib/gcc/arm-none-eabi/4.8.4/armv6-m/crtn.o
                0x000049d0                . = ALIGN (0x4)
                0x000049d0                __preinit_array_start = .
 *(.preinit_array)
                0x000049d0                __preinit_array_end = .
                0x000049d0                . = ALIGN (0x4)
                0x000049d0                __init_array_start = .
 *(SORT(.init_array.*))
 *(.init_array)
 .init_array    0x000049d0        0x4 c:/program files (x86)/cypress/psoc creator/3.1/psoc creator/import/gnu_cs/arm/4.8.4/bin/../lib/gcc/arm-none-eabi/4.8.4/armv6-m/crtbegin.o
 .init_array    0x000049d4        0x4 .\CortexM0\ARM_GCC_484\Debug\Cm0Start.o
                0x000049d8                __init_array_end = .
                0x000049d8                . = ALIGN (0x4)
 *(.fini)
 .fini          0x000049d8        0x4 c:/program files (x86)/cypress/psoc creator/3.1/psoc creator/import/gnu_cs/arm/4.8.4/bin/../lib/gcc/arm-none-eabi/4.8.4/armv6-m/crti.o
                0x000049d8                _fini
 .fini          0x000049dc        0x8 c:/program files (x86)/cypress/psoc creator/3.1/psoc creator/import/gnu_cs/arm/4.8.4/bin/../lib/gcc/arm-none-eabi/4.8.4/armv6-m/crtn.o
                0x000049e4                . = ALIGN (0x4)
                0x000049e4                __fini_array_start = .
 *(.fini_array)
 .fini_array    0x000049e4        0x4 c:/program files (x86)/cypress/psoc creator/3.1/psoc creator/import/gnu_cs/arm/4.8.4/bin/../lib/gcc/arm-none-eabi/4.8.4/armv6-m/crtbegin.o
 *(SORT(.fini_array.*))
                0x000049e8                __fini_array_end = .
                0x000049e8                . = ALIGN (0x4)
 *crtbegin.o(.ctors)
 *(EXCLUDE_FILE(*crtend.o) .ctors)
 *(SORT(.ctors.*))
 *crtend.o(.ctors)
                0x000049e8                . = ALIGN (0x4)
 *crtbegin.o(.dtors)
 *(EXCLUDE_FILE(*crtend.o) .dtors)
 *(SORT(.dtors.*))
 *crtend.o(.dtors)
                0x000049e8                . = ALIGN (0x4)
                0x000049e8                __cy_regions = .
                0x000049e8        0x4 LONG 0x49f8 __cy_region_init_ram
                0x000049ec        0x4 LONG 0x200000c8 __cy_region_start_data
                0x000049f0        0x4 LONG 0x30 __cy_region_init_size_ram
                0x000049f4        0x4 LONG 0x298 __cy_region_zero_size_ram
                0x000049f8                __cy_regions_end = .
                0x000049f8                . = ALIGN (0x8)
                0x000049f8                _etext = .

.ramvectors     0x20000000       0xc0
                0x20000000                __cy_region_start_ram = .
 *(.ramvectors)
 .ramvectors    0x20000000       0xc0 .\CortexM0\ARM_GCC_484\Debug\Cm0Start.o
                0x20000000                CyRamVectors

.noinit         0x200000c0        0x4
 *(.noinit)
 .noinit        0x200000c0        0x4 .\CortexM0\ARM_GCC_484\Debug\Cm0Start.o

.data           0x200000c8       0x30 load address 0x000049f8
                0x200000c8                __cy_region_start_data = .
 *(.jcr)
 .jcr           0x200000c8        0x0 c:/program files (x86)/cypress/psoc creator/3.1/psoc creator/import/gnu_cs/arm/4.8.4/bin/../lib/gcc/arm-none-eabi/4.8.4/armv6-m/crtbegin.o
 .jcr           0x200000c8        0x4 c:/program files (x86)/cypress/psoc creator/3.1/psoc creator/import/gnu_cs/arm/4.8.4/bin/../lib/gcc/arm-none-eabi/4.8.4/armv6-m/crtend.o
 *(.got.plt)
 *(.got)
 *(.shdata)
 *(.data .data.* .gnu.linkonce.d.*)
 .data          0x200000cc       0x10 .\CortexM0\ARM_GCC_484\Debug\main.o
 .data          0x200000dc        0x1 .\CortexM0\ARM_GCC_484\Debug\Modbus.o
                0x200000dc                newMessage
 *fill*         0x200000dd        0x3 
 .data          0x200000e0        0x4 .\CortexM0\ARM_GCC_484\Debug\PSoC 4 Encoder Modbus Slave.a(cyfitter_cfg.o)
 .data          0x200000e4       0x10 .\CortexM0\ARM_GCC_484\Debug\PSoC 4 Encoder Modbus Slave.a(CyLib.o)
                0x200000e4                cydelayFreqHz
                0x200000e8                cydelayFreqKhz
                0x200000ec                cydelayFreqMhz
                0x200000f0                cydelay32kMs
                0x200000f8                . = ALIGN (0x8)
 *fill*         0x200000f4        0x4 
 *(.ram)
                0x200000f8                _edata = .

.igot.plt       0x200000f8        0x0 load address 0x00004a28
 .igot.plt      0x00000000        0x0 c:/program files (x86)/cypress/psoc creator/3.1/psoc creator/import/gnu_cs/arm/4.8.4/bin/../lib/gcc/arm-none-eabi/4.8.4/armv6-m/crtbegin.o

.bss            0x200000f8      0x298 load address 0x00004a28
                0x200000f8                PROVIDE (__bss_start__, .)
 *(.shbss)
 *(.bss .bss.* .gnu.linkonce.b.*)
 .bss           0x200000f8       0x1c c:/program files (x86)/cypress/psoc creator/3.1/psoc creator/import/gnu_cs/arm/4.8.4/bin/../lib/gcc/arm-none-eabi/4.8.4/armv6-m/crtbegin.o
 .bss           0x20000114       0x18 .\CortexM0\ARM_GCC_484\Debug\main.o
                0x20000114                interruptCount
                0x20000118                ADCResult
                0x2000011c                ADCVoltage
 .bss           0x2000012c        0xb .\CortexM0\ARM_GCC_484\Debug\Modbus.o
                0x2000012c                middleOfMessage
                0x2000012d                z
                0x2000012e                messageLengthNotChanged
                0x2000012f                messageLength
                0x20000130                oldMessageLength
                0x20000131                timerCount
                0x20000132                middleMessageCount
                0x20000133                newMessageCount
                0x20000134                oldPin
                0x20000135                modbusMessage
                0x20000136                turnLineAround
 .bss           0x20000137        0x1 .\CortexM0\ARM_GCC_484\Debug\PSoC 4 Encoder Modbus Slave.a(MessageTimer.o)
                0x20000137                MessageTimer_initVar
 .bss           0x20000138        0x8 .\CortexM0\ARM_GCC_484\Debug\PSoC 4 Encoder Modbus Slave.a(ModbusUART.o)
                0x20000138                ModbusUART_initVar
                0x2000013c                ModbusUART_customIntrHandler
 .bss           0x20000140        0x1 .\CortexM0\ARM_GCC_484\Debug\PSoC 4 Encoder Modbus Slave.a(SpeedTimer.o)
                0x20000140                SpeedTimer_initVar
 .bss           0x20000141        0x1 .\CortexM0\ARM_GCC_484\Debug\PSoC 4 Encoder Modbus Slave.a(MotorPWM.o)
                0x20000141                MotorPWM_initVar
 .bss           0x20000142        0x1 .\CortexM0\ARM_GCC_484\Debug\PSoC 4 Encoder Modbus Slave.a(MotorCurrentADC.o)
                0x20000142                MotorCurrentADC_initVar
 *(COMMON)
 *fill*         0x20000143        0x1 
 COMMON         0x20000144       0x44 .\CortexM0\ARM_GCC_484\Debug\main.o
                0x20000144                encA
                0x20000145                op
                0x20000148                mb
                0x2000016c                pidspeed
                0x20000170                encoderCount
                0x20000174                pastEncoderCount
                0x20000178                encB
                0x2000017c                speedRPM
                0x20000180                enc_val
                0x20000184                speedRPS
 COMMON         0x20000188        0x4 .\CortexM0\ARM_GCC_484\Debug\interrupts.o
                0x20000188                speedInterruptFlag
                0x20000189                messageTimerFlag
                0x2000018a                messageReceivedFlag
                0x2000018b                encoderInterruptFlag
 COMMON         0x2000018c      0x1f9 .\CortexM0\ARM_GCC_484\Debug\Modbus.o
                0x2000018c                response
                0x2000020c                coils
                0x20000240                holdingReg
                0x20000308                received
 *fill*         0x20000385        0x3 
 COMMON         0x20000388        0x6 .\CortexM0\ARM_GCC_484\Debug\PSoC 4 Encoder Modbus Slave.a(MotorCurrentADC.o)
                0x20000388                MotorCurrentADC_countsPer10Volt
                0x2000038c                MotorCurrentADC_offset
                0x20000390                . = ALIGN (0x8)
 *fill*         0x2000038e        0x2 
 *(.ram.b)
                0x20000390                _end = .
                0x20000390                __end = .
                0x20000390                PROVIDE (end, .)
                0x20000390                PROVIDE (__bss_end__, .)
                0x000049f8                __cy_region_init_ram = LOADADDR (.data)
                0x00000030                __cy_region_init_size_ram = (_edata - ADDR (.data))
                0x00000298                __cy_region_zero_size_ram = (_end - _edata)

.heap           0x20000390      0x100 load address 0x00004a28
                0x20000390                . = _end
                0x20000490                . = (. + 0x100)
 *fill*         0x20000390      0x100 
                0x20000490                __cy_heap_limit = .

.stack          0x20000c00      0x400
                0x20000c00                __cy_stack_limit = .
                0x20001000                . = (. + 0x400)
 *fill*         0x20000c00      0x400 
                0x00000001                ASSERT ((__cy_stack_limit >= __cy_heap_limit), region RAM overflowed with stack)

.cyloadermeta
 *(.cyloadermeta)

.cyloadablemeta
 *(.cyloadablemeta)

.cyflashprotect
                0x90400000       0x20
 *(.cyflashprotect)
 .cyflashprotect
                0x90400000       0x20 .\CortexM0\ARM_GCC_484\Debug\cymetadata.o
                0x90400000                cy_meta_flashprotect

.cymeta         0x90500000        0xc
 *(.cymeta)
 .cymeta        0x90500000        0xc .\CortexM0\ARM_GCC_484\Debug\cymetadata.o
                0x90500000                cy_metadata

.cychipprotect  0x90600000        0x4
 *(.cychipprotect)
 .cychipprotect
                0x90600000        0x4 .\CortexM0\ARM_GCC_484\Debug\cymetadata.o
                0x90600000                cy_meta_chipprotect

.rel.dyn        0x00004a28        0x0 load address 0x90600004
 .rel.iplt      0x00000000        0x0 c:/program files (x86)/cypress/psoc creator/3.1/psoc creator/import/gnu_cs/arm/4.8.4/bin/../lib/gcc/arm-none-eabi/4.8.4/armv6-m/crtbegin.o

.stab
 *(.stab)

.stabstr
 *(.stabstr)

.debug
 *(.debug)

.line
 *(.line)

.debug_srcinfo
 *(.debug_srcinfo)

.debug_sfnames
 *(.debug_sfnames)

.debug_aranges  0x00000000      0xbb8
 *(.debug_aranges)
 .debug_aranges
                0x00000000       0x48 .\CortexM0\ARM_GCC_484\Debug\main.o
 .debug_aranges
                0x00000048       0x38 .\CortexM0\ARM_GCC_484\Debug\interrupts.o
 .debug_aranges
                0x00000080       0x88 .\CortexM0\ARM_GCC_484\Debug\Modbus.o
 .debug_aranges
                0x00000108       0x18 .\CortexM0\ARM_GCC_484\Debug\cymetadata.o
 .debug_aranges
                0x00000120       0x48 .\CortexM0\ARM_GCC_484\Debug\Cm0Start.o
 .debug_aranges
                0x00000168       0x60 .\CortexM0\ARM_GCC_484\Debug\PSoC 4 Encoder Modbus Slave.a(cyfitter_cfg.o)
 .debug_aranges
                0x000001c8       0x20 .\CortexM0\ARM_GCC_484\Debug\PSoC 4 Encoder Modbus Slave.a(CyBootAsmGnu.o)
 .debug_aranges
                0x000001e8      0x230 .\CortexM0\ARM_GCC_484\Debug\PSoC 4 Encoder Modbus Slave.a(CyLib.o)
 .debug_aranges
                0x00000418      0x158 .\CortexM0\ARM_GCC_484\Debug\PSoC 4 Encoder Modbus Slave.a(MessageTimer.o)
 .debug_aranges
                0x00000570       0x68 .\CortexM0\ARM_GCC_484\Debug\PSoC 4 Encoder Modbus Slave.a(ModbusUART.o)
 .debug_aranges
                0x000005d8       0x60 .\CortexM0\ARM_GCC_484\Debug\PSoC 4 Encoder Modbus Slave.a(ModbusUART_SPI_UART.o)
 .debug_aranges
                0x00000638       0x50 .\CortexM0\ARM_GCC_484\Debug\PSoC 4 Encoder Modbus Slave.a(ModbusUART_UART.o)
 .debug_aranges
                0x00000688       0x80 .\CortexM0\ARM_GCC_484\Debug\PSoC 4 Encoder Modbus Slave.a(MessageReceived.o)
 .debug_aranges
                0x00000708       0x80 .\CortexM0\ARM_GCC_484\Debug\PSoC 4 Encoder Modbus Slave.a(EndOfMessage.o)
 .debug_aranges
                0x00000788       0x40 .\CortexM0\ARM_GCC_484\Debug\PSoC 4 Encoder Modbus Slave.a(writeEnable.o)
 .debug_aranges
                0x000007c8       0x40 .\CortexM0\ARM_GCC_484\Debug\PSoC 4 Encoder Modbus Slave.a(ChannelA.o)
 .debug_aranges
                0x00000808       0x40 .\CortexM0\ARM_GCC_484\Debug\PSoC 4 Encoder Modbus Slave.a(ChannelB.o)
 .debug_aranges
                0x00000848       0x80 .\CortexM0\ARM_GCC_484\Debug\PSoC 4 Encoder Modbus Slave.a(EncoderInterrupt.o)
 .debug_aranges
                0x000008c8       0x40 .\CortexM0\ARM_GCC_484\Debug\PSoC 4 Encoder Modbus Slave.a(EncoderInterruptPin.o)
 .debug_aranges
                0x00000908       0x90 .\CortexM0\ARM_GCC_484\Debug\PSoC 4 Encoder Modbus Slave.a(SpeedTimer.o)
 .debug_aranges
                0x00000998       0x80 .\CortexM0\ARM_GCC_484\Debug\PSoC 4 Encoder Modbus Slave.a(SpeedInterrupt.o)
 .debug_aranges
                0x00000a18       0x98 .\CortexM0\ARM_GCC_484\Debug\PSoC 4 Encoder Modbus Slave.a(MotorPWM.o)
 .debug_aranges
                0x00000ab0       0x40 .\CortexM0\ARM_GCC_484\Debug\PSoC 4 Encoder Modbus Slave.a(Direction.o)
 .debug_aranges
                0x00000af0       0xa8 .\CortexM0\ARM_GCC_484\Debug\PSoC 4 Encoder Modbus Slave.a(MotorCurrentADC.o)
 .debug_aranges
                0x00000b98       0x20 .\CortexM0\ARM_GCC_484\Debug\PSoC 4 Encoder Modbus Slave.a(MotorCurrentADC_INT.o)

.debug_pubnames
 *(.debug_pubnames)

.debug_info     0x00000000     0x48d5
 *(.debug_info .gnu.linkonce.wi.*)
 .debug_info    0x00000000      0x3d8 .\CortexM0\ARM_GCC_484\Debug\main.o
 .debug_info    0x000003d8      0x162 .\CortexM0\ARM_GCC_484\Debug\interrupts.o
 .debug_info    0x0000053a      0x7bf .\CortexM0\ARM_GCC_484\Debug\Modbus.o
 .debug_info    0x00000cf9       0xfd .\CortexM0\ARM_GCC_484\Debug\cymetadata.o
 .debug_info    0x00000df6      0x2ff .\CortexM0\ARM_GCC_484\Debug\Cm0Start.o
 .debug_info    0x000010f5      0x488 .\CortexM0\ARM_GCC_484\Debug\PSoC 4 Encoder Modbus Slave.a(cyfitter_cfg.o)
 .debug_info    0x0000157d       0xa7 .\CortexM0\ARM_GCC_484\Debug\PSoC 4 Encoder Modbus Slave.a(CyBootAsmGnu.o)
 .debug_info    0x00001624      0xc5b .\CortexM0\ARM_GCC_484\Debug\PSoC 4 Encoder Modbus Slave.a(CyLib.o)
 .debug_info    0x0000227f      0x6f0 .\CortexM0\ARM_GCC_484\Debug\PSoC 4 Encoder Modbus Slave.a(MessageTimer.o)
 .debug_info    0x0000296f      0x1eb .\CortexM0\ARM_GCC_484\Debug\PSoC 4 Encoder Modbus Slave.a(ModbusUART.o)
 .debug_info    0x00002b5a      0x20d .\CortexM0\ARM_GCC_484\Debug\PSoC 4 Encoder Modbus Slave.a(ModbusUART_SPI_UART.o)
 .debug_info    0x00002d67      0x1fe .\CortexM0\ARM_GCC_484\Debug\PSoC 4 Encoder Modbus Slave.a(ModbusUART_UART.o)
 .debug_info    0x00002f65      0x241 .\CortexM0\ARM_GCC_484\Debug\PSoC 4 Encoder Modbus Slave.a(MessageReceived.o)
 .debug_info    0x000031a6      0x241 .\CortexM0\ARM_GCC_484\Debug\PSoC 4 Encoder Modbus Slave.a(EndOfMessage.o)
 .debug_info    0x000033e7      0x14c .\CortexM0\ARM_GCC_484\Debug\PSoC 4 Encoder Modbus Slave.a(writeEnable.o)
 .debug_info    0x00003533      0x14c .\CortexM0\ARM_GCC_484\Debug\PSoC 4 Encoder Modbus Slave.a(ChannelA.o)
 .debug_info    0x0000367f      0x14c .\CortexM0\ARM_GCC_484\Debug\PSoC 4 Encoder Modbus Slave.a(ChannelB.o)
 .debug_info    0x000037cb      0x241 .\CortexM0\ARM_GCC_484\Debug\PSoC 4 Encoder Modbus Slave.a(EncoderInterrupt.o)
 .debug_info    0x00003a0c      0x14c .\CortexM0\ARM_GCC_484\Debug\PSoC 4 Encoder Modbus Slave.a(EncoderInterruptPin.o)
 .debug_info    0x00003b58      0x236 .\CortexM0\ARM_GCC_484\Debug\PSoC 4 Encoder Modbus Slave.a(SpeedTimer.o)
 .debug_info    0x00003d8e      0x241 .\CortexM0\ARM_GCC_484\Debug\PSoC 4 Encoder Modbus Slave.a(SpeedInterrupt.o)
 .debug_info    0x00003fcf      0x282 .\CortexM0\ARM_GCC_484\Debug\PSoC 4 Encoder Modbus Slave.a(MotorPWM.o)
 .debug_info    0x00004251      0x14c .\CortexM0\ARM_GCC_484\Debug\PSoC 4 Encoder Modbus Slave.a(Direction.o)
 .debug_info    0x0000439d      0x474 .\CortexM0\ARM_GCC_484\Debug\PSoC 4 Encoder Modbus Slave.a(MotorCurrentADC.o)
 .debug_info    0x00004811       0xc4 .\CortexM0\ARM_GCC_484\Debug\PSoC 4 Encoder Modbus Slave.a(MotorCurrentADC_INT.o)

.debug_abbrev   0x00000000     0x1acb
 *(.debug_abbrev)
 .debug_abbrev  0x00000000      0x132 .\CortexM0\ARM_GCC_484\Debug\main.o
 .debug_abbrev  0x00000132       0x9d .\CortexM0\ARM_GCC_484\Debug\interrupts.o
 .debug_abbrev  0x000001cf      0x125 .\CortexM0\ARM_GCC_484\Debug\Modbus.o
 .debug_abbrev  0x000002f4       0x5d .\CortexM0\ARM_GCC_484\Debug\cymetadata.o
 .debug_abbrev  0x00000351      0x1b4 .\CortexM0\ARM_GCC_484\Debug\Cm0Start.o
 .debug_abbrev  0x00000505      0x1b3 .\CortexM0\ARM_GCC_484\Debug\PSoC 4 Encoder Modbus Slave.a(cyfitter_cfg.o)
 .debug_abbrev  0x000006b8       0x14 .\CortexM0\ARM_GCC_484\Debug\PSoC 4 Encoder Modbus Slave.a(CyBootAsmGnu.o)
 .debug_abbrev  0x000006cc      0x207 .\CortexM0\ARM_GCC_484\Debug\PSoC 4 Encoder Modbus Slave.a(CyLib.o)
 .debug_abbrev  0x000008d3      0x109 .\CortexM0\ARM_GCC_484\Debug\PSoC 4 Encoder Modbus Slave.a(MessageTimer.o)
 .debug_abbrev  0x000009dc      0x122 .\CortexM0\ARM_GCC_484\Debug\PSoC 4 Encoder Modbus Slave.a(ModbusUART.o)
 .debug_abbrev  0x00000afe      0x15c .\CortexM0\ARM_GCC_484\Debug\PSoC 4 Encoder Modbus Slave.a(ModbusUART_SPI_UART.o)
 .debug_abbrev  0x00000c5a       0xf9 .\CortexM0\ARM_GCC_484\Debug\PSoC 4 Encoder Modbus Slave.a(ModbusUART_UART.o)
 .debug_abbrev  0x00000d53      0x168 .\CortexM0\ARM_GCC_484\Debug\PSoC 4 Encoder Modbus Slave.a(MessageReceived.o)
 .debug_abbrev  0x00000ebb      0x168 .\CortexM0\ARM_GCC_484\Debug\PSoC 4 Encoder Modbus Slave.a(EndOfMessage.o)
 .debug_abbrev  0x00001023       0xb7 .\CortexM0\ARM_GCC_484\Debug\PSoC 4 Encoder Modbus Slave.a(writeEnable.o)
 .debug_abbrev  0x000010da       0xb7 .\CortexM0\ARM_GCC_484\Debug\PSoC 4 Encoder Modbus Slave.a(ChannelA.o)
 .debug_abbrev  0x00001191       0xb7 .\CortexM0\ARM_GCC_484\Debug\PSoC 4 Encoder Modbus Slave.a(ChannelB.o)
 .debug_abbrev  0x00001248      0x168 .\CortexM0\ARM_GCC_484\Debug\PSoC 4 Encoder Modbus Slave.a(EncoderInterrupt.o)
 .debug_abbrev  0x000013b0       0xb7 .\CortexM0\ARM_GCC_484\Debug\PSoC 4 Encoder Modbus Slave.a(EncoderInterruptPin.o)
 .debug_abbrev  0x00001467      0x128 .\CortexM0\ARM_GCC_484\Debug\PSoC 4 Encoder Modbus Slave.a(SpeedTimer.o)
 .debug_abbrev  0x0000158f      0x168 .\CortexM0\ARM_GCC_484\Debug\PSoC 4 Encoder Modbus Slave.a(SpeedInterrupt.o)
 .debug_abbrev  0x000016f7      0x13b .\CortexM0\ARM_GCC_484\Debug\PSoC 4 Encoder Modbus Slave.a(MotorPWM.o)
 .debug_abbrev  0x00001832       0xb7 .\CortexM0\ARM_GCC_484\Debug\PSoC 4 Encoder Modbus Slave.a(Direction.o)
 .debug_abbrev  0x000018e9      0x170 .\CortexM0\ARM_GCC_484\Debug\PSoC 4 Encoder Modbus Slave.a(MotorCurrentADC.o)
 .debug_abbrev  0x00001a59       0x72 .\CortexM0\ARM_GCC_484\Debug\PSoC 4 Encoder Modbus Slave.a(MotorCurrentADC_INT.o)

.debug_line     0x00000000     0x26a6
 *(.debug_line)
 .debug_line    0x00000000      0x113 .\CortexM0\ARM_GCC_484\Debug\main.o
 .debug_line    0x00000113       0xa2 .\CortexM0\ARM_GCC_484\Debug\interrupts.o
 .debug_line    0x000001b5      0x443 .\CortexM0\ARM_GCC_484\Debug\Modbus.o
 .debug_line    0x000005f8       0x53 .\CortexM0\ARM_GCC_484\Debug\cymetadata.o
 .debug_line    0x0000064b      0x1bb .\CortexM0\ARM_GCC_484\Debug\Cm0Start.o
 .debug_line    0x00000806      0x1d8 .\CortexM0\ARM_GCC_484\Debug\PSoC 4 Encoder Modbus Slave.a(cyfitter_cfg.o)
 .debug_line    0x000009de       0x69 .\CortexM0\ARM_GCC_484\Debug\PSoC 4 Encoder Modbus Slave.a(CyBootAsmGnu.o)
 .debug_line    0x00000a47      0x703 .\CortexM0\ARM_GCC_484\Debug\PSoC 4 Encoder Modbus Slave.a(CyLib.o)
 .debug_line    0x0000114a      0x375 .\CortexM0\ARM_GCC_484\Debug\PSoC 4 Encoder Modbus Slave.a(MessageTimer.o)
 .debug_line    0x000014bf      0x125 .\CortexM0\ARM_GCC_484\Debug\PSoC 4 Encoder Modbus Slave.a(ModbusUART.o)
 .debug_line    0x000015e4      0x12b .\CortexM0\ARM_GCC_484\Debug\PSoC 4 Encoder Modbus Slave.a(ModbusUART_SPI_UART.o)
 .debug_line    0x0000170f      0x107 .\CortexM0\ARM_GCC_484\Debug\PSoC 4 Encoder Modbus Slave.a(ModbusUART_UART.o)
 .debug_line    0x00001816      0x15e .\CortexM0\ARM_GCC_484\Debug\PSoC 4 Encoder Modbus Slave.a(MessageReceived.o)
 .debug_line    0x00001974      0x15b .\CortexM0\ARM_GCC_484\Debug\PSoC 4 Encoder Modbus Slave.a(EndOfMessage.o)
 .debug_line    0x00001acf       0xb1 .\CortexM0\ARM_GCC_484\Debug\PSoC 4 Encoder Modbus Slave.a(writeEnable.o)
 .debug_line    0x00001b80       0xae .\CortexM0\ARM_GCC_484\Debug\PSoC 4 Encoder Modbus Slave.a(ChannelA.o)
 .debug_line    0x00001c2e       0xae .\CortexM0\ARM_GCC_484\Debug\PSoC 4 Encoder Modbus Slave.a(ChannelB.o)
 .debug_line    0x00001cdc      0x15f .\CortexM0\ARM_GCC_484\Debug\PSoC 4 Encoder Modbus Slave.a(EncoderInterrupt.o)
 .debug_line    0x00001e3b       0xb9 .\CortexM0\ARM_GCC_484\Debug\PSoC 4 Encoder Modbus Slave.a(EncoderInterruptPin.o)
 .debug_line    0x00001ef4      0x179 .\CortexM0\ARM_GCC_484\Debug\PSoC 4 Encoder Modbus Slave.a(SpeedTimer.o)
 .debug_line    0x0000206d      0x14d .\CortexM0\ARM_GCC_484\Debug\PSoC 4 Encoder Modbus Slave.a(SpeedInterrupt.o)
 .debug_line    0x000021ba      0x18f .\CortexM0\ARM_GCC_484\Debug\PSoC 4 Encoder Modbus Slave.a(MotorPWM.o)
 .debug_line    0x00002349       0xaf .\CortexM0\ARM_GCC_484\Debug\PSoC 4 Encoder Modbus Slave.a(Direction.o)
 .debug_line    0x000023f8      0x23e .\CortexM0\ARM_GCC_484\Debug\PSoC 4 Encoder Modbus Slave.a(MotorCurrentADC.o)
 .debug_line    0x00002636       0x70 .\CortexM0\ARM_GCC_484\Debug\PSoC 4 Encoder Modbus Slave.a(MotorCurrentADC_INT.o)

.debug_frame    0x00000000     0x29d4
 *(.debug_frame)
 .debug_frame   0x00000000       0xd4 .\CortexM0\ARM_GCC_484\Debug\main.o
 .debug_frame   0x000000d4       0x88 .\CortexM0\ARM_GCC_484\Debug\interrupts.o
 .debug_frame   0x0000015c      0x1d4 .\CortexM0\ARM_GCC_484\Debug\Modbus.o
 .debug_frame   0x00000330       0xc8 .\CortexM0\ARM_GCC_484\Debug\Cm0Start.o
 .debug_frame   0x000003f8      0x128 .\CortexM0\ARM_GCC_484\Debug\PSoC 4 Encoder Modbus Slave.a(cyfitter_cfg.o)
 .debug_frame   0x00000520      0x83c .\CortexM0\ARM_GCC_484\Debug\PSoC 4 Encoder Modbus Slave.a(CyLib.o)
 .debug_frame   0x00000d5c      0x52c .\CortexM0\ARM_GCC_484\Debug\PSoC 4 Encoder Modbus Slave.a(MessageTimer.o)
 .debug_frame   0x00001288      0x134 .\CortexM0\ARM_GCC_484\Debug\PSoC 4 Encoder Modbus Slave.a(ModbusUART.o)
 .debug_frame   0x000013bc      0x128 .\CortexM0\ARM_GCC_484\Debug\PSoC 4 Encoder Modbus Slave.a(ModbusUART_SPI_UART.o)
 .debug_frame   0x000014e4       0xec .\CortexM0\ARM_GCC_484\Debug\PSoC 4 Encoder Modbus Slave.a(ModbusUART_UART.o)
 .debug_frame   0x000015d0      0x190 .\CortexM0\ARM_GCC_484\Debug\PSoC 4 Encoder Modbus Slave.a(MessageReceived.o)
 .debug_frame   0x00001760      0x190 .\CortexM0\ARM_GCC_484\Debug\PSoC 4 Encoder Modbus Slave.a(EndOfMessage.o)
 .debug_frame   0x000018f0       0xa8 .\CortexM0\ARM_GCC_484\Debug\PSoC 4 Encoder Modbus Slave.a(writeEnable.o)
 .debug_frame   0x00001998       0xa8 .\CortexM0\ARM_GCC_484\Debug\PSoC 4 Encoder Modbus Slave.a(ChannelA.o)
 .debug_frame   0x00001a40       0xa8 .\CortexM0\ARM_GCC_484\Debug\PSoC 4 Encoder Modbus Slave.a(ChannelB.o)
 .debug_frame   0x00001ae8      0x190 .\CortexM0\ARM_GCC_484\Debug\PSoC 4 Encoder Modbus Slave.a(EncoderInterrupt.o)
 .debug_frame   0x00001c78       0xa8 .\CortexM0\ARM_GCC_484\Debug\PSoC 4 Encoder Modbus Slave.a(EncoderInterruptPin.o)
 .debug_frame   0x00001d20      0x1cc .\CortexM0\ARM_GCC_484\Debug\PSoC 4 Encoder Modbus Slave.a(SpeedTimer.o)
 .debug_frame   0x00001eec      0x190 .\CortexM0\ARM_GCC_484\Debug\PSoC 4 Encoder Modbus Slave.a(SpeedInterrupt.o)
 .debug_frame   0x0000207c      0x1f0 .\CortexM0\ARM_GCC_484\Debug\PSoC 4 Encoder Modbus Slave.a(MotorPWM.o)
 .debug_frame   0x0000226c       0xa8 .\CortexM0\ARM_GCC_484\Debug\PSoC 4 Encoder Modbus Slave.a(Direction.o)
 .debug_frame   0x00002314      0x24c .\CortexM0\ARM_GCC_484\Debug\PSoC 4 Encoder Modbus Slave.a(MotorCurrentADC.o)
 .debug_frame   0x00002560       0x30 .\CortexM0\ARM_GCC_484\Debug\PSoC 4 Encoder Modbus Slave.a(MotorCurrentADC_INT.o)
 .debug_frame   0x00002590       0x20 c:/program files (x86)/cypress/psoc creator/3.1/psoc creator/import/gnu_cs/arm/4.8.4/bin/../lib/gcc/arm-none-eabi/4.8.4/armv6-m\libgcc.a(_udivsi3.o)
 .debug_frame   0x000025b0       0x20 c:/program files (x86)/cypress/psoc creator/3.1/psoc creator/import/gnu_cs/arm/4.8.4/bin/../lib/gcc/arm-none-eabi/4.8.4/armv6-m\libgcc.a(_divsi3.o)
 .debug_frame   0x000025d0       0x30 c:/program files (x86)/cypress/psoc creator/3.1/psoc creator/import/gnu_cs/arm/4.8.4/bin/../lib/gcc/arm-none-eabi/4.8.4/armv6-m\libgcc.a(_muldi3.o)
 .debug_frame   0x00002600       0x50 c:/program files (x86)/cypress/psoc creator/3.1/psoc creator/import/gnu_cs/arm/4.8.4/bin/../lib/gcc/arm-none-eabi/4.8.4/armv6-m\libgcc.a(bpabi.o)
 .debug_frame   0x00002650       0x30 c:/program files (x86)/cypress/psoc creator/3.1/psoc creator/import/gnu_cs/arm/4.8.4/bin/../lib/gcc/arm-none-eabi/4.8.4/armv6-m\libgcc.a(addsf3.o)
 .debug_frame   0x00002680       0x3c c:/program files (x86)/cypress/psoc creator/3.1/psoc creator/import/gnu_cs/arm/4.8.4/bin/../lib/gcc/arm-none-eabi/4.8.4/armv6-m\libgcc.a(divsf3.o)
 .debug_frame   0x000026bc       0x3c c:/program files (x86)/cypress/psoc creator/3.1/psoc creator/import/gnu_cs/arm/4.8.4/bin/../lib/gcc/arm-none-eabi/4.8.4/armv6-m\libgcc.a(mulsf3.o)
 .debug_frame   0x000026f8       0x30 c:/program files (x86)/cypress/psoc creator/3.1/psoc creator/import/gnu_cs/arm/4.8.4/bin/../lib/gcc/arm-none-eabi/4.8.4/armv6-m\libgcc.a(subsf3.o)
 .debug_frame   0x00002728       0x20 c:/program files (x86)/cypress/psoc creator/3.1/psoc creator/import/gnu_cs/arm/4.8.4/bin/../lib/gcc/arm-none-eabi/4.8.4/armv6-m\libgcc.a(fixsfsi.o)
 .debug_frame   0x00002748       0x2c c:/program files (x86)/cypress/psoc creator/3.1/psoc creator/import/gnu_cs/arm/4.8.4/bin/../lib/gcc/arm-none-eabi/4.8.4/armv6-m\libgcc.a(floatsisf.o)
 .debug_frame   0x00002774       0x28 c:/program files (x86)/cypress/psoc creator/3.1/psoc creator/import/gnu_cs/arm/4.8.4/bin/../lib/gcc/arm-none-eabi/4.8.4/armv6-m\libgcc.a(floatunsisf.o)
 .debug_frame   0x0000279c       0x3c c:/program files (x86)/cypress/psoc creator/3.1/psoc creator/import/gnu_cs/arm/4.8.4/bin/../lib/gcc/arm-none-eabi/4.8.4/armv6-m\libgcc.a(divdf3.o)
 .debug_frame   0x000027d8       0x3c c:/program files (x86)/cypress/psoc creator/3.1/psoc creator/import/gnu_cs/arm/4.8.4/bin/../lib/gcc/arm-none-eabi/4.8.4/armv6-m\libgcc.a(muldf3.o)
 .debug_frame   0x00002814       0x30 c:/program files (x86)/cypress/psoc creator/3.1/psoc creator/import/gnu_cs/arm/4.8.4/bin/../lib/gcc/arm-none-eabi/4.8.4/armv6-m\libgcc.a(floatsidf.o)
 .debug_frame   0x00002844       0x2c c:/program files (x86)/cypress/psoc creator/3.1/psoc creator/import/gnu_cs/arm/4.8.4/bin/../lib/gcc/arm-none-eabi/4.8.4/armv6-m\libgcc.a(extendsfdf2.o)
 .debug_frame   0x00002870       0x30 c:/program files (x86)/cypress/psoc creator/3.1/psoc creator/import/gnu_cs/arm/4.8.4/bin/../lib/gcc/arm-none-eabi/4.8.4/armv6-m\libgcc.a(truncdfsf2.o)
 .debug_frame   0x000028a0       0x3c c:/program files (x86)/cypress/psoc creator/3.1/psoc creator/import/gnu_cs/arm/4.8.4/bin/../lib/gcc/arm-none-eabi/4.8.4/armv6-m\libgcc.a(_divdi3.o)
 .debug_frame   0x000028dc       0x3c c:/program files (x86)/cypress/psoc creator/3.1/psoc creator/import/gnu_cs/arm/4.8.4/bin/../lib/gcc/arm-none-eabi/4.8.4/armv6-m\libgcc.a(_udivdi3.o)
 .debug_frame   0x00002918       0x20 c:/program files (x86)/cypress/psoc creator/3.1/psoc creator/import/gnu_cs/arm/4.8.4/bin/../lib/gcc/arm-none-eabi/4.8.4/../../../../arm-none-eabi/lib/armv6-m\libg_s.a(lib_a-errno.o)
 .debug_frame   0x00002938       0x28 c:/program files (x86)/cypress/psoc creator/3.1/psoc creator/import/gnu_cs/arm/4.8.4/bin/../lib/gcc/arm-none-eabi/4.8.4/../../../../arm-none-eabi/lib/armv6-m\libg_s.a(lib_a-exit.o)
 .debug_frame   0x00002960       0x2c c:/program files (x86)/cypress/psoc creator/3.1/psoc creator/import/gnu_cs/arm/4.8.4/bin/../lib/gcc/arm-none-eabi/4.8.4/../../../../arm-none-eabi/lib/armv6-m\libg_s.a(lib_a-init.o)
 .debug_frame   0x0000298c       0x28 c:/program files (x86)/cypress/psoc creator/3.1/psoc creator/import/gnu_cs/arm/4.8.4/bin/../lib/gcc/arm-none-eabi/4.8.4/../../../../arm-none-eabi/lib/armv6-m\libg_s.a(lib_a-memcpy-stub.o)
 .debug_frame   0x000029b4       0x20 c:/program files (x86)/cypress/psoc creator/3.1/psoc creator/import/gnu_cs/arm/4.8.4/bin/../lib/gcc/arm-none-eabi/4.8.4/../../../../arm-none-eabi/lib/armv6-m\libg_s.a(lib_a-memset.o)

.debug_str      0x00000000     0x2992
 *(.debug_str)
 .debug_str     0x00000000      0x330 .\CortexM0\ARM_GCC_484\Debug\main.o
                                0x389 (size before relaxing)
 .debug_str     0x00000330       0x83 .\CortexM0\ARM_GCC_484\Debug\interrupts.o
                                0x223 (size before relaxing)
 .debug_str     0x000003b3      0x342 .\CortexM0\ARM_GCC_484\Debug\Modbus.o
                                0x4ee (size before relaxing)
 .debug_str     0x000006f5       0x5b .\CortexM0\ARM_GCC_484\Debug\cymetadata.o
                                0x1d3 (size before relaxing)
 .debug_str     0x00000750      0x128 .\CortexM0\ARM_GCC_484\Debug\Cm0Start.o
                                0x2c1 (size before relaxing)
 .debug_str     0x00000878      0x1bf .\CortexM0\ARM_GCC_484\Debug\PSoC 4 Encoder Modbus Slave.a(cyfitter_cfg.o)
                                0x388 (size before relaxing)
 .debug_str     0x00000a37      0x70a .\CortexM0\ARM_GCC_484\Debug\PSoC 4 Encoder Modbus Slave.a(CyLib.o)
                                0x8da (size before relaxing)
 .debug_str     0x00001141      0x50e .\CortexM0\ARM_GCC_484\Debug\PSoC 4 Encoder Modbus Slave.a(MessageTimer.o)
                                0x6a3 (size before relaxing)
 .debug_str     0x0000164f      0x165 .\CortexM0\ARM_GCC_484\Debug\PSoC 4 Encoder Modbus Slave.a(ModbusUART.o)
                                0x2f7 (size before relaxing)
 .debug_str     0x000017b4      0x173 .\CortexM0\ARM_GCC_484\Debug\PSoC 4 Encoder Modbus Slave.a(ModbusUART_SPI_UART.o)
                                0x303 (size before relaxing)
 .debug_str     0x00001927      0x119 .\CortexM0\ARM_GCC_484\Debug\PSoC 4 Encoder Modbus Slave.a(ModbusUART_UART.o)
                                0x2b5 (size before relaxing)
 .debug_str     0x00001a40      0x183 .\CortexM0\ARM_GCC_484\Debug\PSoC 4 Encoder Modbus Slave.a(MessageReceived.o)
                                0x342 (size before relaxing)
 .debug_str     0x00001bc3      0x14a .\CortexM0\ARM_GCC_484\Debug\PSoC 4 Encoder Modbus Slave.a(EndOfMessage.o)
                                0x318 (size before relaxing)
 .debug_str     0x00001d0d       0xa9 .\CortexM0\ARM_GCC_484\Debug\PSoC 4 Encoder Modbus Slave.a(writeEnable.o)
                                0x230 (size before relaxing)
 .debug_str     0x00001db6       0x84 .\CortexM0\ARM_GCC_484\Debug\PSoC 4 Encoder Modbus Slave.a(ChannelA.o)
                                0x21e (size before relaxing)
 .debug_str     0x00001e3a       0x84 .\CortexM0\ARM_GCC_484\Debug\PSoC 4 Encoder Modbus Slave.a(ChannelB.o)
                                0x21e (size before relaxing)
 .debug_str     0x00001ebe      0x182 .\CortexM0\ARM_GCC_484\Debug\PSoC 4 Encoder Modbus Slave.a(EncoderInterrupt.o)
                                0x350 (size before relaxing)
 .debug_str     0x00002040       0xc6 .\CortexM0\ARM_GCC_484\Debug\PSoC 4 Encoder Modbus Slave.a(EncoderInterruptPin.o)
                                0x260 (size before relaxing)
 .debug_str     0x00002106      0x1c8 .\CortexM0\ARM_GCC_484\Debug\PSoC 4 Encoder Modbus Slave.a(SpeedTimer.o)
                                0x354 (size before relaxing)
 .debug_str     0x000022ce      0x166 .\CortexM0\ARM_GCC_484\Debug\PSoC 4 Encoder Modbus Slave.a(SpeedInterrupt.o)
                                0x334 (size before relaxing)
 .debug_str     0x00002434      0x1ac .\CortexM0\ARM_GCC_484\Debug\PSoC 4 Encoder Modbus Slave.a(MotorPWM.o)
                                0x356 (size before relaxing)
 .debug_str     0x000025e0       0x8a .\CortexM0\ARM_GCC_484\Debug\PSoC 4 Encoder Modbus Slave.a(Direction.o)
                                0x224 (size before relaxing)
 .debug_str     0x0000266a      0x2d9 .\CortexM0\ARM_GCC_484\Debug\PSoC 4 Encoder Modbus Slave.a(MotorCurrentADC.o)
                                0x4a0 (size before relaxing)
 .debug_str     0x00002943       0x4f .\CortexM0\ARM_GCC_484\Debug\PSoC 4 Encoder Modbus Slave.a(MotorCurrentADC_INT.o)
                                0x1ce (size before relaxing)

.debug_loc
 *(.debug_loc)

.debug_macinfo
 *(.debug_macinfo)

.debug_ranges   0x00000000      0xa10
 *(.debug_ranges)
 .debug_ranges  0x00000000       0x38 .\CortexM0\ARM_GCC_484\Debug\main.o
 .debug_ranges  0x00000038       0x28 .\CortexM0\ARM_GCC_484\Debug\interrupts.o
 .debug_ranges  0x00000060       0x78 .\CortexM0\ARM_GCC_484\Debug\Modbus.o
 .debug_ranges  0x000000d8       0x38 .\CortexM0\ARM_GCC_484\Debug\Cm0Start.o
 .debug_ranges  0x00000110       0x50 .\CortexM0\ARM_GCC_484\Debug\PSoC 4 Encoder Modbus Slave.a(cyfitter_cfg.o)
 .debug_ranges  0x00000160      0x220 .\CortexM0\ARM_GCC_484\Debug\PSoC 4 Encoder Modbus Slave.a(CyLib.o)
 .debug_ranges  0x00000380      0x148 .\CortexM0\ARM_GCC_484\Debug\PSoC 4 Encoder Modbus Slave.a(MessageTimer.o)
 .debug_ranges  0x000004c8       0x58 .\CortexM0\ARM_GCC_484\Debug\PSoC 4 Encoder Modbus Slave.a(ModbusUART.o)
 .debug_ranges  0x00000520       0x50 .\CortexM0\ARM_GCC_484\Debug\PSoC 4 Encoder Modbus Slave.a(ModbusUART_SPI_UART.o)
 .debug_ranges  0x00000570       0x40 .\CortexM0\ARM_GCC_484\Debug\PSoC 4 Encoder Modbus Slave.a(ModbusUART_UART.o)
 .debug_ranges  0x000005b0       0x70 .\CortexM0\ARM_GCC_484\Debug\PSoC 4 Encoder Modbus Slave.a(MessageReceived.o)
 .debug_ranges  0x00000620       0x70 .\CortexM0\ARM_GCC_484\Debug\PSoC 4 Encoder Modbus Slave.a(EndOfMessage.o)
 .debug_ranges  0x00000690       0x30 .\CortexM0\ARM_GCC_484\Debug\PSoC 4 Encoder Modbus Slave.a(writeEnable.o)
 .debug_ranges  0x000006c0       0x30 .\CortexM0\ARM_GCC_484\Debug\PSoC 4 Encoder Modbus Slave.a(ChannelA.o)
 .debug_ranges  0x000006f0       0x30 .\CortexM0\ARM_GCC_484\Debug\PSoC 4 Encoder Modbus Slave.a(ChannelB.o)
 .debug_ranges  0x00000720       0x70 .\CortexM0\ARM_GCC_484\Debug\PSoC 4 Encoder Modbus Slave.a(EncoderInterrupt.o)
 .debug_ranges  0x00000790       0x30 .\CortexM0\ARM_GCC_484\Debug\PSoC 4 Encoder Modbus Slave.a(EncoderInterruptPin.o)
 .debug_ranges  0x000007c0       0x80 .\CortexM0\ARM_GCC_484\Debug\PSoC 4 Encoder Modbus Slave.a(SpeedTimer.o)
 .debug_ranges  0x00000840       0x70 .\CortexM0\ARM_GCC_484\Debug\PSoC 4 Encoder Modbus Slave.a(SpeedInterrupt.o)
 .debug_ranges  0x000008b0       0x88 .\CortexM0\ARM_GCC_484\Debug\PSoC 4 Encoder Modbus Slave.a(MotorPWM.o)
 .debug_ranges  0x00000938       0x30 .\CortexM0\ARM_GCC_484\Debug\PSoC 4 Encoder Modbus Slave.a(Direction.o)
 .debug_ranges  0x00000968       0x98 .\CortexM0\ARM_GCC_484\Debug\PSoC 4 Encoder Modbus Slave.a(MotorCurrentADC.o)
 .debug_ranges  0x00000a00       0x10 .\CortexM0\ARM_GCC_484\Debug\PSoC 4 Encoder Modbus Slave.a(MotorCurrentADC_INT.o)

.comment        0x00000000       0x70
 .comment       0x00000000       0x70 .\CortexM0\ARM_GCC_484\Debug\main.o
                                 0x71 (size before relaxing)
 .comment       0x00000000       0x71 .\CortexM0\ARM_GCC_484\Debug\interrupts.o
 .comment       0x00000000       0x71 .\CortexM0\ARM_GCC_484\Debug\Modbus.o
 .comment       0x00000000       0x71 .\CortexM0\ARM_GCC_484\Debug\cymetadata.o
 .comment       0x00000000       0x71 .\CortexM0\ARM_GCC_484\Debug\Cm0Start.o
 .comment       0x00000000       0x71 .\CortexM0\ARM_GCC_484\Debug\PSoC 4 Encoder Modbus Slave.a(cyfitter_cfg.o)
 .comment       0x00000000       0x71 .\CortexM0\ARM_GCC_484\Debug\PSoC 4 Encoder Modbus Slave.a(CyLib.o)
 .comment       0x00000000       0x71 .\CortexM0\ARM_GCC_484\Debug\PSoC 4 Encoder Modbus Slave.a(MessageTimer.o)
 .comment       0x00000000       0x71 .\CortexM0\ARM_GCC_484\Debug\PSoC 4 Encoder Modbus Slave.a(ModbusUART.o)
 .comment       0x00000000       0x71 .\CortexM0\ARM_GCC_484\Debug\PSoC 4 Encoder Modbus Slave.a(ModbusUART_SPI_UART.o)
 .comment       0x00000000       0x71 .\CortexM0\ARM_GCC_484\Debug\PSoC 4 Encoder Modbus Slave.a(ModbusUART_UART.o)
 .comment       0x00000000       0x71 .\CortexM0\ARM_GCC_484\Debug\PSoC 4 Encoder Modbus Slave.a(MessageReceived.o)
 .comment       0x00000000       0x71 .\CortexM0\ARM_GCC_484\Debug\PSoC 4 Encoder Modbus Slave.a(EndOfMessage.o)
 .comment       0x00000000       0x71 .\CortexM0\ARM_GCC_484\Debug\PSoC 4 Encoder Modbus Slave.a(writeEnable.o)
 .comment       0x00000000       0x71 .\CortexM0\ARM_GCC_484\Debug\PSoC 4 Encoder Modbus Slave.a(ChannelA.o)
 .comment       0x00000000       0x71 .\CortexM0\ARM_GCC_484\Debug\PSoC 4 Encoder Modbus Slave.a(ChannelB.o)
 .comment       0x00000000       0x71 .\CortexM0\ARM_GCC_484\Debug\PSoC 4 Encoder Modbus Slave.a(EncoderInterrupt.o)
 .comment       0x00000000       0x71 .\CortexM0\ARM_GCC_484\Debug\PSoC 4 Encoder Modbus Slave.a(EncoderInterruptPin.o)
 .comment       0x00000000       0x71 .\CortexM0\ARM_GCC_484\Debug\PSoC 4 Encoder Modbus Slave.a(SpeedTimer.o)
 .comment       0x00000000       0x71 .\CortexM0\ARM_GCC_484\Debug\PSoC 4 Encoder Modbus Slave.a(SpeedInterrupt.o)
 .comment       0x00000000       0x71 .\CortexM0\ARM_GCC_484\Debug\PSoC 4 Encoder Modbus Slave.a(MotorPWM.o)
 .comment       0x00000000       0x71 .\CortexM0\ARM_GCC_484\Debug\PSoC 4 Encoder Modbus Slave.a(Direction.o)
 .comment       0x00000000       0x71 .\CortexM0\ARM_GCC_484\Debug\PSoC 4 Encoder Modbus Slave.a(MotorCurrentADC.o)
 .comment       0x00000000       0x71 .\CortexM0\ARM_GCC_484\Debug\PSoC 4 Encoder Modbus Slave.a(MotorCurrentADC_INT.o)

.debug_weaknames
 *(.debug_weaknames)

.debug_funcnames
 *(.debug_funcnames)

.debug_typenames
 *(.debug_typenames)

.debug_varnames
 *(.debug_varnames)

.note.gnu.arm.ident
 *(.note.gnu.arm.ident)

.ARM.attributes
                0x00000000       0x28
 *(.ARM.attributes)
 .ARM.attributes
                0x00000000       0x1e c:/program files (x86)/cypress/psoc creator/3.1/psoc creator/import/gnu_cs/arm/4.8.4/bin/../lib/gcc/arm-none-eabi/4.8.4/armv6-m/crti.o
 .ARM.attributes
                0x0000001e       0x2c c:/program files (x86)/cypress/psoc creator/3.1/psoc creator/import/gnu_cs/arm/4.8.4/bin/../lib/gcc/arm-none-eabi/4.8.4/armv6-m/crtbegin.o
 .ARM.attributes
                0x0000004a       0x1b c:/program files (x86)/cypress/psoc creator/3.1/psoc creator/import/gnu_cs/arm/4.8.4/bin/../lib/gcc/arm-none-eabi/4.8.4/../../../../arm-none-eabi/lib/armv6-m/crt0.o
 .ARM.attributes
                0x00000065       0x31 .\CortexM0\ARM_GCC_484\Debug\main.o
 .ARM.attributes
                0x00000096       0x31 .\CortexM0\ARM_GCC_484\Debug\interrupts.o
 .ARM.attributes
                0x000000c7       0x31 .\CortexM0\ARM_GCC_484\Debug\Modbus.o
 .ARM.attributes
                0x000000f8       0x31 .\CortexM0\ARM_GCC_484\Debug\cymetadata.o
 .ARM.attributes
                0x00000129       0x31 .\CortexM0\ARM_GCC_484\Debug\Cm0Start.o
 .ARM.attributes
                0x0000015a       0x31 .\CortexM0\ARM_GCC_484\Debug\PSoC 4 Encoder Modbus Slave.a(cyfitter_cfg.o)
 .ARM.attributes
                0x0000018b       0x21 .\CortexM0\ARM_GCC_484\Debug\PSoC 4 Encoder Modbus Slave.a(CyBootAsmGnu.o)
 .ARM.attributes
                0x000001ac       0x31 .\CortexM0\ARM_GCC_484\Debug\PSoC 4 Encoder Modbus Slave.a(CyLib.o)
 .ARM.attributes
                0x000001dd       0x31 .\CortexM0\ARM_GCC_484\Debug\PSoC 4 Encoder Modbus Slave.a(MessageTimer.o)
 .ARM.attributes
                0x0000020e       0x31 .\CortexM0\ARM_GCC_484\Debug\PSoC 4 Encoder Modbus Slave.a(ModbusUART.o)
 .ARM.attributes
                0x0000023f       0x31 .\CortexM0\ARM_GCC_484\Debug\PSoC 4 Encoder Modbus Slave.a(ModbusUART_SPI_UART.o)
 .ARM.attributes
                0x00000270       0x31 .\CortexM0\ARM_GCC_484\Debug\PSoC 4 Encoder Modbus Slave.a(ModbusUART_UART.o)
 .ARM.attributes
                0x000002a1       0x31 .\CortexM0\ARM_GCC_484\Debug\PSoC 4 Encoder Modbus Slave.a(MessageReceived.o)
 .ARM.attributes
                0x000002d2       0x31 .\CortexM0\ARM_GCC_484\Debug\PSoC 4 Encoder Modbus Slave.a(EndOfMessage.o)
 .ARM.attributes
                0x00000303       0x31 .\CortexM0\ARM_GCC_484\Debug\PSoC 4 Encoder Modbus Slave.a(writeEnable.o)
 .ARM.attributes
                0x00000334       0x31 .\CortexM0\ARM_GCC_484\Debug\PSoC 4 Encoder Modbus Slave.a(ChannelA.o)
 .ARM.attributes
                0x00000365       0x31 .\CortexM0\ARM_GCC_484\Debug\PSoC 4 Encoder Modbus Slave.a(ChannelB.o)
 .ARM.attributes
                0x00000396       0x31 .\CortexM0\ARM_GCC_484\Debug\PSoC 4 Encoder Modbus Slave.a(EncoderInterrupt.o)
 .ARM.attributes
                0x000003c7       0x31 .\CortexM0\ARM_GCC_484\Debug\PSoC 4 Encoder Modbus Slave.a(EncoderInterruptPin.o)
 .ARM.attributes
                0x000003f8       0x31 .\CortexM0\ARM_GCC_484\Debug\PSoC 4 Encoder Modbus Slave.a(SpeedTimer.o)
 .ARM.attributes
                0x00000429       0x31 .\CortexM0\ARM_GCC_484\Debug\PSoC 4 Encoder Modbus Slave.a(SpeedInterrupt.o)
 .ARM.attributes
                0x0000045a       0x31 .\CortexM0\ARM_GCC_484\Debug\PSoC 4 Encoder Modbus Slave.a(MotorPWM.o)
 .ARM.attributes
                0x0000048b       0x31 .\CortexM0\ARM_GCC_484\Debug\PSoC 4 Encoder Modbus Slave.a(Direction.o)
 .ARM.attributes
                0x000004bc       0x31 .\CortexM0\ARM_GCC_484\Debug\PSoC 4 Encoder Modbus Slave.a(MotorCurrentADC.o)
 .ARM.attributes
                0x000004ed       0x31 .\CortexM0\ARM_GCC_484\Debug\PSoC 4 Encoder Modbus Slave.a(MotorCurrentADC_INT.o)
 .ARM.attributes
                0x0000051e       0x1e c:/program files (x86)/cypress/psoc creator/3.1/psoc creator/import/gnu_cs/arm/4.8.4/bin/../lib/gcc/arm-none-eabi/4.8.4/armv6-m\libgcc.a(_udivsi3.o)
 .ARM.attributes
                0x0000053c       0x1e c:/program files (x86)/cypress/psoc creator/3.1/psoc creator/import/gnu_cs/arm/4.8.4/bin/../lib/gcc/arm-none-eabi/4.8.4/armv6-m\libgcc.a(_divsi3.o)
 .ARM.attributes
                0x0000055a       0x1e c:/program files (x86)/cypress/psoc creator/3.1/psoc creator/import/gnu_cs/arm/4.8.4/bin/../lib/gcc/arm-none-eabi/4.8.4/armv6-m\libgcc.a(_dvmd_tls.o)
 .ARM.attributes
                0x00000578       0x1e c:/program files (x86)/cypress/psoc creator/3.1/psoc creator/import/gnu_cs/arm/4.8.4/bin/../lib/gcc/arm-none-eabi/4.8.4/armv6-m\libgcc.a(_aeabi_ldivmod.o)
 .ARM.attributes
                0x00000596       0x2c c:/program files (x86)/cypress/psoc creator/3.1/psoc creator/import/gnu_cs/arm/4.8.4/bin/../lib/gcc/arm-none-eabi/4.8.4/armv6-m\libgcc.a(_muldi3.o)
 .ARM.attributes
                0x000005c2       0x2c c:/program files (x86)/cypress/psoc creator/3.1/psoc creator/import/gnu_cs/arm/4.8.4/bin/../lib/gcc/arm-none-eabi/4.8.4/armv6-m\libgcc.a(bpabi.o)
 .ARM.attributes
                0x000005ee       0x2c c:/program files (x86)/cypress/psoc creator/3.1/psoc creator/import/gnu_cs/arm/4.8.4/bin/../lib/gcc/arm-none-eabi/4.8.4/armv6-m\libgcc.a(addsf3.o)
 .ARM.attributes
                0x0000061a       0x2c c:/program files (x86)/cypress/psoc creator/3.1/psoc creator/import/gnu_cs/arm/4.8.4/bin/../lib/gcc/arm-none-eabi/4.8.4/armv6-m\libgcc.a(divsf3.o)
 .ARM.attributes
                0x00000646       0x2c c:/program files (x86)/cypress/psoc creator/3.1/psoc creator/import/gnu_cs/arm/4.8.4/bin/../lib/gcc/arm-none-eabi/4.8.4/armv6-m\libgcc.a(mulsf3.o)
 .ARM.attributes
                0x00000672       0x2c c:/program files (x86)/cypress/psoc creator/3.1/psoc creator/import/gnu_cs/arm/4.8.4/bin/../lib/gcc/arm-none-eabi/4.8.4/armv6-m\libgcc.a(subsf3.o)
 .ARM.attributes
                0x0000069e       0x2c c:/program files (x86)/cypress/psoc creator/3.1/psoc creator/import/gnu_cs/arm/4.8.4/bin/../lib/gcc/arm-none-eabi/4.8.4/armv6-m\libgcc.a(fixsfsi.o)
 .ARM.attributes
                0x000006ca       0x2c c:/program files (x86)/cypress/psoc creator/3.1/psoc creator/import/gnu_cs/arm/4.8.4/bin/../lib/gcc/arm-none-eabi/4.8.4/armv6-m\libgcc.a(floatsisf.o)
 .ARM.attributes
                0x000006f6       0x2c c:/program files (x86)/cypress/psoc creator/3.1/psoc creator/import/gnu_cs/arm/4.8.4/bin/../lib/gcc/arm-none-eabi/4.8.4/armv6-m\libgcc.a(floatunsisf.o)
 .ARM.attributes
                0x00000722       0x2c c:/program files (x86)/cypress/psoc creator/3.1/psoc creator/import/gnu_cs/arm/4.8.4/bin/../lib/gcc/arm-none-eabi/4.8.4/armv6-m\libgcc.a(divdf3.o)
 .ARM.attributes
                0x0000074e       0x2c c:/program files (x86)/cypress/psoc creator/3.1/psoc creator/import/gnu_cs/arm/4.8.4/bin/../lib/gcc/arm-none-eabi/4.8.4/armv6-m\libgcc.a(muldf3.o)
 .ARM.attributes
                0x0000077a       0x2c c:/program files (x86)/cypress/psoc creator/3.1/psoc creator/import/gnu_cs/arm/4.8.4/bin/../lib/gcc/arm-none-eabi/4.8.4/armv6-m\libgcc.a(floatsidf.o)
 .ARM.attributes
                0x000007a6       0x2c c:/program files (x86)/cypress/psoc creator/3.1/psoc creator/import/gnu_cs/arm/4.8.4/bin/../lib/gcc/arm-none-eabi/4.8.4/armv6-m\libgcc.a(extendsfdf2.o)
 .ARM.attributes
                0x000007d2       0x2c c:/program files (x86)/cypress/psoc creator/3.1/psoc creator/import/gnu_cs/arm/4.8.4/bin/../lib/gcc/arm-none-eabi/4.8.4/armv6-m\libgcc.a(truncdfsf2.o)
 .ARM.attributes
                0x000007fe       0x1e c:/program files (x86)/cypress/psoc creator/3.1/psoc creator/import/gnu_cs/arm/4.8.4/bin/../lib/gcc/arm-none-eabi/4.8.4/armv6-m\libgcc.a(_clzsi2.o)
 .ARM.attributes
                0x0000081c       0x2c c:/program files (x86)/cypress/psoc creator/3.1/psoc creator/import/gnu_cs/arm/4.8.4/bin/../lib/gcc/arm-none-eabi/4.8.4/armv6-m\libgcc.a(_divdi3.o)
 .ARM.attributes
                0x00000848       0x2c c:/program files (x86)/cypress/psoc creator/3.1/psoc creator/import/gnu_cs/arm/4.8.4/bin/../lib/gcc/arm-none-eabi/4.8.4/armv6-m\libgcc.a(_udivdi3.o)
 .ARM.attributes
                0x00000874       0x2c c:/program files (x86)/cypress/psoc creator/3.1/psoc creator/import/gnu_cs/arm/4.8.4/bin/../lib/gcc/arm-none-eabi/4.8.4/../../../../arm-none-eabi/lib/armv6-m\libg_s.a(lib_a-errno.o)
 .ARM.attributes
                0x000008a0       0x2c c:/program files (x86)/cypress/psoc creator/3.1/psoc creator/import/gnu_cs/arm/4.8.4/bin/../lib/gcc/arm-none-eabi/4.8.4/../../../../arm-none-eabi/lib/armv6-m\libg_s.a(lib_a-exit.o)
 .ARM.attributes
                0x000008cc       0x2c c:/program files (x86)/cypress/psoc creator/3.1/psoc creator/import/gnu_cs/arm/4.8.4/bin/../lib/gcc/arm-none-eabi/4.8.4/../../../../arm-none-eabi/lib/armv6-m\libg_s.a(lib_a-impure.o)
 .ARM.attributes
                0x000008f8       0x2c c:/program files (x86)/cypress/psoc creator/3.1/psoc creator/import/gnu_cs/arm/4.8.4/bin/../lib/gcc/arm-none-eabi/4.8.4/../../../../arm-none-eabi/lib/armv6-m\libg_s.a(lib_a-init.o)
 .ARM.attributes
                0x00000924       0x2c c:/program files (x86)/cypress/psoc creator/3.1/psoc creator/import/gnu_cs/arm/4.8.4/bin/../lib/gcc/arm-none-eabi/4.8.4/../../../../arm-none-eabi/lib/armv6-m\libg_s.a(lib_a-memcpy-stub.o)
 .ARM.attributes
                0x00000950       0x2c c:/program files (x86)/cypress/psoc creator/3.1/psoc creator/import/gnu_cs/arm/4.8.4/bin/../lib/gcc/arm-none-eabi/4.8.4/../../../../arm-none-eabi/lib/armv6-m\libg_s.a(lib_a-memset.o)
 .ARM.attributes
                0x0000097c       0x2c c:/program files (x86)/cypress/psoc creator/3.1/psoc creator/import/gnu_cs/arm/4.8.4/bin/../lib/gcc/arm-none-eabi/4.8.4/armv6-m/crtend.o
 .ARM.attributes
                0x000009a8       0x1e c:/program files (x86)/cypress/psoc creator/3.1/psoc creator/import/gnu_cs/arm/4.8.4/bin/../lib/gcc/arm-none-eabi/4.8.4/armv6-m/crtn.o

/DISCARD/
 *(.note.GNU-stack)
OUTPUT(.\CortexM0\ARM_GCC_484\Debug\PSoC 4 Encoder Modbus Slave.elf elf32-littlearm)
