Archive member included because of file (symbol)

.\CortexM0\ARM_GCC_484\Debug\PSoC 4 Encoder Modbus Slave.a(cyfitter_cfg.o)
                              .\CortexM0\ARM_GCC_484\Debug\Cm0Start.o (cyfitter_cfg)
.\CortexM0\ARM_GCC_484\Debug\PSoC 4 Encoder Modbus Slave.a(CyBootAsmGnu.o)
                              .\CortexM0\ARM_GCC_484\Debug\PSoC 4 Encoder Modbus Slave.a(cyfitter_cfg.o) (CyDelayCycles)
.\CortexM0\ARM_GCC_484\Debug\PSoC 4 Encoder Modbus Slave.a(CyLib.o)
                              .\CortexM0\ARM_GCC_484\Debug\PSoC 4 Encoder Modbus Slave.a(cyfitter_cfg.o) (CyDelayUs)
.\CortexM0\ARM_GCC_484\Debug\PSoC 4 Encoder Modbus Slave.a(MessageTimer.o)
                              .\CortexM0\ARM_GCC_484\Debug\Modbus.o (MessageTimer_Start)
.\CortexM0\ARM_GCC_484\Debug\PSoC 4 Encoder Modbus Slave.a(ModbusUART.o)
                              .\CortexM0\ARM_GCC_484\Debug\main.o (ModbusUART_Start)
.\CortexM0\ARM_GCC_484\Debug\PSoC 4 Encoder Modbus Slave.a(ModbusUART_SPI_UART.o)
                              .\CortexM0\ARM_GCC_484\Debug\Modbus.o (ModbusUART_SpiUartWriteTxData)
.\CortexM0\ARM_GCC_484\Debug\PSoC 4 Encoder Modbus Slave.a(ModbusUART_UART.o)
                              .\CortexM0\ARM_GCC_484\Debug\PSoC 4 Encoder Modbus Slave.a(ModbusUART.o) (ModbusUART_UartInit)
.\CortexM0\ARM_GCC_484\Debug\PSoC 4 Encoder Modbus Slave.a(MessageReceived.o)
                              .\CortexM0\ARM_GCC_484\Debug\main.o (MessageReceived_StartEx)
.\CortexM0\ARM_GCC_484\Debug\PSoC 4 Encoder Modbus Slave.a(EndOfMessage.o)
                              .\CortexM0\ARM_GCC_484\Debug\Modbus.o (EndOfMessage_StartEx)
.\CortexM0\ARM_GCC_484\Debug\PSoC 4 Encoder Modbus Slave.a(writeEnable.o)
                              .\CortexM0\ARM_GCC_484\Debug\main.o (writeEnable_Write)
.\CortexM0\ARM_GCC_484\Debug\PSoC 4 Encoder Modbus Slave.a(ChannelA.o)
                              .\CortexM0\ARM_GCC_484\Debug\main.o (ChannelA_Read)
.\CortexM0\ARM_GCC_484\Debug\PSoC 4 Encoder Modbus Slave.a(ChannelB.o)
                              .\CortexM0\ARM_GCC_484\Debug\main.o (ChannelB_Read)
.\CortexM0\ARM_GCC_484\Debug\PSoC 4 Encoder Modbus Slave.a(EncoderInterrupt.o)
                              .\CortexM0\ARM_GCC_484\Debug\main.o (EncoderInterrupt_StartEx)
.\CortexM0\ARM_GCC_484\Debug\PSoC 4 Encoder Modbus Slave.a(EncoderInterruptPin.o)
                              .\CortexM0\ARM_GCC_484\Debug\interrupts.o (EncoderInterruptPin_ClearInterrupt)
.\CortexM0\ARM_GCC_484\Debug\PSoC 4 Encoder Modbus Slave.a(SpeedTimer.o)
                              .\CortexM0\ARM_GCC_484\Debug\main.o (SpeedTimer_Start)
.\CortexM0\ARM_GCC_484\Debug\PSoC 4 Encoder Modbus Slave.a(SpeedInterrupt.o)
                              .\CortexM0\ARM_GCC_484\Debug\main.o (SpeedInterrupt_StartEx)
.\CortexM0\ARM_GCC_484\Debug\PSoC 4 Encoder Modbus Slave.a(MotorPWM.o)
                              .\CortexM0\ARM_GCC_484\Debug\main.o (MotorPWM_Start)
.\CortexM0\ARM_GCC_484\Debug\PSoC 4 Encoder Modbus Slave.a(Direction.o)
                              .\CortexM0\ARM_GCC_484\Debug\main.o (Direction_Write)
.\CortexM0\ARM_GCC_484\Debug\PSoC 4 Encoder Modbus Slave.a(MotorCurrentADC.o)
                              .\CortexM0\ARM_GCC_484\Debug\main.o (MotorCurrentADC_Start)
.\CortexM0\ARM_GCC_484\Debug\PSoC 4 Encoder Modbus Slave.a(MotorCurrentADC_INT.o)
                              .\CortexM0\ARM_GCC_484\Debug\PSoC 4 Encoder Modbus Slave.a(MotorCurrentADC.o) (MotorCurrentADC_ISR)
c:/program files (x86)/cypress/psoc creator/3.1/psoc creator/import/gnu_cs/arm/4.8.4/bin/../lib/gcc/arm-none-eabi/4.8.4/armv6-m\libgcc.a(_udivsi3.o)
                              .\CortexM0\ARM_GCC_484\Debug\PSoC 4 Encoder Modbus Slave.a(CyLib.o) (__aeabi_uidiv)
c:/program files (x86)/cypress/psoc creator/3.1/psoc creator/import/gnu_cs/arm/4.8.4/bin/../lib/gcc/arm-none-eabi/4.8.4/armv6-m\libgcc.a(_divsi3.o)
                              .\CortexM0\ARM_GCC_484\Debug\Cm0Start.o (__aeabi_idiv)
c:/program files (x86)/cypress/psoc creator/3.1/psoc creator/import/gnu_cs/arm/4.8.4/bin/../lib/gcc/arm-none-eabi/4.8.4/armv6-m\libgcc.a(_dvmd_tls.o)
                              c:/program files (x86)/cypress/psoc creator/3.1/psoc creator/import/gnu_cs/arm/4.8.4/bin/../lib/gcc/arm-none-eabi/4.8.4/armv6-m\libgcc.a(_udivsi3.o) (__aeabi_idiv0)
c:/program files (x86)/cypress/psoc creator/3.1/psoc creator/import/gnu_cs/arm/4.8.4/bin/../lib/gcc/arm-none-eabi/4.8.4/armv6-m\libgcc.a(_aeabi_ldivmod.o)
                              .\CortexM0\ARM_GCC_484\Debug\PSoC 4 Encoder Modbus Slave.a(MotorCurrentADC.o) (__aeabi_ldivmod)
c:/program files (x86)/cypress/psoc creator/3.1/psoc creator/import/gnu_cs/arm/4.8.4/bin/../lib/gcc/arm-none-eabi/4.8.4/armv6-m\libgcc.a(_muldi3.o)
                              .\CortexM0\ARM_GCC_484\Debug\PSoC 4 Encoder Modbus Slave.a(MotorCurrentADC.o) (__aeabi_lmul)
[...]
Memory Configuration

Name             Origin             Length             Attributes
rom              0x00000000         0x00008000         xr
ram              0x20000000         0x00001000         xrw
*default*        0x00000000         0xffffffff

Linker script and memory map

LOAD c:/program files (x86)/cypress/psoc creator/3.1/psoc creator/import/gnu_cs/arm/4.8.4/bin/../lib/gcc/arm-none-eabi/4.8.4/armv6-m/crti.o
LOAD c:/program files (x86)/cypress/psoc creator/3.1/psoc creator/import/gnu_cs/arm/4.8.4/bin/../lib/gcc/arm-none-eabi/4.8.4/armv6-m/crtbegin.o
LOAD c:/program files (x86)/cypress/psoc creator/3.1/psoc creator/import/gnu_cs/arm/4.8.4/bin/../lib/gcc/arm-none-eabi/4.8.4/../../../../arm-none-eabi/lib/armv6-m/crt0.o
START GROUP
LOAD .\CortexM0\ARM_GCC_484\Debug\main.o
LOAD .\CortexM0\ARM_GCC_484\Debug\interrupts.o
LOAD .\CortexM0\ARM_GCC_484\Debug\Modbus.o
LOAD .\CortexM0\ARM_GCC_484\Debug\cymetadata.o
LOAD .\CortexM0\ARM_GCC_484\Debug\Cm0Start.o
LOAD .\CortexM0\ARM_GCC_484\Debug\PSoC 4 Encoder Modbus Slave.a
LOAD C:\Program Files (x86)\Cypress\PSoC Creator\3.1\PSoC Creator\psoc\content\cycomponentlibrary\CyComponentLibrary.cylib\CortexM0\ARM_GCC_484\Debug\CyComponentLibrary.a
END GROUP
START GROUP
LOAD c:/program files (x86)/cypress/psoc creator/3.1/psoc creator/import/gnu_cs/arm/4.8.4/bin/../lib/gcc/arm-none-eabi/4.8.4/armv6-m\libgcc.a
LOAD c:/program files (x86)/cypress/psoc creator/3.1/psoc creator/import/gnu_cs/arm/4.8.4/bin/../lib/gcc/arm-none-eabi/4.8.4/../../../../arm-none-eabi/lib/armv6-m\libg_s.a
LOAD c:/program files (x86)/cypress/psoc creator/3.1/psoc creator/import/gnu_cs/arm/4.8.4/bin/../lib/gcc/arm-none-eabi/4.8.4/../../../../arm-none-eabi/lib/armv6-m\libc_s.a
END GROUP
START GROUP
LOAD c:/program files (x86)/cypress/psoc creator/3.1/psoc creator/import/gnu_cs/arm/4.8.4/bin/../lib/gcc/arm-none-eabi/4.8.4/armv6-m\libgcc.a
LOAD c:/program files (x86)/cypress/psoc creator/3.1/psoc creator/import/gnu_cs/arm/4.8.4/bin/../lib/gcc/arm-none-eabi/4.8.4/../../../../arm-none-eabi/lib/armv6-m\libc_s.a
END GROUP
LOAD c:/program files (x86)/cypress/psoc creator/3.1/psoc creator/import/gnu_cs/arm/4.8.4/bin/../lib/gcc/arm-none-eabi/4.8.4/armv6-m/crtend.o
LOAD c:/program files (x86)/cypress/psoc creator/3.1/psoc creator/import/gnu_cs/arm/4.8.4/bin/../lib/gcc/arm-none-eabi/4.8.4/armv6-m/crtn.o
START GROUP
LOAD c:/program files (x86)/cypress/psoc creator/3.1/psoc creator/import/gnu_cs/arm/4.8.4/bin/../lib/gcc/arm-none-eabi/4.8.4/armv6-m\libgcc.a
LOAD c:/program files (x86)/cypress/psoc creator/3.1/psoc creator/import/gnu_cs/arm/4.8.4/bin/../lib/gcc/arm-none-eabi/4.8.4/../../../../arm-none-eabi/lib/armv6-m\libc.a
LOAD c:/program files (x86)/cypress/psoc creator/3.1/psoc creator/import/gnu_cs/arm/4.8.4/bin/../lib/gcc/arm-none-eabi/4.8.4/../../../../arm-none-eabi/lib/armv6-m\libnosys.a
END GROUP
                0x00000000                CY_APPL_ORIGIN = 0x0
                0x00000080                CY_FLASH_ROW_SIZE = 0x80
                0x00000001                CY_APPL_NUM = 0x1
                0x00000040                CY_METADATA_SIZE = 0x40
                0x20000398                PROVIDE (__cy_heap_start, _end)
                0x00000001                PROVIDE (__cy_region_num, ((__cy_regions_end - __cy_regions) / 0x10))
                0x20001000                PROVIDE (__cy_stack, (ORIGIN (ram) + 0x1000))
                0x20000c00                PROVIDE (__cy_heap_end, (__cy_stack - 0x400))

.cybootloader   0x00000000        0x0
 *(.cybootloader)
                0x00000000                appl1_start = CY_APPL_ORIGIN?CY_APPL_ORIGIN:ALIGN (CY_FLASH_ROW_SIZE)
                0x00003f80                appl2_start = (appl1_start + ALIGN ((((0x8000 - appl1_start) - (0x2 * CY_FLASH_ROW_SIZE)) / 0x2), CY_FLASH_ROW_SIZE))
                0x00000000                appl_start = (CY_APPL_NUM == 0x1)?appl1_start:appl2_start

.text           0x00000000     0x4840
 CREATE_OBJECT_SYMBOLS
                0x00000000                PROVIDE (__cy_interrupt_vector, RomVectors)
 *(.romvectors)
 .romvectors    0x00000000       0x10 .\CortexM0\ARM_GCC_484\Debug\Cm0Start.o
                0x00000000                RomVectors
                0x00000001                ASSERT ((. != __cy_interrupt_vector), No interrupt vector)
                0x00000001                ASSERT (CY_APPL_ORIGIN?(SIZEOF (.cybootloader) <= CY_APPL_ORIGIN):0x1, Wrong image location)
                0x00000010                PROVIDE (__cy_reset, Reset)
 *(.text.Reset)
 .text.Reset    0x00000010        0x8 .\CortexM0\ARM_GCC_484\Debug\Cm0Start.o
                0x00000010                Reset
                0x00000001                ASSERT ((. != __cy_reset), No reset code)
 *(.psocinit)
 .psocinit      0x00000018      0x35c .\CortexM0\ARM_GCC_484\Debug\PSoC 4 Encoder Modbus Slave.a(cyfitter_cfg.o)
                0x000001a8                cyfitter_cfg
                0x00000374                . = MAX (., 0x100)
 *(.text .text.* .gnu.linkonce.t.*)
 .text          0x00000374       0x60 c:/program files (x86)/cypress/psoc creator/3.1/psoc creator/import/gnu_cs/arm/4.8.4/bin/../lib/gcc/arm-none-eabi/4.8.4/armv6-m/crtbegin.o
 .text.main     0x000003d4      0x1fc .\CortexM0\ARM_GCC_484\Debug\main.o
                0x000003d4                main
 .text.updateEncoder
                0x000005d0       0xe4 .\CortexM0\ARM_GCC_484\Debug\main.o
                0x000005d0                updateEncoder
 *fill*         0x000006b4        0x4 
 .text.calculateSpeed
                0x000006b8       0xa0 .\CortexM0\ARM_GCC_484\Debug\main.o
                0x000006b8                calculateSpeed
 .text.scaleModbusPIDConstants
                0x00000758       0xb0 .\CortexM0\ARM_GCC_484\Debug\main.o
                0x00000758                scaleModbusPIDConstants
 .text.calculatePID
                0x00000808      0x100 .\CortexM0\ARM_GCC_484\Debug\main.o
                0x00000808                calculatePID
 .text.updateModbusPackets
                0x00000908       0x5c .\CortexM0\ARM_GCC_484\Debug\main.o
                0x00000908                updateModbusPackets
 .text.messageReceived_isr
                0x00000964       0x30 .\CortexM0\ARM_GCC_484\Debug\interrupts.o
                0x00000964                messageReceived_isr
 .text.endOfMessage_isr
                0x00000994       0x30 .\CortexM0\ARM_GCC_484\Debug\interrupts.o
                0x00000994                endOfMessage_isr
 .text.encoder_isr
                0x000009c4       0x18 .\CortexM0\ARM_GCC_484\Debug\interrupts.o
                0x000009c4                encoder_isr
 .text.speed_isr
                0x000009dc       0x18 .\CortexM0\ARM_GCC_484\Debug\interrupts.o
                0x000009dc                speed_isr
 .text.decodeMessage
                0x000009f4       0xd8 .\CortexM0\ARM_GCC_484\Debug\Modbus.o
                0x000009f4                decodeMessage
 .text.checkIfEndOfMessage
                0x00000acc       0xfc .\CortexM0\ARM_GCC_484\Debug\Modbus.o
                0x00000acc                checkIfEndOfMessage
 .text.processMessage
                0x00000bc8       0x98 .\CortexM0\ARM_GCC_484\Debug\Modbus.o
                0x00000bc8                processMessage
 .text.readCoil
                0x00000c60      0x298 .\CortexM0\ARM_GCC_484\Debug\Modbus.o
                0x00000c60                readCoil
 .text.readInputCoil
                0x00000ef8      0x298 .\CortexM0\ARM_GCC_484\Debug\Modbus.o
                0x00000ef8                readInputCoil
 .text.readInputReg
                0x00001190      0x1a8 .\CortexM0\ARM_GCC_484\Debug\Modbus.o
                0x00001190                readInputReg
 .text.readReg  0x00001338      0x1ac .\CortexM0\ARM_GCC_484\Debug\Modbus.o
                0x00001338                readReg
 .text.writeReg
                0x000014e4      0x100 .\CortexM0\ARM_GCC_484\Debug\Modbus.o
                0x000014e4                writeReg
 .text.writeMultipleRegs
                0x000015e4      0x184 .\CortexM0\ARM_GCC_484\Debug\Modbus.o
                0x000015e4                writeMultipleRegs
 .text.writeCoil
                0x00001768      0x110 .\CortexM0\ARM_GCC_484\Debug\Modbus.o
                0x00001768                writeCoil
 .text.writeMultipleCoils
                0x00001878      0x264 .\CortexM0\ARM_GCC_484\Debug\Modbus.o
                0x00001878                writeMultipleCoils
 .text.generateCRC
                0x00001adc       0xac .\CortexM0\ARM_GCC_484\Debug\Modbus.o
                0x00001adc                generateCRC
 .text.checkCRC
                0x00001b88       0xc0 .\CortexM0\ARM_GCC_484\Debug\Modbus.o
                0x00001b88                checkCRC
 .text.responseFinished
                0x00001c48       0x40 .\CortexM0\ARM_GCC_484\Debug\Modbus.o
                0x00001c48                responseFinished
 .text.IntDefaultHandler
                0x00001c88        0x8 .\CortexM0\ARM_GCC_484\Debug\Cm0Start.o
                0x00001c88                IntDefaultHandler
 .text.Start_c  0x00001c90       0x98 .\CortexM0\ARM_GCC_484\Debug\Cm0Start.o
                0x00001c90                Start_c
 .text.initialize_psoc
                0x00001d28       0x64 .\CortexM0\ARM_GCC_484\Debug\Cm0Start.o
                0x00001d28                initialize_psoc
 .text.CYMEMZERO
                0x00001d8c       0x20 .\CortexM0\ARM_GCC_484\Debug\PSoC 4 Encoder Modbus Slave.a(cyfitter_cfg.o)
 .text.cfg_write_bytes32
                0x00001dac       0x80 .\CortexM0\ARM_GCC_484\Debug\PSoC 4 Encoder Modbus Slave.a(cyfitter_cfg.o)
 .text.AnalogSetDefault
                0x00001e2c       0x14 .\CortexM0\ARM_GCC_484\Debug\PSoC 4 Encoder Modbus Slave.a(cyfitter_cfg.o)
 .text          0x00001e40       0x28 .\CortexM0\ARM_GCC_484\Debug\PSoC 4 Encoder Modbus Slave.a(CyBootAsmGnu.o)
                0x00001e40                CyDelayCycles
                0x00001e54                CyEnterCriticalSection
                0x00001e5c                CyExitCriticalSection
 .text.CyIntSetVector
                0x00001e68       0x4c .\CortexM0\ARM_GCC_484\Debug\PSoC 4 Encoder Modbus Slave.a(CyLib.o)
                0x00001e68                CyIntSetVector
 .text.CyIntSetPriority
                0x00001eb4       0xa8 .\CortexM0\ARM_GCC_484\Debug\PSoC 4 Encoder Modbus Slave.a(CyLib.o)
                0x00001eb4                CyIntSetPriority
 .text.CyHalt   0x00001f5c       0x14 .\CortexM0\ARM_GCC_484\Debug\PSoC 4 Encoder Modbus Slave.a(CyLib.o)
                0x00001f5c                CyHalt
 .text.CyDelayUs
                0x00001f70       0x28 .\CortexM0\ARM_GCC_484\Debug\PSoC 4 Encoder Modbus Slave.a(CyLib.o)
                0x00001f70                CyDelayUs
 .text.MessageTimer_Init
                0x00001f98       0x30 .\CortexM0\ARM_GCC_484\Debug\PSoC 4 Encoder Modbus Slave.a(MessageTimer.o)
                0x00001f98                MessageTimer_Init
 .text.MessageTimer_Enable
                0x00001fc8       0x38 .\CortexM0\ARM_GCC_484\Debug\PSoC 4 Encoder Modbus Slave.a(MessageTimer.o)
                0x00001fc8                MessageTimer_Enable
 .text.MessageTimer_Start
                0x00002000       0x24 .\CortexM0\ARM_GCC_484\Debug\PSoC 4 Encoder Modbus Slave.a(MessageTimer.o)
                0x00002000                MessageTimer_Start
 .text.MessageTimer_Stop
                0x00002024       0x30 .\CortexM0\ARM_GCC_484\Debug\PSoC 4 Encoder Modbus Slave.a(MessageTimer.o)
                0x00002024                MessageTimer_Stop
 .text.MessageTimer_WriteCounter
                0x00002054       0x1c .\CortexM0\ARM_GCC_484\Debug\PSoC 4 Encoder Modbus Slave.a(MessageTimer.o)
                0x00002054                MessageTimer_WriteCounter
 .text.MessageTimer_WritePeriod
                0x00002070       0x1c .\CortexM0\ARM_GCC_484\Debug\PSoC 4 Encoder Modbus Slave.a(MessageTimer.o)
                0x00002070                MessageTimer_WritePeriod
 .text.MessageTimer_TriggerCommand
                0x0000208c       0x3c .\CortexM0\ARM_GCC_484\Debug\PSoC 4 Encoder Modbus Slave.a(MessageTimer.o)
                0x0000208c                MessageTimer_TriggerCommand
 .text.MessageTimer_SetInterruptMode
                0x000020c8       0x18 .\CortexM0\ARM_GCC_484\Debug\PSoC 4 Encoder Modbus Slave.a(MessageTimer.o)
                0x000020c8                MessageTimer_SetInterruptMode
 .text.MessageTimer_GetInterruptSource
                0x000020e0       0x14 .\CortexM0\ARM_GCC_484\Debug\PSoC 4 Encoder Modbus Slave.a(MessageTimer.o)
                0x000020e0                MessageTimer_GetInterruptSource
 .text.MessageTimer_ClearInterrupt
                0x000020f4       0x18 .\CortexM0\ARM_GCC_484\Debug\PSoC 4 Encoder Modbus Slave.a(MessageTimer.o)
                0x000020f4                MessageTimer_ClearInterrupt
 .text.ModbusUART_Init
                0x0000210c        0xc .\CortexM0\ARM_GCC_484\Debug\PSoC 4 Encoder Modbus Slave.a(ModbusUART.o)
                0x0000210c                ModbusUART_Init
 .text.ModbusUART_Enable
                0x00002118       0x20 .\CortexM0\ARM_GCC_484\Debug\PSoC 4 Encoder Modbus Slave.a(ModbusUART.o)
                0x00002118                ModbusUART_Enable
 .text.ModbusUART_Start
                0x00002138       0x24 .\CortexM0\ARM_GCC_484\Debug\PSoC 4 Encoder Modbus Slave.a(ModbusUART.o)
                0x00002138                ModbusUART_Start
 .text.ModbusUART_ScbEnableIntr
                0x0000215c        0x8 .\CortexM0\ARM_GCC_484\Debug\PSoC 4 Encoder Modbus Slave.a(ModbusUART.o)
 .text.ModbusUART_SpiUartReadRxData
                0x00002164       0x20 .\CortexM0\ARM_GCC_484\Debug\PSoC 4 Encoder Modbus Slave.a(ModbusUART_SPI_UART.o)
                0x00002164                ModbusUART_SpiUartReadRxData
 .text.ModbusUART_SpiUartGetRxBufferSize
                0x00002184       0x20 .\CortexM0\ARM_GCC_484\Debug\PSoC 4 Encoder Modbus Slave.a(ModbusUART_SPI_UART.o)
                0x00002184                ModbusUART_SpiUartGetRxBufferSize
 .text.ModbusUART_SpiUartWriteTxData
                0x000021a4       0x2c .\CortexM0\ARM_GCC_484\Debug\PSoC 4 Encoder Modbus Slave.a(ModbusUART_SPI_UART.o)
                0x000021a4                ModbusUART_SpiUartWriteTxData
 .text.ModbusUART_UartInit
                0x000021d0       0xac .\CortexM0\ARM_GCC_484\Debug\PSoC 4 Encoder Modbus Slave.a(ModbusUART_UART.o)
                0x000021d0                ModbusUART_UartInit
 .text.ModbusUART_UartGetChar
                0x0000227c       0x44 .\CortexM0\ARM_GCC_484\Debug\PSoC 4 Encoder Modbus Slave.a(ModbusUART_UART.o)
                0x0000227c                ModbusUART_UartGetChar
 .text.MessageReceived_StartEx
                0x000022c0       0x24 .\CortexM0\ARM_GCC_484\Debug\PSoC 4 Encoder Modbus Slave.a(MessageReceived.o)
                0x000022c0                MessageReceived_StartEx
 .text.MessageReceived_SetVector
                0x000022e4       0x18 .\CortexM0\ARM_GCC_484\Debug\PSoC 4 Encoder Modbus Slave.a(MessageReceived.o)
                0x000022e4                MessageReceived_SetVector
 .text.MessageReceived_SetPriority
                0x000022fc       0x4c .\CortexM0\ARM_GCC_484\Debug\PSoC 4 Encoder Modbus Slave.a(MessageReceived.o)
                0x000022fc                MessageReceived_SetPriority
 .text.MessageReceived_Enable
                0x00002348       0x14 .\CortexM0\ARM_GCC_484\Debug\PSoC 4 Encoder Modbus Slave.a(MessageReceived.o)
                0x00002348                MessageReceived_Enable
 .text.MessageReceived_Disable
                0x0000235c       0x14 .\CortexM0\ARM_GCC_484\Debug\PSoC 4 Encoder Modbus Slave.a(MessageReceived.o)
                0x0000235c                MessageReceived_Disable
 .text.EndOfMessage_StartEx
                0x00002370       0x24 .\CortexM0\ARM_GCC_484\Debug\PSoC 4 Encoder Modbus Slave.a(EndOfMessage.o)
                0x00002370                EndOfMessage_StartEx
 .text.EndOfMessage_Stop
                0x00002394       0x18 .\CortexM0\ARM_GCC_484\Debug\PSoC 4 Encoder Modbus Slave.a(EndOfMessage.o)
                0x00002394                EndOfMessage_Stop
 .text.EndOfMessage_SetVector
                0x000023ac       0x1c .\CortexM0\ARM_GCC_484\Debug\PSoC 4 Encoder Modbus Slave.a(EndOfMessage.o)
                0x000023ac                EndOfMessage_SetVector
 .text.EndOfMessage_SetPriority
                0x000023c8       0x50 .\CortexM0\ARM_GCC_484\Debug\PSoC 4 Encoder Modbus Slave.a(EndOfMessage.o)
                0x000023c8                EndOfMessage_SetPriority
 .text.EndOfMessage_Enable
                0x00002418       0x14 .\CortexM0\ARM_GCC_484\Debug\PSoC 4 Encoder Modbus Slave.a(EndOfMessage.o)
                0x00002418                EndOfMessage_Enable
 .text.EndOfMessage_Disable
                0x0000242c       0x14 .\CortexM0\ARM_GCC_484\Debug\PSoC 4 Encoder Modbus Slave.a(EndOfMessage.o)
                0x0000242c                EndOfMessage_Disable
 .text.writeEnable_Write
                0x00002440       0x48 .\CortexM0\ARM_GCC_484\Debug\PSoC 4 Encoder Modbus Slave.a(writeEnable.o)
                0x00002440                writeEnable_Write
 .text.ChannelA_Read
                0x00002488       0x1c .\CortexM0\ARM_GCC_484\Debug\PSoC 4 Encoder Modbus Slave.a(ChannelA.o)
                0x00002488                ChannelA_Read
 .text.ChannelB_Read
                0x000024a4       0x1c .\CortexM0\ARM_GCC_484\Debug\PSoC 4 Encoder Modbus Slave.a(ChannelB.o)
                0x000024a4                ChannelB_Read
 .text.EncoderInterrupt_StartEx
                0x000024c0       0x24 .\CortexM0\ARM_GCC_484\Debug\PSoC 4 Encoder Modbus Slave.a(EncoderInterrupt.o)
                0x000024c0                EncoderInterrupt_StartEx
 .text.EncoderInterrupt_SetVector
                0x000024e4       0x18 .\CortexM0\ARM_GCC_484\Debug\PSoC 4 Encoder Modbus Slave.a(EncoderInterrupt.o)
                0x000024e4                EncoderInterrupt_SetVector
 .text.EncoderInterrupt_SetPriority
                0x000024fc       0x50 .\CortexM0\ARM_GCC_484\Debug\PSoC 4 Encoder Modbus Slave.a(EncoderInterrupt.o)
                0x000024fc                EncoderInterrupt_SetPriority
 .text.EncoderInterrupt_Enable
                0x0000254c       0x14 .\CortexM0\ARM_GCC_484\Debug\PSoC 4 Encoder Modbus Slave.a(EncoderInterrupt.o)
                0x0000254c                EncoderInterrupt_Enable
 .text.EncoderInterrupt_Disable
                0x00002560       0x14 .\CortexM0\ARM_GCC_484\Debug\PSoC 4 Encoder Modbus Slave.a(EncoderInterrupt.o)
                0x00002560                EncoderInterrupt_Disable
 .text.EncoderInterruptPin_ClearInterrupt
                0x00002574       0x30 .\CortexM0\ARM_GCC_484\Debug\PSoC 4 Encoder Modbus Slave.a(EncoderInterruptPin.o)
                0x00002574                EncoderInterruptPin_ClearInterrupt
 .text.SpeedTimer_Init
                0x000025a4       0x4c .\CortexM0\ARM_GCC_484\Debug\PSoC 4 Encoder Modbus Slave.a(SpeedTimer.o)
                0x000025a4                SpeedTimer_Init
 .text.SpeedTimer_Enable
                0x000025f0       0x20 .\CortexM0\ARM_GCC_484\Debug\PSoC 4 Encoder Modbus Slave.a(SpeedTimer.o)
                0x000025f0                SpeedTimer_Enable
 .text.SpeedTimer_Start
                0x00002610       0x24 .\CortexM0\ARM_GCC_484\Debug\PSoC 4 Encoder Modbus Slave.a(SpeedTimer.o)
                0x00002610                SpeedTimer_Start
 .text.SpeedTimer_SetInterruptMode
                0x00002634       0x20 .\CortexM0\ARM_GCC_484\Debug\PSoC 4 Encoder Modbus Slave.a(SpeedTimer.o)
                0x00002634                SpeedTimer_SetInterruptMode
 .text.SpeedTimer_ReadStatusRegister
                0x00002654       0x14 .\CortexM0\ARM_GCC_484\Debug\PSoC 4 Encoder Modbus Slave.a(SpeedTimer.o)
                0x00002654                SpeedTimer_ReadStatusRegister
 .text.SpeedTimer_ReadPeriod
                0x00002668       0x14 .\CortexM0\ARM_GCC_484\Debug\PSoC 4 Encoder Modbus Slave.a(SpeedTimer.o)
                0x00002668                SpeedTimer_ReadPeriod
 .text.SpeedTimer_WritePeriod
                0x0000267c       0x20 .\CortexM0\ARM_GCC_484\Debug\PSoC 4 Encoder Modbus Slave.a(SpeedTimer.o)
                0x0000267c                SpeedTimer_WritePeriod
 .text.SpeedTimer_ReadCapture
                0x0000269c       0x14 .\CortexM0\ARM_GCC_484\Debug\PSoC 4 Encoder Modbus Slave.a(SpeedTimer.o)
                0x0000269c                SpeedTimer_ReadCapture
 .text.SpeedTimer_WriteCounter
                0x000026b0       0x20 .\CortexM0\ARM_GCC_484\Debug\PSoC 4 Encoder Modbus Slave.a(SpeedTimer.o)
                0x000026b0                SpeedTimer_WriteCounter
 .text.SpeedTimer_ClearFIFO
                0x000026d0       0x1c .\CortexM0\ARM_GCC_484\Debug\PSoC 4 Encoder Modbus Slave.a(SpeedTimer.o)
                0x000026d0                SpeedTimer_ClearFIFO
 .text.SpeedInterrupt_StartEx
                0x000026ec       0x24 .\CortexM0\ARM_GCC_484\Debug\PSoC 4 Encoder Modbus Slave.a(SpeedInterrupt.o)
                0x000026ec                SpeedInterrupt_StartEx
 .text.SpeedInterrupt_SetVector
                0x00002710       0x18 .\CortexM0\ARM_GCC_484\Debug\PSoC 4 Encoder Modbus Slave.a(SpeedInterrupt.o)
                0x00002710                SpeedInterrupt_SetVector
 .text.SpeedInterrupt_SetPriority
                0x00002728       0x50 .\CortexM0\ARM_GCC_484\Debug\PSoC 4 Encoder Modbus Slave.a(SpeedInterrupt.o)
                0x00002728                SpeedInterrupt_SetPriority
 .text.SpeedInterrupt_Enable
                0x00002778       0x14 .\CortexM0\ARM_GCC_484\Debug\PSoC 4 Encoder Modbus Slave.a(SpeedInterrupt.o)
                0x00002778                SpeedInterrupt_Enable
 .text.SpeedInterrupt_Disable
                0x0000278c       0x14 .\CortexM0\ARM_GCC_484\Debug\PSoC 4 Encoder Modbus Slave.a(SpeedInterrupt.o)
                0x0000278c                SpeedInterrupt_Disable
 .text.MotorPWM_Start
                0x000027a0       0x24 .\CortexM0\ARM_GCC_484\Debug\PSoC 4 Encoder Modbus Slave.a(MotorPWM.o)
                0x000027a0                MotorPWM_Start
 .text.MotorPWM_Init
                0x000027c4       0x80 .\CortexM0\ARM_GCC_484\Debug\PSoC 4 Encoder Modbus Slave.a(MotorPWM.o)
                0x000027c4                MotorPWM_Init
 .text.MotorPWM_Enable
                0x00002844       0x20 .\CortexM0\ARM_GCC_484\Debug\PSoC 4 Encoder Modbus Slave.a(MotorPWM.o)
                0x00002844                MotorPWM_Enable
 .text.MotorPWM_WriteCounter
                0x00002864       0x20 .\CortexM0\ARM_GCC_484\Debug\PSoC 4 Encoder Modbus Slave.a(MotorPWM.o)
                0x00002864                MotorPWM_WriteCounter
 .text.MotorPWM_ClearFIFO
                0x00002884       0x1c .\CortexM0\ARM_GCC_484\Debug\PSoC 4 Encoder Modbus Slave.a(MotorPWM.o)
                0x00002884                MotorPWM_ClearFIFO
 .text.MotorPWM_WritePeriod
                0x000028a0       0x20 .\CortexM0\ARM_GCC_484\Debug\PSoC 4 Encoder Modbus Slave.a(MotorPWM.o)
                0x000028a0                MotorPWM_WritePeriod
 .text.MotorPWM_WriteCompare
                0x000028c0       0x20 .\CortexM0\ARM_GCC_484\Debug\PSoC 4 Encoder Modbus Slave.a(MotorPWM.o)
                0x000028c0                MotorPWM_WriteCompare
 .text.MotorPWM_SetInterruptMode
                0x000028e0       0x20 .\CortexM0\ARM_GCC_484\Debug\PSoC 4 Encoder Modbus Slave.a(MotorPWM.o)
                0x000028e0                MotorPWM_SetInterruptMode
 .text.MotorPWM_ReadStatusRegister
                0x00002900       0x14 .\CortexM0\ARM_GCC_484\Debug\PSoC 4 Encoder Modbus Slave.a(MotorPWM.o)
                0x00002900                MotorPWM_ReadStatusRegister
 .text.MotorPWM_ReadCapture
                0x00002914       0x14 .\CortexM0\ARM_GCC_484\Debug\PSoC 4 Encoder Modbus Slave.a(MotorPWM.o)
                0x00002914                MotorPWM_ReadCapture
 .text.Direction_Write
                0x00002928       0x4c .\CortexM0\ARM_GCC_484\Debug\PSoC 4 Encoder Modbus Slave.a(Direction.o)
                0x00002928                Direction_Write
 .text.MotorCurrentADC_Start
                0x00002974       0x24 .\CortexM0\ARM_GCC_484\Debug\PSoC 4 Encoder Modbus Slave.a(MotorCurrentADC.o)
                0x00002974                MotorCurrentADC_Start
 .text.MotorCurrentADC_Init
                0x00002998      0x1a8 .\CortexM0\ARM_GCC_484\Debug\PSoC 4 Encoder Modbus Slave.a(MotorCurrentADC.o)
                0x00002998                MotorCurrentADC_Init
 .text.MotorCurrentADC_Enable
                0x00002b40       0x28 .\CortexM0\ARM_GCC_484\Debug\PSoC 4 Encoder Modbus Slave.a(MotorCurrentADC.o)
                0x00002b40                MotorCurrentADC_Enable
 .text.MotorCurrentADC_StartConvert
                0x00002b68       0x1c .\CortexM0\ARM_GCC_484\Debug\PSoC 4 Encoder Modbus Slave.a(MotorCurrentADC.o)
                0x00002b68                MotorCurrentADC_StartConvert
 .text.MotorCurrentADC_IsEndConversion
                0x00002b84       0x48 .\CortexM0\ARM_GCC_484\Debug\PSoC 4 Encoder Modbus Slave.a(MotorCurrentADC.o)
                0x00002b84                MotorCurrentADC_IsEndConversion
 .text.MotorCurrentADC_GetResult16
                0x00002bcc       0x44 .\CortexM0\ARM_GCC_484\Debug\PSoC 4 Encoder Modbus Slave.a(MotorCurrentADC.o)
                0x00002bcc                MotorCurrentADC_GetResult16
 .text.MotorCurrentADC_CountsTo_Volts
                0x00002c10       0x80 .\CortexM0\ARM_GCC_484\Debug\PSoC 4 Encoder Modbus Slave.a(MotorCurrentADC.o)
                0x00002c10                MotorCurrentADC_CountsTo_Volts
 .text.MotorCurrentADC_ISR
                0x00002c90       0x1c .\CortexM0\ARM_GCC_484\Debug\PSoC 4 Encoder Modbus Slave.a(MotorCurrentADC_INT.o)
                0x00002c90                MotorCurrentADC_ISR
 .text          0x00002cac       0x9c c:/program files (x86)/cypress/psoc creator/3.1/psoc creator/import/gnu_cs/arm/4.8.4/bin/../lib/gcc/arm-none-eabi/4.8.4/armv6-m\libgcc.a(_udivsi3.o)
                0x00002cac                __aeabi_uidiv
                0x00002cac                __udivsi3
                0x00002d34                __aeabi_uidivmod
 .text          0x00002d48       0xc0 c:/program files (x86)/cypress/psoc creator/3.1/psoc creator/import/gnu_cs/arm/4.8.4/bin/../lib/gcc/arm-none-eabi/4.8.4/armv6-m\libgcc.a(_divsi3.o)
                0x00002d48                __divsi3
                0x00002d48                __aeabi_idiv
                0x00002df4                __aeabi_idivmod
 .text          0x00002e08        0x4 c:/program files (x86)/cypress/psoc creator/3.1/psoc creator/import/gnu_cs/arm/4.8.4/bin/../lib/gcc/arm-none-eabi/4.8.4/armv6-m\libgcc.a(_dvmd_tls.o)
                0x00002e08                __aeabi_idiv0
                0x00002e08                __aeabi_ldiv0
 .text          0x00002e0c      0x2d8 c:/program files (x86)/cypress/psoc creator/3.1/psoc creator/import/gnu_cs/arm/4.8.4/bin/../lib/gcc/arm-none-eabi/4.8.4/armv6-m\libgcc.a(addsf3.o)
                0x00002e0c                __aeabi_fadd
 .text          0x000030e4      0x24c c:/program files (x86)/cypress/psoc creator/3.1/psoc creator/import/gnu_cs/arm/4.8.4/bin/../lib/gcc/arm-none-eabi/4.8.4/armv6-m\libgcc.a(divsf3.o)
                0x000030e4                __aeabi_fdiv
 .text          0x00003330      0x254 c:/program files (x86)/cypress/psoc creator/3.1/psoc creator/import/gnu_cs/arm/4.8.4/bin/../lib/gcc/arm-none-eabi/4.8.4/armv6-m\libgcc.a(mulsf3.o)
                0x00003330                __aeabi_fmul
 .text          0x00003584      0x2ec c:/program files (x86)/cypress/psoc creator/3.1/psoc creator/import/gnu_cs/arm/4.8.4/bin/../lib/gcc/arm-none-eabi/4.8.4/armv6-m\libgcc.a(subsf3.o)
                0x00003584                __aeabi_fsub
 .text          0x00003870       0x40 c:/program files (x86)/cypress/psoc creator/3.1/psoc creator/import/gnu_cs/arm/4.8.4/bin/../lib/gcc/arm-none-eabi/4.8.4/armv6-m\libgcc.a(fixsfsi.o)
                0x00003870                __aeabi_f2iz
 .text          0x000038b0       0xb8 c:/program files (x86)/cypress/psoc creator/3.1/psoc creator/import/gnu_cs/arm/4.8.4/bin/../lib/gcc/arm-none-eabi/4.8.4/armv6-m\libgcc.a(floatsisf.o)
                0x000038b0                __aeabi_i2f
 .text          0x00003968       0xa0 c:/program files (x86)/cypress/psoc creator/3.1/psoc creator/import/gnu_cs/arm/4.8.4/bin/../lib/gcc/arm-none-eabi/4.8.4/armv6-m\libgcc.a(floatunsisf.o)
                0x00003968                __aeabi_ui2f
 .text          0x00003a08      0x648 c:/program files (x86)/cypress/psoc creator/3.1/psoc creator/import/gnu_cs/arm/4.8.4/bin/../lib/gcc/arm-none-eabi/4.8.4/armv6-m\libgcc.a(divdf3.o)
                0x00003a08                __aeabi_ddiv
 .text          0x00004050      0x520 c:/program files (x86)/cypress/psoc creator/3.1/psoc creator/import/gnu_cs/arm/4.8.4/bin/../lib/gcc/arm-none-eabi/4.8.4/armv6-m\libgcc.a(muldf3.o)
                0x00004050                __aeabi_dmul
 .text          0x00004570       0x7c c:/program files (x86)/cypress/psoc creator/3.1/psoc creator/import/gnu_cs/arm/4.8.4/bin/../lib/gcc/arm-none-eabi/4.8.4/armv6-m\libgcc.a(floatsidf.o)
                0x00004570                __aeabi_i2d
 .text          0x000045ec       0xa4 c:/program files (x86)/cypress/psoc creator/3.1/psoc creator/import/gnu_cs/arm/4.8.4/bin/../lib/gcc/arm-none-eabi/4.8.4/armv6-m\libgcc.a(extendsfdf2.o)
                0x000045ec                __aeabi_f2d
 .text          0x00004690      0x118 c:/program files (x86)/cypress/psoc creator/3.1/psoc creator/import/gnu_cs/arm/4.8.4/bin/../lib/gcc/arm-none-eabi/4.8.4/armv6-m\libgcc.a(truncdfsf2.o)
                0x00004690                __aeabi_d2f
 .text          0x000047a8       0x3c c:/program files (x86)/cypress/psoc creator/3.1/psoc creator/import/gnu_cs/arm/4.8.4/bin/../lib/gcc/arm-none-eabi/4.8.4/armv6-m\libgcc.a(_clzsi2.o)
                0x000047a8                __clzsi2
 .text.__libc_init_array
                0x000047e4       0x4c c:/program files (x86)/cypress/psoc creator/3.1/psoc creator/import/gnu_cs/arm/4.8.4/bin/../lib/gcc/arm-none-eabi/4.8.4/../../../../arm-none-eabi/lib/armv6-m\libg_s.a(lib_a-init.o)
                0x000047e4                __libc_init_array
 .text.memset   0x00004830       0x10 c:/program files (x86)/cypress/psoc creator/3.1/psoc creator/import/gnu_cs/arm/4.8.4/bin/../lib/gcc/arm-none-eabi/4.8.4/../../../../arm-none-eabi/lib/armv6-m\libg_s.a(lib_a-memset.o)
                0x00004830                memset
 *(.plt)
 *(.gnu.warning)
 *(.glue_7t)
 .glue_7t       0x00000000        0x0 linker stubs
 *(.glue_7)
 .glue_7        0x00000000        0x0 linker stubs
 *(.vfp11_veneer)
 .vfp11_veneer  0x00000000        0x0 linker stubs
 *(.bootloader)
 *(.ARM.extab* .gnu.linkonce.armextab.*)
 *(.gcc_except_table)

.v4_bx          0x00004840        0x0
 .v4_bx         0x00000000        0x0 linker stubs

.iplt           0x00004840        0x0
 .iplt          0x00000000        0x0 c:/program files (x86)/cypress/psoc creator/3.1/psoc creator/import/gnu_cs/arm/4.8.4/bin/../lib/gcc/arm-none-eabi/4.8.4/armv6-m/crtbegin.o

.eh_frame_hdr
 *(.eh_frame_hdr)

.eh_frame       0x00004840        0x4
 *(.eh_frame)
 .eh_frame      0x00004840        0x0 c:/program files (x86)/cypress/psoc creator/3.1/psoc creator/import/gnu_cs/arm/4.8.4/bin/../lib/gcc/arm-none-eabi/4.8.4/armv6-m/crtbegin.o
 .eh_frame      0x00004840        0x4 c:/program files (x86)/cypress/psoc creator/3.1/psoc creator/import/gnu_cs/arm/4.8.4/bin/../lib/gcc/arm-none-eabi/4.8.4/armv6-m/crtend.o
                0x00004844                PROVIDE (__exidx_start, .)

.ARM.exidx
 *(.ARM.exidx* .gnu.linkonce.armexidx.*)
                0x00004844                __exidx_end = .

.rodata         0x00004844      0x25c
 *(.rodata .rodata.* .gnu.linkonce.r.*)
 .rodata        0x00004844      0x128 .\CortexM0\ARM_GCC_484\Debug\PSoC 4 Encoder Modbus Slave.a(cyfitter_cfg.o)
 .rodata        0x0000496c       0x40 c:/program files (x86)/cypress/psoc creator/3.1/psoc creator/import/gnu_cs/arm/4.8.4/bin/../lib/gcc/arm-none-eabi/4.8.4/armv6-m\libgcc.a(divsf3.o)
 .rodata        0x000049ac       0x40 c:/program files (x86)/cypress/psoc creator/3.1/psoc creator/import/gnu_cs/arm/4.8.4/bin/../lib/gcc/arm-none-eabi/4.8.4/armv6-m\libgcc.a(mulsf3.o)
 .rodata        0x000049ec       0x40 c:/program files (x86)/cypress/psoc creator/3.1/psoc creator/import/gnu_cs/arm/4.8.4/bin/../lib/gcc/arm-none-eabi/4.8.4/armv6-m\libgcc.a(divdf3.o)
 .rodata        0x00004a2c       0x40 c:/program files (x86)/cypress/psoc creator/3.1/psoc creator/import/gnu_cs/arm/4.8.4/bin/../lib/gcc/arm-none-eabi/4.8.4/armv6-m\libgcc.a(muldf3.o)
                0x00004a6c                . = ALIGN (0x4)
 *(.init)
 .init          0x00004a6c        0x4 c:/program files (x86)/cypress/psoc creator/3.1/psoc creator/import/gnu_cs/arm/4.8.4/bin/../lib/gcc/arm-none-eabi/4.8.4/armv6-m/crti.o
                0x00004a6c                _init
 .init          0x00004a70        0x8 c:/program files (x86)/cypress/psoc creator/3.1/psoc creator/import/gnu_cs/arm/4.8.4/bin/../lib/gcc/arm-none-eabi/4.8.4/armv6-m/crtn.o
                0x00004a78                . = ALIGN (0x4)
                0x00004a78                __preinit_array_start = .
 *(.preinit_array)
                0x00004a78                __preinit_array_end = .
                0x00004a78                . = ALIGN (0x4)
                0x00004a78                __init_array_start = .
 *(SORT(.init_array.*))
 *(.init_array)
 .init_array    0x00004a78        0x4 c:/program files (x86)/cypress/psoc creator/3.1/psoc creator/import/gnu_cs/arm/4.8.4/bin/../lib/gcc/arm-none-eabi/4.8.4/armv6-m/crtbegin.o
 .init_array    0x00004a7c        0x4 .\CortexM0\ARM_GCC_484\Debug\Cm0Start.o
                0x00004a80                __init_array_end = .
                0x00004a80                . = ALIGN (0x4)
 *(.fini)
 .fini          0x00004a80        0x4 c:/program files (x86)/cypress/psoc creator/3.1/psoc creator/import/gnu_cs/arm/4.8.4/bin/../lib/gcc/arm-none-eabi/4.8.4/armv6-m/crti.o
                0x00004a80                _fini
 .fini          0x00004a84        0x8 c:/program files (x86)/cypress/psoc creator/3.1/psoc creator/import/gnu_cs/arm/4.8.4/bin/../lib/gcc/arm-none-eabi/4.8.4/armv6-m/crtn.o
                0x00004a8c                . = ALIGN (0x4)
                0x00004a8c                __fini_array_start = .
 *(.fini_array)
 .fini_array    0x00004a8c        0x4 c:/program files (x86)/cypress/psoc creator/3.1/psoc creator/import/gnu_cs/arm/4.8.4/bin/../lib/gcc/arm-none-eabi/4.8.4/armv6-m/crtbegin.o
 *(SORT(.fini_array.*))
                0x00004a90                __fini_array_end = .
                0x00004a90                . = ALIGN (0x4)
 *crtbegin.o(.ctors)
 *(EXCLUDE_FILE(*crtend.o) .ctors)
 *(SORT(.ctors.*))
 *crtend.o(.ctors)
                0x00004a90                . = ALIGN (0x4)
 *crtbegin.o(.dtors)
 *(EXCLUDE_FILE(*crtend.o) .dtors)
 *(SORT(.dtors.*))
 *crtend.o(.dtors)
                0x00004a90                . = ALIGN (0x4)
                0x00004a90                __cy_regions = .
                0x00004a90        0x4 LONG 0x4aa0 __cy_region_init_ram
                0x00004a94        0x4 LONG 0x200000c8 __cy_region_start_data
                0x00004a98        0x4 LONG 0x30 __cy_region_init_size_ram
                0x00004a9c        0x4 LONG 0x2a0 __cy_region_zero_size_ram
                0x00004aa0                __cy_regions_end = .
                0x00004aa0                . = ALIGN (0x8)
                0x00004aa0                _etext = .

.ramvectors     0x20000000       0xc0
                0x20000000                __cy_region_start_ram = .
 *(.ramvectors)
 .ramvectors    0x20000000       0xc0 .\CortexM0\ARM_GCC_484\Debug\Cm0Start.o
                0x20000000                CyRamVectors

.noinit         0x200000c0        0x4
 *(.noinit)
 .noinit        0x200000c0        0x4 .\CortexM0\ARM_GCC_484\Debug\Cm0Start.o

.data           0x200000c8       0x30 load address 0x00004aa0
                0x200000c8                __cy_region_start_data = .
 *(.jcr)
 .jcr           0x200000c8        0x0 c:/program files (x86)/cypress/psoc creator/3.1/psoc creator/import/gnu_cs/arm/4.8.4/bin/../lib/gcc/arm-none-eabi/4.8.4/armv6-m/crtbegin.o
 .jcr           0x200000c8        0x4 c:/program files (x86)/cypress/psoc creator/3.1/psoc creator/import/gnu_cs/arm/4.8.4/bin/../lib/gcc/arm-none-eabi/4.8.4/armv6-m/crtend.o
 *(.got.plt)
 *(.got)
 *(.shdata)
 *(.data .data.* .gnu.linkonce.d.*)
 .data          0x200000cc       0x10 .\CortexM0\ARM_GCC_484\Debug\main.o
 .data          0x200000dc        0x1 .\CortexM0\ARM_GCC_484\Debug\Modbus.o
                0x200000dc                newMessage
 *fill*         0x200000dd        0x3 
 .data          0x200000e0        0x4 .\CortexM0\ARM_GCC_484\Debug\PSoC 4 Encoder Modbus Slave.a(cyfitter_cfg.o)
 .data          0x200000e4       0x10 .\CortexM0\ARM_GCC_484\Debug\PSoC 4 Encoder Modbus Slave.a(CyLib.o)
                0x200000e4                cydelayFreqHz
                0x200000e8                cydelayFreqKhz
                0x200000ec                cydelayFreqMhz
                0x200000f0                cydelay32kMs
                0x200000f8                . = ALIGN (0x8)
 *fill*         0x200000f4        0x4 
 *(.ram)
                0x200000f8                _edata = .

.igot.plt       0x200000f8        0x0 load address 0x00004ad0
 .igot.plt      0x00000000        0x0 c:/program files (x86)/cypress/psoc creator/3.1/psoc creator/import/gnu_cs/arm/4.8.4/bin/../lib/gcc/arm-none-eabi/4.8.4/armv6-m/crtbegin.o

.bss            0x200000f8      0x2a0 load address 0x00004ad0
                0x200000f8                PROVIDE (__bss_start__, .)
 *(.shbss)
 *(.bss .bss.* .gnu.linkonce.b.*)
 .bss           0x200000f8       0x1c c:/program files (x86)/cypress/psoc creator/3.1/psoc creator/import/gnu_cs/arm/4.8.4/bin/../lib/gcc/arm-none-eabi/4.8.4/armv6-m/crtbegin.o
 .bss           0x20000114       0x18 .\CortexM0\ARM_GCC_484\Debug\main.o
                0x20000114                interruptCount
                0x20000118                ADCResult
                0x2000011c                ADCVoltage
 .bss           0x2000012c        0xb .\CortexM0\ARM_GCC_484\Debug\Modbus.o
                0x2000012c                middleOfMessage
                0x2000012d                z
                0x2000012e                messageLengthNotChanged
                0x2000012f                messageLength
                0x20000130                oldMessageLength
                0x20000131                timerCount
                0x20000132                middleMessageCount
                0x20000133                newMessageCount
                0x20000134                oldPin
                0x20000135                modbusMessage
                0x20000136                turnLineAround
 .bss           0x20000137        0x1 .\CortexM0\ARM_GCC_484\Debug\PSoC 4 Encoder Modbus Slave.a(MessageTimer.o)
                0x20000137                MessageTimer_initVar
 .bss           0x20000138        0x8 .\CortexM0\ARM_GCC_484\Debug\PSoC 4 Encoder Modbus Slave.a(ModbusUART.o)
                0x20000138                ModbusUART_initVar
                0x2000013c                ModbusUART_customIntrHandler
 .bss           0x20000140        0x1 .\CortexM0\ARM_GCC_484\Debug\PSoC 4 Encoder Modbus Slave.a(SpeedTimer.o)
                0x20000140                SpeedTimer_initVar
 .bss           0x20000141        0x1 .\CortexM0\ARM_GCC_484\Debug\PSoC 4 Encoder Modbus Slave.a(MotorPWM.o)
                0x20000141                MotorPWM_initVar
 .bss           0x20000142        0x1 .\CortexM0\ARM_GCC_484\Debug\PSoC 4 Encoder Modbus Slave.a(MotorCurrentADC.o)
                0x20000142                MotorCurrentADC_initVar
 *(COMMON)
 *fill*         0x20000143        0x1 
 COMMON         0x20000144       0x48 .\CortexM0\ARM_GCC_484\Debug\main.o
                0x20000144                encA
                0x20000145                op
                0x20000148                mb
                0x20000170                pidspeed
                0x20000174                encoderCount
                0x20000178                pastEncoderCount
                0x2000017c                encB
                0x20000180                speedRPM
                0x20000184                enc_val
                0x20000188                speedRPS
 COMMON         0x2000018c        0x4 .\CortexM0\ARM_GCC_484\Debug\interrupts.o
                0x2000018c                speedInterruptFlag
                0x2000018d                messageTimerFlag
                0x2000018e                messageReceivedFlag
                0x2000018f                encoderInterruptFlag
 COMMON         0x20000190      0x1f9 .\CortexM0\ARM_GCC_484\Debug\Modbus.o
                0x20000190                response
                0x20000210                coils
                0x20000244                holdingReg
                0x2000030c                received
 *fill*         0x20000389        0x3 
 COMMON         0x2000038c        0x6 .\CortexM0\ARM_GCC_484\Debug\PSoC 4 Encoder Modbus Slave.a(MotorCurrentADC.o)
                0x2000038c                MotorCurrentADC_countsPer10Volt
                0x20000390                MotorCurrentADC_offset
                0x20000398                . = ALIGN (0x8)
 *fill*         0x20000392        0x6 
 *(.ram.b)
                0x20000398                _end = .
                0x20000398                __end = .
                0x20000398                PROVIDE (end, .)
                0x20000398                PROVIDE (__bss_end__, .)
                0x00004aa0                __cy_region_init_ram = LOADADDR (.data)
                0x00000030                __cy_region_init_size_ram = (_edata - ADDR (.data))
                0x000002a0                __cy_region_zero_size_ram = (_end - _edata)

.heap           0x20000398      0x100 load address 0x00004ad0
                0x20000398                . = _end
                0x20000498                . = (. + 0x100)
 *fill*         0x20000398      0x100 
                0x20000498                __cy_heap_limit = .

.stack          0x20000c00      0x400
                0x20000c00                __cy_stack_limit = .
                0x20001000                . = (. + 0x400)
 *fill*         0x20000c00      0x400 
                0x00000001                ASSERT ((__cy_stack_limit >= __cy_heap_limit), region RAM overflowed with stack)

.cyloadermeta
 *(.cyloadermeta)

.cyloadablemeta
 *(.cyloadablemeta)

.cyflashprotect
                0x90400000       0x20
 *(.cyflashprotect)
 .cyflashprotect
                0x90400000       0x20 .\CortexM0\ARM_GCC_484\Debug\cymetadata.o
                0x90400000                cy_meta_flashprotect

.cymeta         0x90500000        0xc
 *(.cymeta)
 .cymeta        0x90500000        0xc .\CortexM0\ARM_GCC_484\Debug\cymetadata.o
                0x90500000                cy_metadata

.cychipprotect  0x90600000        0x4
 *(.cychipprotect)
 .cychipprotect
                0x90600000        0x4 .\CortexM0\ARM_GCC_484\Debug\cymetadata.o
                0x90600000                cy_meta_chipprotect

.rel.dyn        0x00004ad0        0x0 load address 0x90600004
 .rel.iplt      0x00000000        0x0 c:/program files (x86)/cypress/psoc creator/3.1/psoc creator/import/gnu_cs/arm/4.8.4/bin/../lib/gcc/arm-none-eabi/4.8.4/armv6-m/crtbegin.o

.stab
 *(.stab)

.stabstr
 *(.stabstr)

.debug
 *(.debug)

.line
 *(.line)

.debug_srcinfo
 *(.debug_srcinfo)

.debug_sfnames
 *(.debug_sfnames)

.debug_aranges  0x00000000      0xbb8
 *(.debug_aranges)
 .debug_aranges
                0x00000000       0x48 .\CortexM0\ARM_GCC_484\Debug\main.o
 .debug_aranges
                0x00000048       0x38 .\CortexM0\ARM_GCC_484\Debug\interrupts.o
 .debug_aranges
                0x00000080       0x88 .\CortexM0\ARM_GCC_484\Debug\Modbus.o
 .debug_aranges
                0x00000108       0x18 .\CortexM0\ARM_GCC_484\Debug\cymetadata.o
 .debug_aranges
                0x00000120       0x48 .\CortexM0\ARM_GCC_484\Debug\Cm0Start.o
 .debug_aranges
                0x00000168       0x60 .\CortexM0\ARM_GCC_484\Debug\PSoC 4 Encoder Modbus Slave.a(cyfitter_cfg.o)
 .debug_aranges
                0x000001c8       0x20 .\CortexM0\ARM_GCC_484\Debug\PSoC 4 Encoder Modbus Slave.a(CyBootAsmGnu.o)
 .debug_aranges
                0x000001e8      0x230 .\CortexM0\ARM_GCC_484\Debug\PSoC 4 Encoder Modbus Slave.a(CyLib.o)
 .debug_aranges
                0x00000418      0x158 .\CortexM0\ARM_GCC_484\Debug\PSoC 4 Encoder Modbus Slave.a(MessageTimer.o)
 .debug_aranges
                0x00000570       0x68 .\CortexM0\ARM_GCC_484\Debug\PSoC 4 Encoder Modbus Slave.a(ModbusUART.o)
 .debug_aranges
                0x000005d8       0x60 .\CortexM0\ARM_GCC_484\Debug\PSoC 4 Encoder Modbus Slave.a(ModbusUART_SPI_UART.o)
 .debug_aranges
                0x00000638       0x50 .\CortexM0\ARM_GCC_484\Debug\PSoC 4 Encoder Modbus Slave.a(ModbusUART_UART.o)
 .debug_aranges
                0x00000688       0x80 .\CortexM0\ARM_GCC_484\Debug\PSoC 4 Encoder Modbus Slave.a(MessageReceived.o)
 .debug_aranges
                0x00000708       0x80 .\CortexM0\ARM_GCC_484\Debug\PSoC 4 Encoder Modbus Slave.a(EndOfMessage.o)
 .debug_aranges
                0x00000788       0x40 .\CortexM0\ARM_GCC_484\Debug\PSoC 4 Encoder Modbus Slave.a(writeEnable.o)
 .debug_aranges
                0x000007c8       0x40 .\CortexM0\ARM_GCC_484\Debug\PSoC 4 Encoder Modbus Slave.a(ChannelA.o)
 .debug_aranges
                0x00000808       0x40 .\CortexM0\ARM_GCC_484\Debug\PSoC 4 Encoder Modbus Slave.a(ChannelB.o)
 .debug_aranges
                0x00000848       0x80 .\CortexM0\ARM_GCC_484\Debug\PSoC 4 Encoder Modbus Slave.a(EncoderInterrupt.o)
 .debug_aranges
                0x000008c8       0x40 .\CortexM0\ARM_GCC_484\Debug\PSoC 4 Encoder Modbus Slave.a(EncoderInterruptPin.o)
 .debug_aranges
                0x00000908       0x90 .\CortexM0\ARM_GCC_484\Debug\PSoC 4 Encoder Modbus Slave.a(SpeedTimer.o)
 .debug_aranges
                0x00000998       0x80 .\CortexM0\ARM_GCC_484\Debug\PSoC 4 Encoder Modbus Slave.a(SpeedInterrupt.o)
 .debug_aranges
                0x00000a18       0x98 .\CortexM0\ARM_GCC_484\Debug\PSoC 4 Encoder Modbus Slave.a(MotorPWM.o)
 .debug_aranges
                0x00000ab0       0x40 .\CortexM0\ARM_GCC_484\Debug\PSoC 4 Encoder Modbus Slave.a(Direction.o)
 .debug_aranges
                0x00000af0       0xa8 .\CortexM0\ARM_GCC_484\Debug\PSoC 4 Encoder Modbus Slave.a(MotorCurrentADC.o)
 .debug_aranges
                0x00000b98       0x20 .\CortexM0\ARM_GCC_484\Debug\PSoC 4 Encoder Modbus Slave.a(MotorCurrentADC_INT.o)

.debug_pubnames
 *(.debug_pubnames)

.debug_info     0x00000000     0x48e6
 *(.debug_info .gnu.linkonce.wi.*)
 .debug_info    0x00000000      0x3e9 .\CortexM0\ARM_GCC_484\Debug\main.o
 .debug_info    0x000003e9      0x162 .\CortexM0\ARM_GCC_484\Debug\interrupts.o
 .debug_info    0x0000054b      0x7bf .\CortexM0\ARM_GCC_484\Debug\Modbus.o
 .debug_info    0x00000d0a       0xfd .\CortexM0\ARM_GCC_484\Debug\cymetadata.o
 .debug_info    0x00000e07      0x2ff .\CortexM0\ARM_GCC_484\Debug\Cm0Start.o
 .debug_info    0x00001106      0x488 .\CortexM0\ARM_GCC_484\Debug\PSoC 4 Encoder Modbus Slave.a(cyfitter_cfg.o)
 .debug_info    0x0000158e       0xa7 .\CortexM0\ARM_GCC_484\Debug\PSoC 4 Encoder Modbus Slave.a(CyBootAsmGnu.o)
 .debug_info    0x00001635      0xc5b .\CortexM0\ARM_GCC_484\Debug\PSoC 4 Encoder Modbus Slave.a(CyLib.o)
 .debug_info    0x00002290      0x6f0 .\CortexM0\ARM_GCC_484\Debug\PSoC 4 Encoder Modbus Slave.a(MessageTimer.o)
 .debug_info    0x00002980      0x1eb .\CortexM0\ARM_GCC_484\Debug\PSoC 4 Encoder Modbus Slave.a(ModbusUART.o)
 .debug_info    0x00002b6b      0x20d .\CortexM0\ARM_GCC_484\Debug\PSoC 4 Encoder Modbus Slave.a(ModbusUART_SPI_UART.o)
 .debug_info    0x00002d78      0x1fe .\CortexM0\ARM_GCC_484\Debug\PSoC 4 Encoder Modbus Slave.a(ModbusUART_UART.o)
 .debug_info    0x00002f76      0x241 .\CortexM0\ARM_GCC_484\Debug\PSoC 4 Encoder Modbus Slave.a(MessageReceived.o)
 .debug_info    0x000031b7      0x241 .\CortexM0\ARM_GCC_484\Debug\PSoC 4 Encoder Modbus Slave.a(EndOfMessage.o)
 .debug_info    0x000033f8      0x14c .\CortexM0\ARM_GCC_484\Debug\PSoC 4 Encoder Modbus Slave.a(writeEnable.o)
 .debug_info    0x00003544      0x14c .\CortexM0\ARM_GCC_484\Debug\PSoC 4 Encoder Modbus Slave.a(ChannelA.o)
 .debug_info    0x00003690      0x14c .\CortexM0\ARM_GCC_484\Debug\PSoC 4 Encoder Modbus Slave.a(ChannelB.o)
 .debug_info    0x000037dc      0x241 .\CortexM0\ARM_GCC_484\Debug\PSoC 4 Encoder Modbus Slave.a(EncoderInterrupt.o)
 .debug_info    0x00003a1d      0x14c .\CortexM0\ARM_GCC_484\Debug\PSoC 4 Encoder Modbus Slave.a(EncoderInterruptPin.o)
 .debug_info    0x00003b69      0x236 .\CortexM0\ARM_GCC_484\Debug\PSoC 4 Encoder Modbus Slave.a(SpeedTimer.o)
 .debug_info    0x00003d9f      0x241 .\CortexM0\ARM_GCC_484\Debug\PSoC 4 Encoder Modbus Slave.a(SpeedInterrupt.o)
 .debug_info    0x00003fe0      0x282 .\CortexM0\ARM_GCC_484\Debug\PSoC 4 Encoder Modbus Slave.a(MotorPWM.o)
 .debug_info    0x00004262      0x14c .\CortexM0\ARM_GCC_484\Debug\PSoC 4 Encoder Modbus Slave.a(Direction.o)
 .debug_info    0x000043ae      0x474 .\CortexM0\ARM_GCC_484\Debug\PSoC 4 Encoder Modbus Slave.a(MotorCurrentADC.o)
 .debug_info    0x00004822       0xc4 .\CortexM0\ARM_GCC_484\Debug\PSoC 4 Encoder Modbus Slave.a(MotorCurrentADC_INT.o)

.debug_abbrev   0x00000000     0x1adc
 *(.debug_abbrev)
 .debug_abbrev  0x00000000      0x143 .\CortexM0\ARM_GCC_484\Debug\main.o
 .debug_abbrev  0x00000143       0x9d .\CortexM0\ARM_GCC_484\Debug\interrupts.o
 .debug_abbrev  0x000001e0      0x125 .\CortexM0\ARM_GCC_484\Debug\Modbus.o
 .debug_abbrev  0x00000305       0x5d .\CortexM0\ARM_GCC_484\Debug\cymetadata.o
 .debug_abbrev  0x00000362      0x1b4 .\CortexM0\ARM_GCC_484\Debug\Cm0Start.o
 .debug_abbrev  0x00000516      0x1b3 .\CortexM0\ARM_GCC_484\Debug\PSoC 4 Encoder Modbus Slave.a(cyfitter_cfg.o)
 .debug_abbrev  0x000006c9       0x14 .\CortexM0\ARM_GCC_484\Debug\PSoC 4 Encoder Modbus Slave.a(CyBootAsmGnu.o)
 .debug_abbrev  0x000006dd      0x207 .\CortexM0\ARM_GCC_484\Debug\PSoC 4 Encoder Modbus Slave.a(CyLib.o)
 .debug_abbrev  0x000008e4      0x109 .\CortexM0\ARM_GCC_484\Debug\PSoC 4 Encoder Modbus Slave.a(MessageTimer.o)
 .debug_abbrev  0x000009ed      0x122 .\CortexM0\ARM_GCC_484\Debug\PSoC 4 Encoder Modbus Slave.a(ModbusUART.o)
 .debug_abbrev  0x00000b0f      0x15c .\CortexM0\ARM_GCC_484\Debug\PSoC 4 Encoder Modbus Slave.a(ModbusUART_SPI_UART.o)
 .debug_abbrev  0x00000c6b       0xf9 .\CortexM0\ARM_GCC_484\Debug\PSoC 4 Encoder Modbus Slave.a(ModbusUART_UART.o)
 .debug_abbrev  0x00000d64      0x168 .\CortexM0\ARM_GCC_484\Debug\PSoC 4 Encoder Modbus Slave.a(MessageReceived.o)
 .debug_abbrev  0x00000ecc      0x168 .\CortexM0\ARM_GCC_484\Debug\PSoC 4 Encoder Modbus Slave.a(EndOfMessage.o)
 .debug_abbrev  0x00001034       0xb7 .\CortexM0\ARM_GCC_484\Debug\PSoC 4 Encoder Modbus Slave.a(writeEnable.o)
 .debug_abbrev  0x000010eb       0xb7 .\CortexM0\ARM_GCC_484\Debug\PSoC 4 Encoder Modbus Slave.a(ChannelA.o)
 .debug_abbrev  0x000011a2       0xb7 .\CortexM0\ARM_GCC_484\Debug\PSoC 4 Encoder Modbus Slave.a(ChannelB.o)
 .debug_abbrev  0x00001259      0x168 .\CortexM0\ARM_GCC_484\Debug\PSoC 4 Encoder Modbus Slave.a(EncoderInterrupt.o)
 .debug_abbrev  0x000013c1       0xb7 .\CortexM0\ARM_GCC_484\Debug\PSoC 4 Encoder Modbus Slave.a(EncoderInterruptPin.o)
 .debug_abbrev  0x00001478      0x128 .\CortexM0\ARM_GCC_484\Debug\PSoC 4 Encoder Modbus Slave.a(SpeedTimer.o)
 .debug_abbrev  0x000015a0      0x168 .\CortexM0\ARM_GCC_484\Debug\PSoC 4 Encoder Modbus Slave.a(SpeedInterrupt.o)
 .debug_abbrev  0x00001708      0x13b .\CortexM0\ARM_GCC_484\Debug\PSoC 4 Encoder Modbus Slave.a(MotorPWM.o)
 .debug_abbrev  0x00001843       0xb7 .\CortexM0\ARM_GCC_484\Debug\PSoC 4 Encoder Modbus Slave.a(Direction.o)
 .debug_abbrev  0x000018fa      0x170 .\CortexM0\ARM_GCC_484\Debug\PSoC 4 Encoder Modbus Slave.a(MotorCurrentADC.o)
 .debug_abbrev  0x00001a6a       0x72 .\CortexM0\ARM_GCC_484\Debug\PSoC 4 Encoder Modbus Slave.a(MotorCurrentADC_INT.o)

.debug_line     0x00000000     0x26b0
 *(.debug_line)
 .debug_line    0x00000000      0x11d .\CortexM0\ARM_GCC_484\Debug\main.o
 .debug_line    0x0000011d       0xa2 .\CortexM0\ARM_GCC_484\Debug\interrupts.o
 .debug_line    0x000001bf      0x443 .\CortexM0\ARM_GCC_484\Debug\Modbus.o
 .debug_line    0x00000602       0x53 .\CortexM0\ARM_GCC_484\Debug\cymetadata.o
 .debug_line    0x00000655      0x1bb .\CortexM0\ARM_GCC_484\Debug\Cm0Start.o
 .debug_line    0x00000810      0x1d8 .\CortexM0\ARM_GCC_484\Debug\PSoC 4 Encoder Modbus Slave.a(cyfitter_cfg.o)
 .debug_line    0x000009e8       0x69 .\CortexM0\ARM_GCC_484\Debug\PSoC 4 Encoder Modbus Slave.a(CyBootAsmGnu.o)
 .debug_line    0x00000a51      0x703 .\CortexM0\ARM_GCC_484\Debug\PSoC 4 Encoder Modbus Slave.a(CyLib.o)
 .debug_line    0x00001154      0x375 .\CortexM0\ARM_GCC_484\Debug\PSoC 4 Encoder Modbus Slave.a(MessageTimer.o)
 .debug_line    0x000014c9      0x125 .\CortexM0\ARM_GCC_484\Debug\PSoC 4 Encoder Modbus Slave.a(ModbusUART.o)
 .debug_line    0x000015ee      0x12b .\CortexM0\ARM_GCC_484\Debug\PSoC 4 Encoder Modbus Slave.a(ModbusUART_SPI_UART.o)
 .debug_line    0x00001719      0x107 .\CortexM0\ARM_GCC_484\Debug\PSoC 4 Encoder Modbus Slave.a(ModbusUART_UART.o)
 .debug_line    0x00001820      0x15e .\CortexM0\ARM_GCC_484\Debug\PSoC 4 Encoder Modbus Slave.a(MessageReceived.o)
 .debug_line    0x0000197e      0x15b .\CortexM0\ARM_GCC_484\Debug\PSoC 4 Encoder Modbus Slave.a(EndOfMessage.o)
 .debug_line    0x00001ad9       0xb1 .\CortexM0\ARM_GCC_484\Debug\PSoC 4 Encoder Modbus Slave.a(writeEnable.o)
 .debug_line    0x00001b8a       0xae .\CortexM0\ARM_GCC_484\Debug\PSoC 4 Encoder Modbus Slave.a(ChannelA.o)
 .debug_line    0x00001c38       0xae .\CortexM0\ARM_GCC_484\Debug\PSoC 4 Encoder Modbus Slave.a(ChannelB.o)
 .debug_line    0x00001ce6      0x15f .\CortexM0\ARM_GCC_484\Debug\PSoC 4 Encoder Modbus Slave.a(EncoderInterrupt.o)
 .debug_line    0x00001e45       0xb9 .\CortexM0\ARM_GCC_484\Debug\PSoC 4 Encoder Modbus Slave.a(EncoderInterruptPin.o)
 .debug_line    0x00001efe      0x179 .\CortexM0\ARM_GCC_484\Debug\PSoC 4 Encoder Modbus Slave.a(SpeedTimer.o)
 .debug_line    0x00002077      0x14d .\CortexM0\ARM_GCC_484\Debug\PSoC 4 Encoder Modbus Slave.a(SpeedInterrupt.o)
 .debug_line    0x000021c4      0x18f .\CortexM0\ARM_GCC_484\Debug\PSoC 4 Encoder Modbus Slave.a(MotorPWM.o)
 .debug_line    0x00002353       0xaf .\CortexM0\ARM_GCC_484\Debug\PSoC 4 Encoder Modbus Slave.a(Direction.o)
 .debug_line    0x00002402      0x23e .\CortexM0\ARM_GCC_484\Debug\PSoC 4 Encoder Modbus Slave.a(MotorCurrentADC.o)
 .debug_line    0x00002640       0x70 .\CortexM0\ARM_GCC_484\Debug\PSoC 4 Encoder Modbus Slave.a(MotorCurrentADC_INT.o)

.debug_frame    0x00000000     0x29d4
 *(.debug_frame)
 .debug_frame   0x00000000       0xd4 .\CortexM0\ARM_GCC_484\Debug\main.o
 .debug_frame   0x000000d4       0x88 .\CortexM0\ARM_GCC_484\Debug\interrupts.o
 .debug_frame   0x0000015c      0x1d4 .\CortexM0\ARM_GCC_484\Debug\Modbus.o
 .debug_frame   0x00000330       0xc8 .\CortexM0\ARM_GCC_484\Debug\Cm0Start.o
 .debug_frame   0x000003f8      0x128 .\CortexM0\ARM_GCC_484\Debug\PSoC 4 Encoder Modbus Slave.a(cyfitter_cfg.o)
 .debug_frame   0x00000520      0x83c .\CortexM0\ARM_GCC_484\Debug\PSoC 4 Encoder Modbus Slave.a(CyLib.o)
 .debug_frame   0x00000d5c      0x52c .\CortexM0\ARM_GCC_484\Debug\PSoC 4 Encoder Modbus Slave.a(MessageTimer.o)
 .debug_frame   0x00001288      0x134 .\CortexM0\ARM_GCC_484\Debug\PSoC 4 Encoder Modbus Slave.a(ModbusUART.o)
 .debug_frame   0x000013bc      0x128 .\CortexM0\ARM_GCC_484\Debug\PSoC 4 Encoder Modbus Slave.a(ModbusUART_SPI_UART.o)
 .debug_frame   0x000014e4       0xec .\CortexM0\ARM_GCC_484\Debug\PSoC 4 Encoder Modbus Slave.a(ModbusUART_UART.o)
 .debug_frame   0x000015d0      0x190 .\CortexM0\ARM_GCC_484\Debug\PSoC 4 Encoder Modbus Slave.a(MessageReceived.o)
 .debug_frame   0x00001760      0x190 .\CortexM0\ARM_GCC_484\Debug\PSoC 4 Encoder Modbus Slave.a(EndOfMessage.o)
 .debug_frame   0x000018f0       0xa8 .\CortexM0\ARM_GCC_484\Debug\PSoC 4 Encoder Modbus Slave.a(writeEnable.o)
 .debug_frame   0x00001998       0xa8 .\CortexM0\ARM_GCC_484\Debug\PSoC 4 Encoder Modbus Slave.a(ChannelA.o)
 .debug_frame   0x00001a40       0xa8 .\CortexM0\ARM_GCC_484\Debug\PSoC 4 Encoder Modbus Slave.a(ChannelB.o)
 .debug_frame   0x00001ae8      0x190 .\CortexM0\ARM_GCC_484\Debug\PSoC 4 Encoder Modbus Slave.a(EncoderInterrupt.o)
 .debug_frame   0x00001c78       0xa8 .\CortexM0\ARM_GCC_484\Debug\PSoC 4 Encoder Modbus Slave.a(EncoderInterruptPin.o)
 .debug_frame   0x00001d20      0x1cc .\CortexM0\ARM_GCC_484\Debug\PSoC 4 Encoder Modbus Slave.a(SpeedTimer.o)
 .debug_frame   0x00001eec      0x190 .\CortexM0\ARM_GCC_484\Debug\PSoC 4 Encoder Modbus Slave.a(SpeedInterrupt.o)
 .debug_frame   0x0000207c      0x1f0 .\CortexM0\ARM_GCC_484\Debug\PSoC 4 Encoder Modbus Slave.a(MotorPWM.o)
 .debug_frame   0x0000226c       0xa8 .\CortexM0\ARM_GCC_484\Debug\PSoC 4 Encoder Modbus Slave.a(Direction.o)
 .debug_frame   0x00002314      0x24c .\CortexM0\ARM_GCC_484\Debug\PSoC 4 Encoder Modbus Slave.a(MotorCurrentADC.o)
 .debug_frame   0x00002560       0x30 .\CortexM0\ARM_GCC_484\Debug\PSoC 4 Encoder Modbus Slave.a(MotorCurrentADC_INT.o)
 .debug_frame   0x00002590       0x20 c:/program files (x86)/cypress/psoc creator/3.1/psoc creator/import/gnu_cs/arm/4.8.4/bin/../lib/gcc/arm-none-eabi/4.8.4/armv6-m\libgcc.a(_udivsi3.o)
 .debug_frame   0x000025b0       0x20 c:/program files (x86)/cypress/psoc creator/3.1/psoc creator/import/gnu_cs/arm/4.8.4/bin/../lib/gcc/arm-none-eabi/4.8.4/armv6-m\libgcc.a(_divsi3.o)
 .debug_frame   0x000025d0       0x30 c:/program files (x86)/cypress/psoc creator/3.1/psoc creator/import/gnu_cs/arm/4.8.4/bin/../lib/gcc/arm-none-eabi/4.8.4/armv6-m\libgcc.a(_muldi3.o)
 .debug_frame   0x00002600       0x50 c:/program files (x86)/cypress/psoc creator/3.1/psoc creator/import/gnu_cs/arm/4.8.4/bin/../lib/gcc/arm-none-eabi/4.8.4/armv6-m\libgcc.a(bpabi.o)
 .debug_frame   0x00002650       0x30 c:/program files (x86)/cypress/psoc creator/3.1/psoc creator/import/gnu_cs/arm/4.8.4/bin/../lib/gcc/arm-none-eabi/4.8.4/armv6-m\libgcc.a(addsf3.o)
 .debug_frame   0x00002680       0x3c c:/program files (x86)/cypress/psoc creator/3.1/psoc creator/import/gnu_cs/arm/4.8.4/bin/../lib/gcc/arm-none-eabi/4.8.4/armv6-m\libgcc.a(divsf3.o)
 .debug_frame   0x000026bc       0x3c c:/program files (x86)/cypress/psoc creator/3.1/psoc creator/import/gnu_cs/arm/4.8.4/bin/../lib/gcc/arm-none-eabi/4.8.4/armv6-m\libgcc.a(mulsf3.o)
 .debug_frame   0x000026f8       0x30 c:/program files (x86)/cypress/psoc creator/3.1/psoc creator/import/gnu_cs/arm/4.8.4/bin/../lib/gcc/arm-none-eabi/4.8.4/armv6-m\libgcc.a(subsf3.o)
 .debug_frame   0x00002728       0x20 c:/program files (x86)/cypress/psoc creator/3.1/psoc creator/import/gnu_cs/arm/4.8.4/bin/../lib/gcc/arm-none-eabi/4.8.4/armv6-m\libgcc.a(fixsfsi.o)
 .debug_frame   0x00002748       0x2c c:/program files (x86)/cypress/psoc creator/3.1/psoc creator/import/gnu_cs/arm/4.8.4/bin/../lib/gcc/arm-none-eabi/4.8.4/armv6-m\libgcc.a(floatsisf.o)
 .debug_frame   0x00002774       0x28 c:/program files (x86)/cypress/psoc creator/3.1/psoc creator/import/gnu_cs/arm/4.8.4/bin/../lib/gcc/arm-none-eabi/4.8.4/armv6-m\libgcc.a(floatunsisf.o)
 .debug_frame   0x0000279c       0x3c c:/program files (x86)/cypress/psoc creator/3.1/psoc creator/import/gnu_cs/arm/4.8.4/bin/../lib/gcc/arm-none-eabi/4.8.4/armv6-m\libgcc.a(divdf3.o)
 .debug_frame   0x000027d8       0x3c c:/program files (x86)/cypress/psoc creator/3.1/psoc creator/import/gnu_cs/arm/4.8.4/bin/../lib/gcc/arm-none-eabi/4.8.4/armv6-m\libgcc.a(muldf3.o)
 .debug_frame   0x00002814       0x30 c:/program files (x86)/cypress/psoc creator/3.1/psoc creator/import/gnu_cs/arm/4.8.4/bin/../lib/gcc/arm-none-eabi/4.8.4/armv6-m\libgcc.a(floatsidf.o)
 .debug_frame   0x00002844       0x2c c:/program files (x86)/cypress/psoc creator/3.1/psoc creator/import/gnu_cs/arm/4.8.4/bin/../lib/gcc/arm-none-eabi/4.8.4/armv6-m\libgcc.a(extendsfdf2.o)
 .debug_frame   0x00002870       0x30 c:/program files (x86)/cypress/psoc creator/3.1/psoc creator/import/gnu_cs/arm/4.8.4/bin/../lib/gcc/arm-none-eabi/4.8.4/armv6-m\libgcc.a(truncdfsf2.o)
 .debug_frame   0x000028a0       0x3c c:/program files (x86)/cypress/psoc creator/3.1/psoc creator/import/gnu_cs/arm/4.8.4/bin/../lib/gcc/arm-none-eabi/4.8.4/armv6-m\libgcc.a(_divdi3.o)
 .debug_frame   0x000028dc       0x3c c:/program files (x86)/cypress/psoc creator/3.1/psoc creator/import/gnu_cs/arm/4.8.4/bin/../lib/gcc/arm-none-eabi/4.8.4/armv6-m\libgcc.a(_udivdi3.o)
 .debug_frame   0x00002918       0x20 c:/program files (x86)/cypress/psoc creator/3.1/psoc creator/import/gnu_cs/arm/4.8.4/bin/../lib/gcc/arm-none-eabi/4.8.4/../../../../arm-none-eabi/lib/armv6-m\libg_s.a(lib_a-errno.o)
 .debug_frame   0x00002938       0x28 c:/program files (x86)/cypress/psoc creator/3.1/psoc creator/import/gnu_cs/arm/4.8.4/bin/../lib/gcc/arm-none-eabi/4.8.4/../../../../arm-none-eabi/lib/armv6-m\libg_s.a(lib_a-exit.o)
 .debug_frame   0x00002960       0x2c c:/program files (x86)/cypress/psoc creator/3.1/psoc creator/import/gnu_cs/arm/4.8.4/bin/../lib/gcc/arm-none-eabi/4.8.4/../../../../arm-none-eabi/lib/armv6-m\libg_s.a(lib_a-init.o)
 .debug_frame   0x0000298c       0x28 c:/program files (x86)/cypress/psoc creator/3.1/psoc creator/import/gnu_cs/arm/4.8.4/bin/../lib/gcc/arm-none-eabi/4.8.4/../../../../arm-none-eabi/lib/armv6-m\libg_s.a(lib_a-memcpy-stub.o)
 .debug_frame   0x000029b4       0x20 c:/program files (x86)/cypress/psoc creator/3.1/psoc creator/import/gnu_cs/arm/4.8.4/bin/../lib/gcc/arm-none-eabi/4.8.4/../../../../arm-none-eabi/lib/armv6-m\libg_s.a(lib_a-memset.o)

.debug_str      0x00000000     0x2992
 *(.debug_str)
 .debug_str     0x00000000      0x330 .\CortexM0\ARM_GCC_484\Debug\main.o
                                0x389 (size before relaxing)
 .debug_str     0x00000330       0x83 .\CortexM0\ARM_GCC_484\Debug\interrupts.o
                                0x223 (size before relaxing)
 .debug_str     0x000003b3      0x342 .\CortexM0\ARM_GCC_484\Debug\Modbus.o
                                0x4ee (size before relaxing)
 .debug_str     0x000006f5       0x5b .\CortexM0\ARM_GCC_484\Debug\cymetadata.o
                                0x1d3 (size before relaxing)
 .debug_str     0x00000750      0x128 .\CortexM0\ARM_GCC_484\Debug\Cm0Start.o
                                0x2c1 (size before relaxing)
 .debug_str     0x00000878      0x1bf .\CortexM0\ARM_GCC_484\Debug\PSoC 4 Encoder Modbus Slave.a(cyfitter_cfg.o)
                                0x388 (size before relaxing)
 .debug_str     0x00000a37      0x70a .\CortexM0\ARM_GCC_484\Debug\PSoC 4 Encoder Modbus Slave.a(CyLib.o)
                                0x8da (size before relaxing)
 .debug_str     0x00001141      0x50e .\CortexM0\ARM_GCC_484\Debug\PSoC 4 Encoder Modbus Slave.a(MessageTimer.o)
                                0x6a3 (size before relaxing)
 .debug_str     0x0000164f      0x165 .\CortexM0\ARM_GCC_484\Debug\PSoC 4 Encoder Modbus Slave.a(ModbusUART.o)
                                0x2f7 (size before relaxing)
 .debug_str     0x000017b4      0x173 .\CortexM0\ARM_GCC_484\Debug\PSoC 4 Encoder Modbus Slave.a(ModbusUART_SPI_UART.o)
                                0x303 (size before relaxing)
 .debug_str     0x00001927      0x119 .\CortexM0\ARM_GCC_484\Debug\PSoC 4 Encoder Modbus Slave.a(ModbusUART_UART.o)
                                0x2b5 (size before relaxing)
 .debug_str     0x00001a40      0x183 .\CortexM0\ARM_GCC_484\Debug\PSoC 4 Encoder Modbus Slave.a(MessageReceived.o)
                                0x342 (size before relaxing)
 .debug_str     0x00001bc3      0x14a .\CortexM0\ARM_GCC_484\Debug\PSoC 4 Encoder Modbus Slave.a(EndOfMessage.o)
                                0x318 (size before relaxing)
 .debug_str     0x00001d0d       0xa9 .\CortexM0\ARM_GCC_484\Debug\PSoC 4 Encoder Modbus Slave.a(writeEnable.o)
                                0x230 (size before relaxing)
 .debug_str     0x00001db6       0x84 .\CortexM0\ARM_GCC_484\Debug\PSoC 4 Encoder Modbus Slave.a(ChannelA.o)
                                0x21e (size before relaxing)
 .debug_str     0x00001e3a       0x84 .\CortexM0\ARM_GCC_484\Debug\PSoC 4 Encoder Modbus Slave.a(ChannelB.o)
                                0x21e (size before relaxing)
 .debug_str     0x00001ebe      0x182 .\CortexM0\ARM_GCC_484\Debug\PSoC 4 Encoder Modbus Slave.a(EncoderInterrupt.o)
                                0x350 (size before relaxing)
 .debug_str     0x00002040       0xc6 .\CortexM0\ARM_GCC_484\Debug\PSoC 4 Encoder Modbus Slave.a(EncoderInterruptPin.o)
                                0x260 (size before relaxing)
 .debug_str     0x00002106      0x1c8 .\CortexM0\ARM_GCC_484\Debug\PSoC 4 Encoder Modbus Slave.a(SpeedTimer.o)
                                0x354 (size before relaxing)
 .debug_str     0x000022ce      0x166 .\CortexM0\ARM_GCC_484\Debug\PSoC 4 Encoder Modbus Slave.a(SpeedInterrupt.o)
                                0x334 (size before relaxing)
 .debug_str     0x00002434      0x1ac .\CortexM0\ARM_GCC_484\Debug\PSoC 4 Encoder Modbus Slave.a(MotorPWM.o)
                                0x356 (size before relaxing)
 .debug_str     0x000025e0       0x8a .\CortexM0\ARM_GCC_484\Debug\PSoC 4 Encoder Modbus Slave.a(Direction.o)
                                0x224 (size before relaxing)
 .debug_str     0x0000266a      0x2d9 .\CortexM0\ARM_GCC_484\Debug\PSoC 4 Encoder Modbus Slave.a(MotorCurrentADC.o)
                                0x4a0 (size before relaxing)
 .debug_str     0x00002943       0x4f .\CortexM0\ARM_GCC_484\Debug\PSoC 4 Encoder Modbus Slave.a(MotorCurrentADC_INT.o)
                                0x1ce (size before relaxing)

.debug_loc
 *(.debug_loc)

.debug_macinfo
 *(.debug_macinfo)

.debug_ranges   0x00000000      0xa10
 *(.debug_ranges)
 .debug_ranges  0x00000000       0x38 .\CortexM0\ARM_GCC_484\Debug\main.o
 .debug_ranges  0x00000038       0x28 .\CortexM0\ARM_GCC_484\Debug\interrupts.o
 .debug_ranges  0x00000060       0x78 .\CortexM0\ARM_GCC_484\Debug\Modbus.o
 .debug_ranges  0x000000d8       0x38 .\CortexM0\ARM_GCC_484\Debug\Cm0Start.o
 .debug_ranges  0x00000110       0x50 .\CortexM0\ARM_GCC_484\Debug\PSoC 4 Encoder Modbus Slave.a(cyfitter_cfg.o)
 .debug_ranges  0x00000160      0x220 .\CortexM0\ARM_GCC_484\Debug\PSoC 4 Encoder Modbus Slave.a(CyLib.o)
 .debug_ranges  0x00000380      0x148 .\CortexM0\ARM_GCC_484\Debug\PSoC 4 Encoder Modbus Slave.a(MessageTimer.o)
 .debug_ranges  0x000004c8       0x58 .\CortexM0\ARM_GCC_484\Debug\PSoC 4 Encoder Modbus Slave.a(ModbusUART.o)
 .debug_ranges  0x00000520       0x50 .\CortexM0\ARM_GCC_484\Debug\PSoC 4 Encoder Modbus Slave.a(ModbusUART_SPI_UART.o)
 .debug_ranges  0x00000570       0x40 .\CortexM0\ARM_GCC_484\Debug\PSoC 4 Encoder Modbus Slave.a(ModbusUART_UART.o)
 .debug_ranges  0x000005b0       0x70 .\CortexM0\ARM_GCC_484\Debug\PSoC 4 Encoder Modbus Slave.a(MessageReceived.o)
 .debug_ranges  0x00000620       0x70 .\CortexM0\ARM_GCC_484\Debug\PSoC 4 Encoder Modbus Slave.a(EndOfMessage.o)
 .debug_ranges  0x00000690       0x30 .\CortexM0\ARM_GCC_484\Debug\PSoC 4 Encoder Modbus Slave.a(writeEnable.o)
 .debug_ranges  0x000006c0       0x30 .\CortexM0\ARM_GCC_484\Debug\PSoC 4 Encoder Modbus Slave.a(ChannelA.o)
 .debug_ranges  0x000006f0       0x30 .\CortexM0\ARM_GCC_484\Debug\PSoC 4 Encoder Modbus Slave.a(ChannelB.o)
 .debug_ranges  0x00000720       0x70 .\CortexM0\ARM_GCC_484\Debug\PSoC 4 Encoder Modbus Slave.a(EncoderInterrupt.o)
 .debug_ranges  0x00000790       0x30 .\CortexM0\ARM_GCC_484\Debug\PSoC 4 Encoder Modbus Slave.a(EncoderInterruptPin.o)
 .debug_ranges  0x000007c0       0x80 .\CortexM0\ARM_GCC_484\Debug\PSoC 4 Encoder Modbus Slave.a(SpeedTimer.o)
 .debug_ranges  0x00000840       0x70 .\CortexM0\ARM_GCC_484\Debug\PSoC 4 Encoder Modbus Slave.a(SpeedInterrupt.o)
 .debug_ranges  0x000008b0       0x88 .\CortexM0\ARM_GCC_484\Debug\PSoC 4 Encoder Modbus Slave.a(MotorPWM.o)
 .debug_ranges  0x00000938       0x30 .\CortexM0\ARM_GCC_484\Debug\PSoC 4 Encoder Modbus Slave.a(Direction.o)
 .debug_ranges  0x00000968       0x98 .\CortexM0\ARM_GCC_484\Debug\PSoC 4 Encoder Modbus Slave.a(MotorCurrentADC.o)
 .debug_ranges  0x00000a00       0x10 .\CortexM0\ARM_GCC_484\Debug\PSoC 4 Encoder Modbus Slave.a(MotorCurrentADC_INT.o)

.comment        0x00000000       0x70
 .comment       0x00000000       0x70 .\CortexM0\ARM_GCC_484\Debug\main.o
                                 0x71 (size before relaxing)
 .comment       0x00000000       0x71 .\CortexM0\ARM_GCC_484\Debug\interrupts.o
 .comment       0x00000000       0x71 .\CortexM0\ARM_GCC_484\Debug\Modbus.o
 .comment       0x00000000       0x71 .\CortexM0\ARM_GCC_484\Debug\cymetadata.o
 .comment       0x00000000       0x71 .\CortexM0\ARM_GCC_484\Debug\Cm0Start.o
 .comment       0x00000000       0x71 .\CortexM0\ARM_GCC_484\Debug\PSoC 4 Encoder Modbus Slave.a(cyfitter_cfg.o)
 .comment       0x00000000       0x71 .\CortexM0\ARM_GCC_484\Debug\PSoC 4 Encoder Modbus Slave.a(CyLib.o)
 .comment       0x00000000       0x71 .\CortexM0\ARM_GCC_484\Debug\PSoC 4 Encoder Modbus Slave.a(MessageTimer.o)
 .comment       0x00000000       0x71 .\CortexM0\ARM_GCC_484\Debug\PSoC 4 Encoder Modbus Slave.a(ModbusUART.o)
 .comment       0x00000000       0x71 .\CortexM0\ARM_GCC_484\Debug\PSoC 4 Encoder Modbus Slave.a(ModbusUART_SPI_UART.o)
 .comment       0x00000000       0x71 .\CortexM0\ARM_GCC_484\Debug\PSoC 4 Encoder Modbus Slave.a(ModbusUART_UART.o)
 .comment       0x00000000       0x71 .\CortexM0\ARM_GCC_484\Debug\PSoC 4 Encoder Modbus Slave.a(MessageReceived.o)
 .comment       0x00000000       0x71 .\CortexM0\ARM_GCC_484\Debug\PSoC 4 Encoder Modbus Slave.a(EndOfMessage.o)
 .comment       0x00000000       0x71 .\CortexM0\ARM_GCC_484\Debug\PSoC 4 Encoder Modbus Slave.a(writeEnable.o)
 .comment       0x00000000       0x71 .\CortexM0\ARM_GCC_484\Debug\PSoC 4 Encoder Modbus Slave.a(ChannelA.o)
 .comment       0x00000000       0x71 .\CortexM0\ARM_GCC_484\Debug\PSoC 4 Encoder Modbus Slave.a(ChannelB.o)
 .comment       0x00000000       0x71 .\CortexM0\ARM_GCC_484\Debug\PSoC 4 Encoder Modbus Slave.a(EncoderInterrupt.o)
 .comment       0x00000000       0x71 .\CortexM0\ARM_GCC_484\Debug\PSoC 4 Encoder Modbus Slave.a(EncoderInterruptPin.o)
 .comment       0x00000000       0x71 .\CortexM0\ARM_GCC_484\Debug\PSoC 4 Encoder Modbus Slave.a(SpeedTimer.o)
 .comment       0x00000000       0x71 .\CortexM0\ARM_GCC_484\Debug\PSoC 4 Encoder Modbus Slave.a(SpeedInterrupt.o)
 .comment       0x00000000       0x71 .\CortexM0\ARM_GCC_484\Debug\PSoC 4 Encoder Modbus Slave.a(MotorPWM.o)
 .comment       0x00000000       0x71 .\CortexM0\ARM_GCC_484\Debug\PSoC 4 Encoder Modbus Slave.a(Direction.o)
 .comment       0x00000000       0x71 .\CortexM0\ARM_GCC_484\Debug\PSoC 4 Encoder Modbus Slave.a(MotorCurrentADC.o)
 .comment       0x00000000       0x71 .\CortexM0\ARM_GCC_484\Debug\PSoC 4 Encoder Modbus Slave.a(MotorCurrentADC_INT.o)

.debug_weaknames
 *(.debug_weaknames)

.debug_funcnames
 *(.debug_funcnames)

.debug_typenames
 *(.debug_typenames)

.debug_varnames
 *(.debug_varnames)

.note.gnu.arm.ident
 *(.note.gnu.arm.ident)

.ARM.attributes
                0x00000000       0x28
 *(.ARM.attributes)
 .ARM.attributes
                0x00000000       0x1e c:/program files (x86)/cypress/psoc creator/3.1/psoc creator/import/gnu_cs/arm/4.8.4/bin/../lib/gcc/arm-none-eabi/4.8.4/armv6-m/crti.o
 .ARM.attributes
                0x0000001e       0x2c c:/program files (x86)/cypress/psoc creator/3.1/psoc creator/import/gnu_cs/arm/4.8.4/bin/../lib/gcc/arm-none-eabi/4.8.4/armv6-m/crtbegin.o
 .ARM.attributes
                0x0000004a       0x1b c:/program files (x86)/cypress/psoc creator/3.1/psoc creator/import/gnu_cs/arm/4.8.4/bin/../lib/gcc/arm-none-eabi/4.8.4/../../../../arm-none-eabi/lib/armv6-m/crt0.o
 .ARM.attributes
                0x00000065       0x31 .\CortexM0\ARM_GCC_484\Debug\main.o
 .ARM.attributes
                0x00000096       0x31 .\CortexM0\ARM_GCC_484\Debug\interrupts.o
 .ARM.attributes
                0x000000c7       0x31 .\CortexM0\ARM_GCC_484\Debug\Modbus.o
 .ARM.attributes
                0x000000f8       0x31 .\CortexM0\ARM_GCC_484\Debug\cymetadata.o
 .ARM.attributes
                0x00000129       0x31 .\CortexM0\ARM_GCC_484\Debug\Cm0Start.o
 .ARM.attributes
                0x0000015a       0x31 .\CortexM0\ARM_GCC_484\Debug\PSoC 4 Encoder Modbus Slave.a(cyfitter_cfg.o)
 .ARM.attributes
                0x0000018b       0x21 .\CortexM0\ARM_GCC_484\Debug\PSoC 4 Encoder Modbus Slave.a(CyBootAsmGnu.o)
 .ARM.attributes
                0x000001ac       0x31 .\CortexM0\ARM_GCC_484\Debug\PSoC 4 Encoder Modbus Slave.a(CyLib.o)
 .ARM.attributes
                0x000001dd       0x31 .\CortexM0\ARM_GCC_484\Debug\PSoC 4 Encoder Modbus Slave.a(MessageTimer.o)
 .ARM.attributes
                0x0000020e       0x31 .\CortexM0\ARM_GCC_484\Debug\PSoC 4 Encoder Modbus Slave.a(ModbusUART.o)
 .ARM.attributes
                0x0000023f       0x31 .\CortexM0\ARM_GCC_484\Debug\PSoC 4 Encoder Modbus Slave.a(ModbusUART_SPI_UART.o)
 .ARM.attributes
                0x00000270       0x31 .\CortexM0\ARM_GCC_484\Debug\PSoC 4 Encoder Modbus Slave.a(ModbusUART_UART.o)
 .ARM.attributes
                0x000002a1       0x31 .\CortexM0\ARM_GCC_484\Debug\PSoC 4 Encoder Modbus Slave.a(MessageReceived.o)
 .ARM.attributes
                0x000002d2       0x31 .\CortexM0\ARM_GCC_484\Debug\PSoC 4 Encoder Modbus Slave.a(EndOfMessage.o)
 .ARM.attributes
                0x00000303       0x31 .\CortexM0\ARM_GCC_484\Debug\PSoC 4 Encoder Modbus Slave.a(writeEnable.o)
 .ARM.attributes
                0x00000334       0x31 .\CortexM0\ARM_GCC_484\Debug\PSoC 4 Encoder Modbus Slave.a(ChannelA.o)
 .ARM.attributes
                0x00000365       0x31 .\CortexM0\ARM_GCC_484\Debug\PSoC 4 Encoder Modbus Slave.a(ChannelB.o)
 .ARM.attributes
                0x00000396       0x31 .\CortexM0\ARM_GCC_484\Debug\PSoC 4 Encoder Modbus Slave.a(EncoderInterrupt.o)
 .ARM.attributes
                0x000003c7       0x31 .\CortexM0\ARM_GCC_484\Debug\PSoC 4 Encoder Modbus Slave.a(EncoderInterruptPin.o)
 .ARM.attributes
                0x000003f8       0x31 .\CortexM0\ARM_GCC_484\Debug\PSoC 4 Encoder Modbus Slave.a(SpeedTimer.o)
 .ARM.attributes
                0x00000429       0x31 .\CortexM0\ARM_GCC_484\Debug\PSoC 4 Encoder Modbus Slave.a(SpeedInterrupt.o)
 .ARM.attributes
                0x0000045a       0x31 .\CortexM0\ARM_GCC_484\Debug\PSoC 4 Encoder Modbus Slave.a(MotorPWM.o)
 .ARM.attributes
                0x0000048b       0x31 .\CortexM0\ARM_GCC_484\Debug\PSoC 4 Encoder Modbus Slave.a(Direction.o)
 .ARM.attributes
                0x000004bc       0x31 .\CortexM0\ARM_GCC_484\Debug\PSoC 4 Encoder Modbus Slave.a(MotorCurrentADC.o)
 .ARM.attributes
                0x000004ed       0x31 .\CortexM0\ARM_GCC_484\Debug\PSoC 4 Encoder Modbus Slave.a(MotorCurrentADC_INT.o)
 .ARM.attributes
                0x0000051e       0x1e c:/program files (x86)/cypress/psoc creator/3.1/psoc creator/import/gnu_cs/arm/4.8.4/bin/../lib/gcc/arm-none-eabi/4.8.4/armv6-m\libgcc.a(_udivsi3.o)
 .ARM.attributes
                0x0000053c       0x1e c:/program files (x86)/cypress/psoc creator/3.1/psoc creator/import/gnu_cs/arm/4.8.4/bin/../lib/gcc/arm-none-eabi/4.8.4/armv6-m\libgcc.a(_divsi3.o)
 .ARM.attributes
                0x0000055a       0x1e c:/program files (x86)/cypress/psoc creator/3.1/psoc creator/import/gnu_cs/arm/4.8.4/bin/../lib/gcc/arm-none-eabi/4.8.4/armv6-m\libgcc.a(_dvmd_tls.o)
 .ARM.attributes
                0x00000578       0x1e c:/program files (x86)/cypress/psoc creator/3.1/psoc creator/import/gnu_cs/arm/4.8.4/bin/../lib/gcc/arm-none-eabi/4.8.4/armv6-m\libgcc.a(_aeabi_ldivmod.o)
 .ARM.attributes
                0x00000596       0x2c c:/program files (x86)/cypress/psoc creator/3.1/psoc creator/import/gnu_cs/arm/4.8.4/bin/../lib/gcc/arm-none-eabi/4.8.4/armv6-m\libgcc.a(_muldi3.o)
 .ARM.attributes
                0x000005c2       0x2c c:/program files (x86)/cypress/psoc creator/3.1/psoc creator/import/gnu_cs/arm/4.8.4/bin/../lib/gcc/arm-none-eabi/4.8.4/armv6-m\libgcc.a(bpabi.o)
 .ARM.attributes
                0x000005ee       0x2c c:/program files (x86)/cypress/psoc creator/3.1/psoc creator/import/gnu_cs/arm/4.8.4/bin/../lib/gcc/arm-none-eabi/4.8.4/armv6-m\libgcc.a(addsf3.o)
 .ARM.attributes
                0x0000061a       0x2c c:/program files (x86)/cypress/psoc creator/3.1/psoc creator/import/gnu_cs/arm/4.8.4/bin/../lib/gcc/arm-none-eabi/4.8.4/armv6-m\libgcc.a(divsf3.o)
 .ARM.attributes
                0x00000646       0x2c c:/program files (x86)/cypress/psoc creator/3.1/psoc creator/import/gnu_cs/arm/4.8.4/bin/../lib/gcc/arm-none-eabi/4.8.4/armv6-m\libgcc.a(mulsf3.o)
 .ARM.attributes
                0x00000672       0x2c c:/program files (x86)/cypress/psoc creator/3.1/psoc creator/import/gnu_cs/arm/4.8.4/bin/../lib/gcc/arm-none-eabi/4.8.4/armv6-m\libgcc.a(subsf3.o)
 .ARM.attributes
                0x0000069e       0x2c c:/program files (x86)/cypress/psoc creator/3.1/psoc creator/import/gnu_cs/arm/4.8.4/bin/../lib/gcc/arm-none-eabi/4.8.4/armv6-m\libgcc.a(fixsfsi.o)
 .ARM.attributes
                0x000006ca       0x2c c:/program files (x86)/cypress/psoc creator/3.1/psoc creator/import/gnu_cs/arm/4.8.4/bin/../lib/gcc/arm-none-eabi/4.8.4/armv6-m\libgcc.a(floatsisf.o)
 .ARM.attributes
                0x000006f6       0x2c c:/program files (x86)/cypress/psoc creator/3.1/psoc creator/import/gnu_cs/arm/4.8.4/bin/../lib/gcc/arm-none-eabi/4.8.4/armv6-m\libgcc.a(floatunsisf.o)
 .ARM.attributes
                0x00000722       0x2c c:/program files (x86)/cypress/psoc creator/3.1/psoc creator/import/gnu_cs/arm/4.8.4/bin/../lib/gcc/arm-none-eabi/4.8.4/armv6-m\libgcc.a(divdf3.o)
 .ARM.attributes
                0x0000074e       0x2c c:/program files (x86)/cypress/psoc creator/3.1/psoc creator/import/gnu_cs/arm/4.8.4/bin/../lib/gcc/arm-none-eabi/4.8.4/armv6-m\libgcc.a(muldf3.o)
 .ARM.attributes
                0x0000077a       0x2c c:/program files (x86)/cypress/psoc creator/3.1/psoc creator/import/gnu_cs/arm/4.8.4/bin/../lib/gcc/arm-none-eabi/4.8.4/armv6-m\libgcc.a(floatsidf.o)
 .ARM.attributes
                0x000007a6       0x2c c:/program files (x86)/cypress/psoc creator/3.1/psoc creator/import/gnu_cs/arm/4.8.4/bin/../lib/gcc/arm-none-eabi/4.8.4/armv6-m\libgcc.a(extendsfdf2.o)
 .ARM.attributes
                0x000007d2       0x2c c:/program files (x86)/cypress/psoc creator/3.1/psoc creator/import/gnu_cs/arm/4.8.4/bin/../lib/gcc/arm-none-eabi/4.8.4/armv6-m\libgcc.a(truncdfsf2.o)
 .ARM.attributes
                0x000007fe       0x1e c:/program files (x86)/cypress/psoc creator/3.1/psoc creator/import/gnu_cs/arm/4.8.4/bin/../lib/gcc/arm-none-eabi/4.8.4/armv6-m\libgcc.a(_clzsi2.o)
 .ARM.attributes
                0x0000081c       0x2c c:/program files (x86)/cypress/psoc creator/3.1/psoc creator/import/gnu_cs/arm/4.8.4/bin/../lib/gcc/arm-none-eabi/4.8.4/armv6-m\libgcc.a(_divdi3.o)
 .ARM.attributes
                0x00000848       0x2c c:/program files (x86)/cypress/psoc creator/3.1/psoc creator/import/gnu_cs/arm/4.8.4/bin/../lib/gcc/arm-none-eabi/4.8.4/armv6-m\libgcc.a(_udivdi3.o)
 .ARM.attributes
                0x00000874       0x2c c:/program files (x86)/cypress/psoc creator/3.1/psoc creator/import/gnu_cs/arm/4.8.4/bin/../lib/gcc/arm-none-eabi/4.8.4/../../../../arm-none-eabi/lib/armv6-m\libg_s.a(lib_a-errno.o)
 .ARM.attributes
                0x000008a0       0x2c c:/program files (x86)/cypress/psoc creator/3.1/psoc creator/import/gnu_cs/arm/4.8.4/bin/../lib/gcc/arm-none-eabi/4.8.4/../../../../arm-none-eabi/lib/armv6-m\libg_s.a(lib_a-exit.o)
 .ARM.attributes
                0x000008cc       0x2c c:/program files (x86)/cypress/psoc creator/3.1/psoc creator/import/gnu_cs/arm/4.8.4/bin/../lib/gcc/arm-none-eabi/4.8.4/../../../../arm-none-eabi/lib/armv6-m\libg_s.a(lib_a-impure.o)
 .ARM.attributes
                0x000008f8       0x2c c:/program files (x86)/cypress/psoc creator/3.1/psoc creator/import/gnu_cs/arm/4.8.4/bin/../lib/gcc/arm-none-eabi/4.8.4/../../../../arm-none-eabi/lib/armv6-m\libg_s.a(lib_a-init.o)
 .ARM.attributes
                0x00000924       0x2c c:/program files (x86)/cypress/psoc creator/3.1/psoc creator/import/gnu_cs/arm/4.8.4/bin/../lib/gcc/arm-none-eabi/4.8.4/../../../../arm-none-eabi/lib/armv6-m\libg_s.a(lib_a-memcpy-stub.o)
 .ARM.attributes
                0x00000950       0x2c c:/program files (x86)/cypress/psoc creator/3.1/psoc creator/import/gnu_cs/arm/4.8.4/bin/../lib/gcc/arm-none-eabi/4.8.4/../../../../arm-none-eabi/lib/armv6-m\libg_s.a(lib_a-memset.o)
 .ARM.attributes
                0x0000097c       0x2c c:/program files (x86)/cypress/psoc creator/3.1/psoc creator/import/gnu_cs/arm/4.8.4/bin/../lib/gcc/arm-none-eabi/4.8.4/armv6-m/crtend.o
 .ARM.attributes
                0x000009a8       0x1e c:/program files (x86)/cypress/psoc creator/3.1/psoc creator/import/gnu_cs/arm/4.8.4/bin/../lib/gcc/arm-none-eabi/4.8.4/armv6-m/crtn.o

/DISCARD/
 *(.note.GNU-stack)
OUTPUT(.\CortexM0\ARM_GCC_484\Debug\PSoC 4 Encoder Modbus Slave.elf elf32-littlearm)
